Archive member included to satisfy reference by file (symbol)

G:/projects/embedded-development/gcc/bin/../x86_64-w64-mingw32/lib/gcc/x86_64-w64-mingw32/16.1.0/../../../../../x86_64-w64-mingw32/lib//../../x86_64-w64-mingw32/lib/libmingw32.a(lib64_libmingw32_a-gccmain.o)
                              G:/projects/embedded-development/gcc/bin/../x86_64-w64-mingw32/lib/gcc/x86_64-w64-mingw32/16.1.0/../../../../../x86_64-w64-mingw32/lib//../../x86_64-w64-mingw32/lib/crt2.o (__main)
G:/projects/embedded-development/gcc/bin/../x86_64-w64-mingw32/lib/gcc/x86_64-w64-mingw32/16.1.0/../../../../../x86_64-w64-mingw32/lib//../../x86_64-w64-mingw32/lib/libmingw32.a(lib64_libmingw32_a-natstart.o)
                              G:/projects/embedded-development/gcc/bin/../x86_64-w64-mingw32/lib/gcc/x86_64-w64-mingw32/16.1.0/../../../../../x86_64-w64-mingw32/lib//../../x86_64-w64-mingw32/lib/crt2.o (__native_startup_lock)
G:/projects/embedded-development/gcc/bin/../x86_64-w64-mingw32/lib/gcc/x86_64-w64-mingw32/16.1.0/../../../../../x86_64-w64-mingw32/lib//../../x86_64-w64-mingw32/lib/libmingw32.a(lib64_libmingw32_a-wildcard.o)
                              G:/projects/embedded-development/gcc/bin/../x86_64-w64-mingw32/lib/gcc/x86_64-w64-mingw32/16.1.0/../../../../../x86_64-w64-mingw32/lib//../../x86_64-w64-mingw32/lib/crt2.o (_dowildcard)
G:/projects/embedded-development/gcc/bin/../x86_64-w64-mingw32/lib/gcc/x86_64-w64-mingw32/16.1.0/../../../../../x86_64-w64-mingw32/lib//../../x86_64-w64-mingw32/lib/libmingw32.a(lib64_libmingw32_a-dllargv.o)
                              G:/projects/embedded-development/gcc/bin/../x86_64-w64-mingw32/lib/gcc/x86_64-w64-mingw32/16.1.0/../../../../../x86_64-w64-mingw32/lib//../../x86_64-w64-mingw32/lib/crt2.o (_setargv)
G:/projects/embedded-development/gcc/bin/../x86_64-w64-mingw32/lib/gcc/x86_64-w64-mingw32/16.1.0/../../../../../x86_64-w64-mingw32/lib//../../x86_64-w64-mingw32/lib/libmingw32.a(lib64_libmingw32_a-_newmode.o)
                              G:/projects/embedded-development/gcc/bin/../x86_64-w64-mingw32/lib/gcc/x86_64-w64-mingw32/16.1.0/../../../../../x86_64-w64-mingw32/lib//../../x86_64-w64-mingw32/lib/crt2.o (_newmode)
G:/projects/embedded-development/gcc/bin/../x86_64-w64-mingw32/lib/gcc/x86_64-w64-mingw32/16.1.0/../../../../../x86_64-w64-mingw32/lib//../../x86_64-w64-mingw32/lib/libmingw32.a(lib64_libmingw32_a-tlssup.o)
                              G:/projects/embedded-development/gcc/bin/../x86_64-w64-mingw32/lib/gcc/x86_64-w64-mingw32/16.1.0/../../../../../x86_64-w64-mingw32/lib//../../x86_64-w64-mingw32/lib/crt2.o (__mingw_initltssuo_force)
G:/projects/embedded-development/gcc/bin/../x86_64-w64-mingw32/lib/gcc/x86_64-w64-mingw32/16.1.0/../../../../../x86_64-w64-mingw32/lib//../../x86_64-w64-mingw32/lib/libmingw32.a(lib64_libmingw32_a-xncommod.o)
                              G:/projects/embedded-development/gcc/bin/../x86_64-w64-mingw32/lib/gcc/x86_64-w64-mingw32/16.1.0/../../../../../x86_64-w64-mingw32/lib//../../x86_64-w64-mingw32/lib/crt2.o (_commode)
G:/projects/embedded-development/gcc/bin/../x86_64-w64-mingw32/lib/gcc/x86_64-w64-mingw32/16.1.0/../../../../../x86_64-w64-mingw32/lib//../../x86_64-w64-mingw32/lib/libmingw32.a(lib64_libmingw32_a-cinitexe.o)
                              G:/projects/embedded-development/gcc/bin/../x86_64-w64-mingw32/lib/gcc/x86_64-w64-mingw32/16.1.0/../../../../../x86_64-w64-mingw32/lib//../../x86_64-w64-mingw32/lib/crt2.o (__xc_z)
G:/projects/embedded-development/gcc/bin/../x86_64-w64-mingw32/lib/gcc/x86_64-w64-mingw32/16.1.0/../../../../../x86_64-w64-mingw32/lib//../../x86_64-w64-mingw32/lib/libmingw32.a(lib64_libmingw32_a-merr.o)
                              G:/projects/embedded-development/gcc/bin/../x86_64-w64-mingw32/lib/gcc/x86_64-w64-mingw32/16.1.0/../../../../../x86_64-w64-mingw32/lib//../../x86_64-w64-mingw32/lib/crt2.o (_matherr)
G:/projects/embedded-development/gcc/bin/../x86_64-w64-mingw32/lib/gcc/x86_64-w64-mingw32/16.1.0/../../../../../x86_64-w64-mingw32/lib//../../x86_64-w64-mingw32/lib/libmingw32.a(lib64_libmingw32_a-xthdloc.o)
                              G:/projects/embedded-development/gcc/bin/../x86_64-w64-mingw32/lib/gcc/x86_64-w64-mingw32/16.1.0/../../../../../x86_64-w64-mingw32/lib//../../x86_64-w64-mingw32/lib/crt2.o (__globallocalestatus)
G:/projects/embedded-development/gcc/bin/../x86_64-w64-mingw32/lib/gcc/x86_64-w64-mingw32/16.1.0/../../../../../x86_64-w64-mingw32/lib//../../x86_64-w64-mingw32/lib/libmingw32.a(lib64_libmingw32_a-mingw_helpers.o)
                              G:/projects/embedded-development/gcc/bin/../x86_64-w64-mingw32/lib/gcc/x86_64-w64-mingw32/16.1.0/../../../../../x86_64-w64-mingw32/lib//../../x86_64-w64-mingw32/lib/crt2.o (__mingw_app_type)
G:/projects/embedded-development/gcc/bin/../x86_64-w64-mingw32/lib/gcc/x86_64-w64-mingw32/16.1.0/../../../../../x86_64-w64-mingw32/lib//../../x86_64-w64-mingw32/lib/libmingw32.a(lib64_libmingw32_a-pseudo-reloc.o)
[...]
Memory Configuration

Name             Origin             Length             Attributes
*default*        0x0000000000000000 0xffffffffffffffff

Linker script and memory map

                0x0000000140000000                __image_base__ = 0x140000000
                0x0000000000000000                __dll__ = 0x0
                0x0000000140000000                __ImageBase = 0x140000000
                0x0000000000001000                __section_alignment__ = 0x1000
                0x0000000000000200                __file_alignment__ = 0x200
                0x0000000000000004                __major_os_version__ = 0x4
                0x0000000000000000                __minor_os_version__ = 0x0
                0x0000000000000000                __major_image_version__ = 0x0
                0x0000000000000000                __minor_image_version__ = 0x0
                0x0000000000000005                __major_subsystem_version__ = 0x5
                0x0000000000000002                __minor_subsystem_version__ = 0x2
                0x0000000000000003                __subsystem__ = 0x3
                0x0000000000200000                __size_of_stack_reserve__ = 0x200000
                0x0000000000001000                __size_of_stack_commit__ = 0x1000
                0x0000000000100000                __size_of_heap_reserve__ = 0x100000
                0x0000000000001000                __size_of_heap_commit__ = 0x1000
                0x0000000000000000                __loader_flags__ = 0x0
                0x0000000000000160                __dll_characteristics__ = 0x160
LOAD G:/projects/embedded-development/gcc/bin/../x86_64-w64-mingw32/lib/gcc/x86_64-w64-mingw32/16.1.0/../../../../../x86_64-w64-mingw32/lib//../../x86_64-w64-mingw32/lib/crt2.o
LOAD G:/projects/embedded-development/gcc/bin/../x86_64-w64-mingw32/lib/gcc/x86_64-w64-mingw32/16.1.0/crtbegin.o
LOAD C:\Users\stsmn\AppData\Local\Temp\ccW1BklK.o
LOAD G:/projects/embedded-development/gcc/bin/../x86_64-w64-mingw32/lib/gcc/x86_64-w64-mingw32/16.1.0/libstdc++.dll.a
LOAD G:/projects/embedded-development/gcc/bin/../x86_64-w64-mingw32/lib/gcc/x86_64-w64-mingw32/16.1.0/../../../../../x86_64-w64-mingw32/lib//../../x86_64-w64-mingw32/lib/libmingw32.a
LOAD G:/projects/embedded-development/gcc/bin/../x86_64-w64-mingw32/lib/gcc/x86_64-w64-mingw32/16.1.0/libgcc.a
LOAD G:/projects/embedded-development/gcc/bin/../x86_64-w64-mingw32/lib/gcc/x86_64-w64-mingw32/16.1.0/../../../../../x86_64-w64-mingw32/lib//../../x86_64-w64-mingw32/lib/libmingwex.a
LOAD G:/projects/embedded-development/gcc/bin/../x86_64-w64-mingw32/lib/gcc/x86_64-w64-mingw32/16.1.0/../../../../../x86_64-w64-mingw32/lib//../../x86_64-w64-mingw32/lib/libmsvcrt.a
LOAD G:/projects/embedded-development/gcc/bin/../x86_64-w64-mingw32/lib/gcc/x86_64-w64-mingw32/16.1.0/../../../../../x86_64-w64-mingw32/lib//../../x86_64-w64-mingw32/lib/libkernel32.a
LOAD G:/projects/embedded-development/gcc/bin/../x86_64-w64-mingw32/lib/gcc/x86_64-w64-mingw32/16.1.0/../../../../../x86_64-w64-mingw32/lib//../../x86_64-w64-mingw32/lib/libpthread.a
LOAD G:/projects/embedded-development/gcc/bin/../x86_64-w64-mingw32/lib/gcc/x86_64-w64-mingw32/16.1.0/../../../../../x86_64-w64-mingw32/lib//../../x86_64-w64-mingw32/lib/libadvapi32.a
LOAD G:/projects/embedded-development/gcc/bin/../x86_64-w64-mingw32/lib/gcc/x86_64-w64-mingw32/16.1.0/../../../../../x86_64-w64-mingw32/lib//../../x86_64-w64-mingw32/lib/libshell32.a
LOAD G:/projects/embedded-development/gcc/bin/../x86_64-w64-mingw32/lib/gcc/x86_64-w64-mingw32/16.1.0/../../../../../x86_64-w64-mingw32/lib//../../x86_64-w64-mingw32/lib/libuser32.a
LOAD G:/projects/embedded-development/gcc/bin/../x86_64-w64-mingw32/lib/gcc/x86_64-w64-mingw32/16.1.0/../../../../../x86_64-w64-mingw32/lib//../../x86_64-w64-mingw32/lib/libkernel32.a
LOAD G:/projects/embedded-development/gcc/bin/../x86_64-w64-mingw32/lib/gcc/x86_64-w64-mingw32/16.1.0/../../../../../x86_64-w64-mingw32/lib//../../x86_64-w64-mingw32/lib/libmingw32.a
LOAD G:/projects/embedded-development/gcc/bin/../x86_64-w64-mingw32/lib/gcc/x86_64-w64-mingw32/16.1.0/libgcc.a
LOAD G:/projects/embedded-development/gcc/bin/../x86_64-w64-mingw32/lib/gcc/x86_64-w64-mingw32/16.1.0/../../../../../x86_64-w64-mingw32/lib//../../x86_64-w64-mingw32/lib/libmingwex.a
LOAD G:/projects/embedded-development/gcc/bin/../x86_64-w64-mingw32/lib/gcc/x86_64-w64-mingw32/16.1.0/../../../../../x86_64-w64-mingw32/lib//../../x86_64-w64-mingw32/lib/libmsvcrt.a
LOAD G:/projects/embedded-development/gcc/bin/../x86_64-w64-mingw32/lib/gcc/x86_64-w64-mingw32/16.1.0/../../../../../x86_64-w64-mingw32/lib//../../x86_64-w64-mingw32/lib/libkernel32.a
LOAD G:/projects/embedded-development/gcc/bin/../x86_64-w64-mingw32/lib/gcc/x86_64-w64-mingw32/16.1.0/crtend.o
                0x0000000000000408                . = SIZEOF_HEADERS
                0x0000000000001000                . = ALIGN (__section_alignment__)

.text           0x0000000140001000     0x7800
 *(SORT_NONE(.init))
 *(.text)
 .text          0x0000000140001000      0x470 G:/projects/embedded-development/gcc/bin/../x86_64-w64-mingw32/lib/gcc/x86_64-w64-mingw32/16.1.0/../../../../../x86_64-w64-mingw32/lib//../../x86_64-w64-mingw32/lib/crt2.o
                0x0000000140001420                WinMainCRTStartup
                0x0000000140001440                mainCRTStartup
                0x0000000140001460                atexit
 .text          0x0000000140001470       0x20 G:/projects/embedded-development/gcc/bin/../x86_64-w64-mingw32/lib/gcc/x86_64-w64-mingw32/16.1.0/crtbegin.o
                0x0000000140001470                __gcc_register_frame
                0x0000000140001480                __gcc_deregister_frame
 .text          0x0000000140001490       0xe0 C:\Users\stsmn\AppData\Local\Temp\ccW1BklK.o
                0x0000000140001490                main
                0x00000001400014f3                static_local_int32()
                0x000000014000152e                local_int32()
 .text          0x0000000140001570       0xf0 G:/projects/embedded-development/gcc/bin/../x86_64-w64-mingw32/lib/gcc/x86_64-w64-mingw32/16.1.0/../../../../../x86_64-w64-mingw32/lib//../../x86_64-w64-mingw32/lib/libmingw32.a(lib64_libmingw32_a-gccmain.o)
                0x0000000140001570                __do_global_dtors
                0x00000001400015c0                __do_global_ctors
                0x0000000140001640                __main
 .text          0x0000000140001660        0x0 G:/projects/embedded-development/gcc/bin/../x86_64-w64-mingw32/lib/gcc/x86_64-w64-mingw32/16.1.0/../../../../../x86_64-w64-mingw32/lib//../../x86_64-w64-mingw32/lib/libmingw32.a(lib64_libmingw32_a-natstart.o)
 .text          0x0000000140001660        0x0 G:/projects/embedded-development/gcc/bin/../x86_64-w64-mingw32/lib/gcc/x86_64-w64-mingw32/16.1.0/../../../../../x86_64-w64-mingw32/lib//../../x86_64-w64-mingw32/lib/libmingw32.a(lib64_libmingw32_a-wildcard.o)
 .text          0x0000000140001660       0x10 G:/projects/embedded-development/gcc/bin/../x86_64-w64-mingw32/lib/gcc/x86_64-w64-mingw32/16.1.0/../../../../../x86_64-w64-mingw32/lib//../../x86_64-w64-mingw32/lib/libmingw32.a(lib64_libmingw32_a-dllargv.o)
                0x0000000140001660                _setargv
 .text          0x0000000140001670        0x0 G:/projects/embedded-development/gcc/bin/../x86_64-w64-mingw32/lib/gcc/x86_64-w64-mingw32/16.1.0/../../../../../x86_64-w64-mingw32/lib//../../x86_64-w64-mingw32/lib/libmingw32.a(lib64_libmingw32_a-_newmode.o)
 .text          0x0000000140001670       0xb0 G:/projects/embedded-development/gcc/bin/../x86_64-w64-mingw32/lib/gcc/x86_64-w64-mingw32/16.1.0/../../../../../x86_64-w64-mingw32/lib//../../x86_64-w64-mingw32/lib/libmingw32.a(lib64_libmingw32_a-tlssup.o)
                0x0000000140001670                __dyn_tls_dtor
                0x0000000140001690                __dyn_tls_init
                0x0000000140001710                __tlregdtor
 .text          0x0000000140001720        0x0 G:/projects/embedded-development/gcc/bin/../x86_64-w64-mingw32/lib/gcc/x86_64-w64-mingw32/16.1.0/../../../../../x86_64-w64-mingw32/lib//../../x86_64-w64-mingw32/lib/libmingw32.a(lib64_libmingw32_a-xncommod.o)
 .text          0x0000000140001720        0x0 G:/projects/embedded-development/gcc/bin/../x86_64-w64-mingw32/lib/gcc/x86_64-w64-mingw32/16.1.0/../../../../../x86_64-w64-mingw32/lib//../../x86_64-w64-mingw32/lib/libmingw32.a(lib64_libmingw32_a-cinitexe.o)
 .text          0x0000000140001720      0x100 G:/projects/embedded-development/gcc/bin/../x86_64-w64-mingw32/lib/gcc/x86_64-w64-mingw32/16.1.0/../../../../../x86_64-w64-mingw32/lib//../../x86_64-w64-mingw32/lib/libmingw32.a(lib64_libmingw32_a-merr.o)
                0x0000000140001720                _matherr
 .text          0x0000000140001820        0x0 G:/projects/embedded-development/gcc/bin/../x86_64-w64-mingw32/lib/gcc/x86_64-w64-mingw32/16.1.0/../../../../../x86_64-w64-mingw32/lib//../../x86_64-w64-mingw32/lib/libmingw32.a(lib64_libmingw32_a-xthdloc.o)
 .text          0x0000000140001820        0x0 G:/projects/embedded-development/gcc/bin/../x86_64-w64-mingw32/lib/gcc/x86_64-w64-mingw32/16.1.0/../../../../../x86_64-w64-mingw32/lib//../../x86_64-w64-mingw32/lib/libmingw32.a(lib64_libmingw32_a-mingw_helpers.o)
 .text          0x0000000140001820      0x570 G:/projects/embedded-development/gcc/bin/../x86_64-w64-mingw32/lib/gcc/x86_64-w64-mingw32/16.1.0/../../../../../x86_64-w64-mingw32/lib//../../x86_64-w64-mingw32/lib/libmingw32.a(lib64_libmingw32_a-pseudo-reloc.o)
                0x00000001400019f0                _pei386_runtime_relocator
 .text          0x0000000140001d90       0x50 G:/projects/embedded-development/gcc/bin/../x86_64-w64-mingw32/lib/gcc/x86_64-w64-mingw32/16.1.0/../../../../../x86_64-w64-mingw32/lib//../../x86_64-w64-mingw32/lib/libmingw32.a(lib64_libmingw32_a-usermatherr.o)
                0x0000000140001d90                __mingw_raise_matherr
                0x0000000140001dd0                __mingw_setusermatherr
 .text          0x0000000140001de0        0x0 G:/projects/embedded-development/gcc/bin/../x86_64-w64-mingw32/lib/gcc/x86_64-w64-mingw32/16.1.0/../../../../../x86_64-w64-mingw32/lib//../../x86_64-w64-mingw32/lib/libmingw32.a(lib64_libmingw32_a-xtxtmode.o)
 .text          0x0000000140001de0      0x340 G:/projects/embedded-development/gcc/bin/../x86_64-w64-mingw32/lib/gcc/x86_64-w64-mingw32/16.1.0/../../../../../x86_64-w64-mingw32/lib//../../x86_64-w64-mingw32/lib/libmingw32.a(lib64_libmingw32_a-crt_handler.o)
                0x0000000140001de0                __mingw_SEH_error_handler
                0x0000000140001f80                _gnu_exception_handler
 .text          0x0000000140002120      0x2c0 G:/projects/embedded-development/gcc/bin/../x86_64-w64-mingw32/lib/gcc/x86_64-w64-mingw32/16.1.0/../../../../../x86_64-w64-mingw32/lib//../../x86_64-w64-mingw32/lib/libmingw32.a(lib64_libmingw32_a-tlsthrd.o)
                0x0000000140002190                ___w64_mingwthr_add_key_dtor
                0x0000000140002230                ___w64_mingwthr_remove_key_dtor
                0x00000001400022d0                __mingw_TLScallback
 .text          0x00000001400023e0        0x0 G:/projects/embedded-development/gcc/bin/../x86_64-w64-mingw32/lib/gcc/x86_64-w64-mingw32/16.1.0/../../../../../x86_64-w64-mingw32/lib//../../x86_64-w64-mingw32/lib/libmingw32.a(lib64_libmingw32_a-tlsmcrt.o)
 .text          0x00000001400023e0       0x10 G:/projects/embedded-development/gcc/bin/../x86_64-w64-mingw32/lib/gcc/x86_64-w64-mingw32/16.1.0/../../../../../x86_64-w64-mingw32/lib//../../x86_64-w64-mingw32/lib/libmingw32.a(lib64_libmingw32_a-CRT_fp10.o)
                0x00000001400023e0                fpreset
                0x00000001400023e0                _fpreset
 .text          0x00000001400023f0        0x0 G:/projects/embedded-development/gcc/bin/../x86_64-w64-mingw32/lib/gcc/x86_64-w64-mingw32/16.1.0/../../../../../x86_64-w64-mingw32/lib//../../x86_64-w64-mingw32/lib/libmingw32.a(lib64_libmingw32_a-pseudo-reloc-list.o)
 .text          0x00000001400023f0      0x3c0 G:/projects/embedded-development/gcc/bin/../x86_64-w64-mingw32/lib/gcc/x86_64-w64-mingw32/16.1.0/../../../../../x86_64-w64-mingw32/lib//../../x86_64-w64-mingw32/lib/libmingw32.a(lib64_libmingw32_a-pesect.o)
                0x00000001400023f0                _ValidateImageBase
                0x0000000140002420                _FindPESection
                0x0000000140002470                _FindPESectionByName
                0x0000000140002510                __mingw_GetSectionForAddress
                0x0000000140002590                __mingw_GetSectionCount
                0x00000001400025c0                _FindPESectionExec
                0x0000000140002630                _GetPEImageBase
                0x0000000140002660                _IsNonwritableInCurrentImage
                0x00000001400026f0                __mingw_enum_import_library_names
 .text          0x00000001400027b0       0x40 G:/projects/embedded-development/gcc/bin/../x86_64-w64-mingw32/lib/gcc/x86_64-w64-mingw32/16.1.0/libgcc.a(_chkstk_ms.o)
                0x00000001400027b0                ___chkstk_ms
 .text          0x00000001400027f0        0x0 G:/projects/embedded-development/gcc/bin/../x86_64-w64-mingw32/lib/gcc/x86_64-w64-mingw32/16.1.0/libgcc.a(_ctors.o)
 .text          0x00000001400027f0        0x0 G:/projects/embedded-development/gcc/bin/../x86_64-w64-mingw32/lib/gcc/x86_64-w64-mingw32/16.1.0/../../../../../x86_64-w64-mingw32/lib//../../x86_64-w64-mingw32/lib/libmingwex.a(lib64_libmingwex_a-mingw_matherr.o)
 .text          0x00000001400027f0       0x80 G:/projects/embedded-development/gcc/bin/../x86_64-w64-mingw32/lib/gcc/x86_64-w64-mingw32/16.1.0/../../../../../x86_64-w64-mingw32/lib//../../x86_64-w64-mingw32/lib/libmingwex.a(lib64_libmingwex_a-mingw_printf.o)
                0x00000001400027f0                __mingw_printf
 *fill*         0x0000000140002870       0x10 
 .text          0x0000000140002880     0x2c00 G:/projects/embedded-development/gcc/bin/../x86_64-w64-mingw32/lib/gcc/x86_64-w64-mingw32/16.1.0/../../../../../x86_64-w64-mingw32/lib//../../x86_64-w64-mingw32/lib/libmingwex.a(lib64_libmingwex_a-mingw_pformat.o)
                0x0000000140004930                __mingw_pformat
 .text          0x0000000140005480      0x2c0 G:/projects/embedded-development/gcc/bin/../x86_64-w64-mingw32/lib/gcc/x86_64-w64-mingw32/16.1.0/../../../../../x86_64-w64-mingw32/lib//../../x86_64-w64-mingw32/lib/libmingwex.a(lib64_libmingwex_a-dmisc.o)
                0x0000000140005480                __rv_alloc_D2A
                0x00000001400054c0                __nrv_alloc_D2A
                0x0000000140005560                __freedtoa
                0x0000000140005580                __quorem_D2A
 .text          0x0000000140005740     0x1c00 G:/projects/embedded-development/gcc/bin/../x86_64-w64-mingw32/lib/gcc/x86_64-w64-mingw32/16.1.0/../../../../../x86_64-w64-mingw32/lib//../../x86_64-w64-mingw32/lib/libmingwex.a(lib64_libmingwex_a-gdtoa.o)
                0x0000000140005740                __gdtoa
 .text          0x0000000140007340      0x180 G:/projects/embedded-development/gcc/bin/../x86_64-w64-mingw32/lib/gcc/x86_64-w64-mingw32/16.1.0/../../../../../x86_64-w64-mingw32/lib//../../x86_64-w64-mingw32/lib/libmingwex.a(lib64_libmingwex_a-gmisc.o)
                0x0000000140007340                __rshift_D2A
                0x0000000140007460                __trailz_D2A
 .text          0x00000001400074c0      0xe80 G:/projects/embedded-development/gcc/bin/../x86_64-w64-mingw32/lib/gcc/x86_64-w64-mingw32/16.1.0/../../../../../x86_64-w64-mingw32/lib//../../x86_64-w64-mingw32/lib/libmingwex.a(lib64_libmingwex_a-misc.o)
                0x0000000140007610                __Balloc_D2A
                0x0000000140007710                __Bfree_D2A
                0x0000000140007780                __multadd_D2A
                0x0000000140007870                __i2b_D2A
                0x0000000140007930                __mult_D2A
                0x0000000140007b00                __pow5mult_D2A
                0x0000000140007c80                __lshift_D2A
                0x0000000140007dc0                __cmp_D2A
                0x0000000140007e20                __diff_D2A
                0x0000000140008010                __b2d_D2A
                0x0000000140008120                __d2b_D2A
                0x00000001400082f0                __strcp_D2A
 .text          0x0000000140008340       0x40 G:/projects/embedded-development/gcc/bin/../x86_64-w64-mingw32/lib/gcc/x86_64-w64-mingw32/16.1.0/../../../../../x86_64-w64-mingw32/lib//../../x86_64-w64-mingw32/lib/libmsvcrt.a(lib64_libucrt_extra_a-ucrt_vfprintf.o)
                0x0000000140008340                vfprintf
 .text          0x0000000140008380       0x50 G:/projects/embedded-development/gcc/bin/../x86_64-w64-mingw32/lib/gcc/x86_64-w64-mingw32/16.1.0/../../../../../x86_64-w64-mingw32/lib//../../x86_64-w64-mingw32/lib/libmsvcrt.a(lib64_libucrt_extra_a-ucrt_fprintf.o)
                0x0000000140008380                fprintf
 .text          0x00000001400083d0       0x10 G:/projects/embedded-development/gcc/bin/../x86_64-w64-mingw32/lib/gcc/x86_64-w64-mingw32/16.1.0/../../../../../x86_64-w64-mingw32/lib//../../x86_64-w64-mingw32/lib/libmsvcrt.a(lib64_libucrt_extra_a-ucrt___local_stdio_printf_options.o)
                0x00000001400083d0                __local_stdio_printf_options
 .text          0x00000001400083e0       0x10 G:/projects/embedded-development/gcc/bin/../x86_64-w64-mingw32/lib/gcc/x86_64-w64-mingw32/16.1.0/../../../../../x86_64-w64-mingw32/lib//../../x86_64-w64-mingw32/lib/libmsvcrt.a(lib64_libucrt_extra_a-__p___initenv.o)
                0x00000001400083e0                __p___initenv
 .text          0x00000001400083f0       0x30 G:/projects/embedded-development/gcc/bin/../x86_64-w64-mingw32/lib/gcc/x86_64-w64-mingw32/16.1.0/../../../../../x86_64-w64-mingw32/lib//../../x86_64-w64-mingw32/lib/libmsvcrt.a(lib64_libucrt_extra_a-ucrt_amsg_exit.o)
                0x00000001400083f0                _amsg_exit
 .text          0x0000000140008420       0x60 G:/projects/embedded-development/gcc/bin/../x86_64-w64-mingw32/lib/gcc/x86_64-w64-mingw32/16.1.0/../../../../../x86_64-w64-mingw32/lib//../../x86_64-w64-mingw32/lib/libmsvcrt.a(lib64_libucrt_extra_a-ucrt__getmainargs.o)
                0x0000000140008420                __getmainargs
 .text          0x0000000140008480        0x8 G:/projects/embedded-development/gcc/bin/../x86_64-w64-mingw32/lib/gcc/x86_64-w64-mingw32/16.1.0/../../../../../x86_64-w64-mingw32/lib//../../x86_64-w64-mingw32/lib/libmsvcrt.a(libapi-ms-win-crt-string-l1-1-0s00129.o)
                0x0000000140008480                strlen
 .text          0x0000000140008488        0x8 G:/projects/embedded-development/gcc/bin/../x86_64-w64-mingw32/lib/gcc/x86_64-w64-mingw32/16.1.0/../../../../../x86_64-w64-mingw32/lib//../../x86_64-w64-mingw32/lib/libmsvcrt.a(libapi-ms-win-crt-string-l1-1-0s00132.o)
                0x0000000140008488                strncmp
 .text          0x0000000140008490        0x8 G:/projects/embedded-development/gcc/bin/../x86_64-w64-mingw32/lib/gcc/x86_64-w64-mingw32/16.1.0/../../../../../x86_64-w64-mingw32/lib//../../x86_64-w64-mingw32/lib/libmsvcrt.a(libapi-ms-win-crt-string-l1-1-0s00135.o)
                0x0000000140008490                strnlen
 .text          0x0000000140008498        0x8 G:/projects/embedded-development/gcc/bin/../x86_64-w64-mingw32/lib/gcc/x86_64-w64-mingw32/16.1.0/../../../../../x86_64-w64-mingw32/lib//../../x86_64-w64-mingw32/lib/libmsvcrt.a(libapi-ms-win-crt-string-l1-1-0s00152.o)
                0x0000000140008498                wcslen
 .text          0x00000001400084a0        0x8 G:/projects/embedded-development/gcc/bin/../x86_64-w64-mingw32/lib/gcc/x86_64-w64-mingw32/16.1.0/../../../../../x86_64-w64-mingw32/lib//../../x86_64-w64-mingw32/lib/libmsvcrt.a(libapi-ms-win-crt-string-l1-1-0s00158.o)
                0x00000001400084a0                wcsnlen
 *fill*         0x00000001400084a8        0x8 
 .text          0x00000001400084b0        0x0 G:/projects/embedded-development/gcc/bin/../x86_64-w64-mingw32/lib/gcc/x86_64-w64-mingw32/16.1.0/../../../../../x86_64-w64-mingw32/lib//../../x86_64-w64-mingw32/lib/libmsvcrt.a(libapi-ms-win-crt-string-l1-1-0h.o)
 .text          0x00000001400084b0        0x0 G:/projects/embedded-development/gcc/bin/../x86_64-w64-mingw32/lib/gcc/x86_64-w64-mingw32/16.1.0/../../../../../x86_64-w64-mingw32/lib//../../x86_64-w64-mingw32/lib/libmsvcrt.a(libapi-ms-win-crt-string-l1-1-0t.o)
 .text          0x00000001400084b0        0x8 G:/projects/embedded-development/gcc/bin/../x86_64-w64-mingw32/lib/gcc/x86_64-w64-mingw32/16.1.0/../../../../../x86_64-w64-mingw32/lib//../../x86_64-w64-mingw32/lib/libmsvcrt.a(libapi-ms-win-crt-stdio-l1-1-0s00000.o)
                0x00000001400084b0                __acrt_iob_func
 .text          0x00000001400084b8        0x8 G:/projects/embedded-development/gcc/bin/../x86_64-w64-mingw32/lib/gcc/x86_64-w64-mingw32/16.1.0/../../../../../x86_64-w64-mingw32/lib//../../x86_64-w64-mingw32/lib/libmsvcrt.a(libapi-ms-win-crt-stdio-l1-1-0s00001.o)
                0x00000001400084b8                __p__commode
 .text          0x00000001400084c0        0x8 G:/projects/embedded-development/gcc/bin/../x86_64-w64-mingw32/lib/gcc/x86_64-w64-mingw32/16.1.0/../../../../../x86_64-w64-mingw32/lib//../../x86_64-w64-mingw32/lib/libmsvcrt.a(libapi-ms-win-crt-stdio-l1-1-0s00002.o)
                0x00000001400084c0                __p__fmode
 .text          0x00000001400084c8        0x8 G:/projects/embedded-development/gcc/bin/../x86_64-w64-mingw32/lib/gcc/x86_64-w64-mingw32/16.1.0/../../../../../x86_64-w64-mingw32/lib//../../x86_64-w64-mingw32/lib/libmsvcrt.a(libapi-ms-win-crt-stdio-l1-1-0s00003.o)
                0x00000001400084c8                __stdio_common_vfprintf
 .text          0x00000001400084d0        0x8 G:/projects/embedded-development/gcc/bin/../x86_64-w64-mingw32/lib/gcc/x86_64-w64-mingw32/16.1.0/../../../../../x86_64-w64-mingw32/lib//../../x86_64-w64-mingw32/lib/libmsvcrt.a(libapi-ms-win-crt-stdio-l1-1-0s00107.o)
                0x00000001400084d0                fflush
 .text          0x00000001400084d8        0x8 G:/projects/embedded-development/gcc/bin/../x86_64-w64-mingw32/lib/gcc/x86_64-w64-mingw32/16.1.0/../../../../../x86_64-w64-mingw32/lib//../../x86_64-w64-mingw32/lib/libmsvcrt.a(libapi-ms-win-crt-stdio-l1-1-0s00114.o)
                0x00000001400084d8                fputc
 .text          0x00000001400084e0        0x8 G:/projects/embedded-development/gcc/bin/../x86_64-w64-mingw32/lib/gcc/x86_64-w64-mingw32/16.1.0/../../../../../x86_64-w64-mingw32/lib//../../x86_64-w64-mingw32/lib/libmsvcrt.a(libapi-ms-win-crt-stdio-l1-1-0s00138.o)
                0x00000001400084e0                setvbuf
 *fill*         0x00000001400084e8        0x8 
 .text          0x00000001400084f0        0x0 G:/projects/embedded-development/gcc/bin/../x86_64-w64-mingw32/lib/gcc/x86_64-w64-mingw32/16.1.0/../../../../../x86_64-w64-mingw32/lib//../../x86_64-w64-mingw32/lib/libmsvcrt.a(libapi-ms-win-crt-stdio-l1-1-0h.o)
 .text          0x00000001400084f0        0x0 G:/projects/embedded-development/gcc/bin/../x86_64-w64-mingw32/lib/gcc/x86_64-w64-mingw32/16.1.0/../../../../../x86_64-w64-mingw32/lib//../../x86_64-w64-mingw32/lib/libmsvcrt.a(libapi-ms-win-crt-stdio-l1-1-0t.o)
 .text          0x00000001400084f0        0x8 G:/projects/embedded-development/gcc/bin/../x86_64-w64-mingw32/lib/gcc/x86_64-w64-mingw32/16.1.0/../../../../../x86_64-w64-mingw32/lib//../../x86_64-w64-mingw32/lib/libmsvcrt.a(libapi-ms-win-crt-runtime-l1-1-0s00000.o)
                0x00000001400084f0                __set_app_type
 .text          0x00000001400084f8        0x8 G:/projects/embedded-development/gcc/bin/../x86_64-w64-mingw32/lib/gcc/x86_64-w64-mingw32/16.1.0/../../../../../x86_64-w64-mingw32/lib//../../x86_64-w64-mingw32/lib/libmsvcrt.a(libapi-ms-win-crt-runtime-l1-1-0s00006.o)
                0x00000001400084f8                __p___argc
 .text          0x0000000140008500        0x8 G:/projects/embedded-development/gcc/bin/../x86_64-w64-mingw32/lib/gcc/x86_64-w64-mingw32/16.1.0/../../../../../x86_64-w64-mingw32/lib//../../x86_64-w64-mingw32/lib/libmsvcrt.a(libapi-ms-win-crt-runtime-l1-1-0s00007.o)
                0x0000000140008500                __p___argv
 .text          0x0000000140008508        0x8 G:/projects/embedded-development/gcc/bin/../x86_64-w64-mingw32/lib/gcc/x86_64-w64-mingw32/16.1.0/../../../../../x86_64-w64-mingw32/lib//../../x86_64-w64-mingw32/lib/libmsvcrt.a(libapi-ms-win-crt-runtime-l1-1-0s00023.o)
                0x0000000140008508                _cexit
 .text          0x0000000140008510        0x8 G:/projects/embedded-development/gcc/bin/../x86_64-w64-mingw32/lib/gcc/x86_64-w64-mingw32/16.1.0/../../../../../x86_64-w64-mingw32/lib//../../x86_64-w64-mingw32/lib/libmsvcrt.a(libapi-ms-win-crt-runtime-l1-1-0s00025.o)
                0x0000000140008510                _configure_narrow_argv
 .text          0x0000000140008518        0x8 G:/projects/embedded-development/gcc/bin/../x86_64-w64-mingw32/lib/gcc/x86_64-w64-mingw32/16.1.0/../../../../../x86_64-w64-mingw32/lib//../../x86_64-w64-mingw32/lib/libmsvcrt.a(libapi-ms-win-crt-runtime-l1-1-0s00031.o)
                0x0000000140008518                _crt_atexit
 .text          0x0000000140008520        0x8 G:/projects/embedded-development/gcc/bin/../x86_64-w64-mingw32/lib/gcc/x86_64-w64-mingw32/16.1.0/../../../../../x86_64-w64-mingw32/lib//../../x86_64-w64-mingw32/lib/libmsvcrt.a(libapi-ms-win-crt-runtime-l1-1-0s00034.o)
                0x0000000140008520                _errno
 .text          0x0000000140008528        0x8 G:/projects/embedded-development/gcc/bin/../x86_64-w64-mingw32/lib/gcc/x86_64-w64-mingw32/16.1.0/../../../../../x86_64-w64-mingw32/lib//../../x86_64-w64-mingw32/lib/libmsvcrt.a(libapi-ms-win-crt-runtime-l1-1-0s00036.o)
                0x0000000140008528                _exit
 .text          0x0000000140008530        0x8 G:/projects/embedded-development/gcc/bin/../x86_64-w64-mingw32/lib/gcc/x86_64-w64-mingw32/16.1.0/../../../../../x86_64-w64-mingw32/lib//../../x86_64-w64-mingw32/lib/libmsvcrt.a(libapi-ms-win-crt-runtime-l1-1-0s00051.o)
                0x0000000140008530                _initialize_narrow_environment
 .text          0x0000000140008538        0x8 G:/projects/embedded-development/gcc/bin/../x86_64-w64-mingw32/lib/gcc/x86_64-w64-mingw32/16.1.0/../../../../../x86_64-w64-mingw32/lib//../../x86_64-w64-mingw32/lib/libmsvcrt.a(libapi-ms-win-crt-runtime-l1-1-0s00054.o)
                0x0000000140008538                _initterm
 .text          0x0000000140008540        0x8 G:/projects/embedded-development/gcc/bin/../x86_64-w64-mingw32/lib/gcc/x86_64-w64-mingw32/16.1.0/../../../../../x86_64-w64-mingw32/lib//../../x86_64-w64-mingw32/lib/libmsvcrt.a(libapi-ms-win-crt-runtime-l1-1-0s00055.o)
                0x0000000140008540                _initterm_e
 .text          0x0000000140008548        0x8 G:/projects/embedded-development/gcc/bin/../x86_64-w64-mingw32/lib/gcc/x86_64-w64-mingw32/16.1.0/../../../../../x86_64-w64-mingw32/lib//../../x86_64-w64-mingw32/lib/libmsvcrt.a(libapi-ms-win-crt-runtime-l1-1-0s00071.o)
                0x0000000140008548                _set_invalid_parameter_handler
 .text          0x0000000140008550        0x8 G:/projects/embedded-development/gcc/bin/../x86_64-w64-mingw32/lib/gcc/x86_64-w64-mingw32/16.1.0/../../../../../x86_64-w64-mingw32/lib//../../x86_64-w64-mingw32/lib/libmsvcrt.a(libapi-ms-win-crt-runtime-l1-1-0s00084.o)
                0x0000000140008550                abort
 .text          0x0000000140008558        0x8 G:/projects/embedded-development/gcc/bin/../x86_64-w64-mingw32/lib/gcc/x86_64-w64-mingw32/16.1.0/../../../../../x86_64-w64-mingw32/lib//../../x86_64-w64-mingw32/lib/libmsvcrt.a(libapi-ms-win-crt-runtime-l1-1-0s00085.o)
                0x0000000140008558                exit
 .text          0x0000000140008560        0x8 G:/projects/embedded-development/gcc/bin/../x86_64-w64-mingw32/lib/gcc/x86_64-w64-mingw32/16.1.0/../../../../../x86_64-w64-mingw32/lib//../../x86_64-w64-mingw32/lib/libmsvcrt.a(libapi-ms-win-crt-runtime-l1-1-0s00099.o)
                0x0000000140008560                signal
 .text          0x0000000140008568        0x8 G:/projects/embedded-development/gcc/bin/../x86_64-w64-mingw32/lib/gcc/x86_64-w64-mingw32/16.1.0/../../../../../x86_64-w64-mingw32/lib//../../x86_64-w64-mingw32/lib/libmsvcrt.a(libapi-ms-win-crt-runtime-l1-1-0s00100.o)
                0x0000000140008568                strerror
 .text          0x0000000140008570        0x0 G:/projects/embedded-development/gcc/bin/../x86_64-w64-mingw32/lib/gcc/x86_64-w64-mingw32/16.1.0/../../../../../x86_64-w64-mingw32/lib//../../x86_64-w64-mingw32/lib/libmsvcrt.a(libapi-ms-win-crt-runtime-l1-1-0h.o)
 .text          0x0000000140008570        0x0 G:/projects/embedded-development/gcc/bin/../x86_64-w64-mingw32/lib/gcc/x86_64-w64-mingw32/16.1.0/../../../../../x86_64-w64-mingw32/lib//../../x86_64-w64-mingw32/lib/libmsvcrt.a(libapi-ms-win-crt-runtime-l1-1-0t.o)
 .text          0x0000000140008570        0x8 G:/projects/embedded-development/gcc/bin/../x86_64-w64-mingw32/lib/gcc/x86_64-w64-mingw32/16.1.0/../../../../../x86_64-w64-mingw32/lib//../../x86_64-w64-mingw32/lib/libmsvcrt.a(libapi-ms-win-crt-private-l1-1-0s00012.o)
                0x0000000140008570                __C_specific_handler
 .text          0x0000000140008578        0x8 G:/projects/embedded-development/gcc/bin/../x86_64-w64-mingw32/lib/gcc/x86_64-w64-mingw32/16.1.0/../../../../../x86_64-w64-mingw32/lib//../../x86_64-w64-mingw32/lib/libmsvcrt.a(libapi-ms-win-crt-private-l1-1-0s01085.o)
                0x0000000140008578                memcpy
 .text          0x0000000140008580        0x0 G:/projects/embedded-development/gcc/bin/../x86_64-w64-mingw32/lib/gcc/x86_64-w64-mingw32/16.1.0/../../../../../x86_64-w64-mingw32/lib//../../x86_64-w64-mingw32/lib/libmsvcrt.a(libapi-ms-win-crt-private-l1-1-0h.o)
 .text          0x0000000140008580        0x0 G:/projects/embedded-development/gcc/bin/../x86_64-w64-mingw32/lib/gcc/x86_64-w64-mingw32/16.1.0/../../../../../x86_64-w64-mingw32/lib//../../x86_64-w64-mingw32/lib/libmsvcrt.a(libapi-ms-win-crt-private-l1-1-0t.o)
 .text          0x0000000140008580        0x8 G:/projects/embedded-development/gcc/bin/../x86_64-w64-mingw32/lib/gcc/x86_64-w64-mingw32/16.1.0/../../../../../x86_64-w64-mingw32/lib//../../x86_64-w64-mingw32/lib/libmsvcrt.a(libapi-ms-win-crt-math-l1-1-0s00009.o)
                0x0000000140008580                __setusermatherr
 *fill*         0x0000000140008588        0x8 
 .text          0x0000000140008590        0x0 G:/projects/embedded-development/gcc/bin/../x86_64-w64-mingw32/lib/gcc/x86_64-w64-mingw32/16.1.0/../../../../../x86_64-w64-mingw32/lib//../../x86_64-w64-mingw32/lib/libmsvcrt.a(libapi-ms-win-crt-math-l1-1-0h.o)
 .text          0x0000000140008590        0x0 G:/projects/embedded-development/gcc/bin/../x86_64-w64-mingw32/lib/gcc/x86_64-w64-mingw32/16.1.0/../../../../../x86_64-w64-mingw32/lib//../../x86_64-w64-mingw32/lib/libmsvcrt.a(libapi-ms-win-crt-math-l1-1-0t.o)
 .text          0x0000000140008590        0x8 G:/projects/embedded-development/gcc/bin/../x86_64-w64-mingw32/lib/gcc/x86_64-w64-mingw32/16.1.0/../../../../../x86_64-w64-mingw32/lib//../../x86_64-w64-mingw32/lib/libmsvcrt.a(libapi-ms-win-crt-locale-l1-1-0s00008.o)
                0x0000000140008590                _configthreadlocale
 .text          0x0000000140008598        0x8 G:/projects/embedded-development/gcc/bin/../x86_64-w64-mingw32/lib/gcc/x86_64-w64-mingw32/16.1.0/../../../../../x86_64-w64-mingw32/lib//../../x86_64-w64-mingw32/lib/libmsvcrt.a(libapi-ms-win-crt-locale-l1-1-0s00018.o)
                0x0000000140008598                localeconv
 .text          0x00000001400085a0        0x0 G:/projects/embedded-development/gcc/bin/../x86_64-w64-mingw32/lib/gcc/x86_64-w64-mingw32/16.1.0/../../../../../x86_64-w64-mingw32/lib//../../x86_64-w64-mingw32/lib/libmsvcrt.a(libapi-ms-win-crt-locale-l1-1-0h.o)
 .text          0x00000001400085a0        0x0 G:/projects/embedded-development/gcc/bin/../x86_64-w64-mingw32/lib/gcc/x86_64-w64-mingw32/16.1.0/../../../../../x86_64-w64-mingw32/lib//../../x86_64-w64-mingw32/lib/libmsvcrt.a(libapi-ms-win-crt-locale-l1-1-0t.o)
 .text          0x00000001400085a0        0x8 G:/projects/embedded-development/gcc/bin/../x86_64-w64-mingw32/lib/gcc/x86_64-w64-mingw32/16.1.0/../../../../../x86_64-w64-mingw32/lib//../../x86_64-w64-mingw32/lib/libmsvcrt.a(libapi-ms-win-crt-heap-l1-1-0s00022.o)
                0x00000001400085a0                _set_new_mode
 .text          0x00000001400085a8        0x8 G:/projects/embedded-development/gcc/bin/../x86_64-w64-mingw32/lib/gcc/x86_64-w64-mingw32/16.1.0/../../../../../x86_64-w64-mingw32/lib//../../x86_64-w64-mingw32/lib/libmsvcrt.a(libapi-ms-win-crt-heap-l1-1-0s00023.o)
                0x00000001400085a8                calloc
 .text          0x00000001400085b0        0x8 G:/projects/embedded-development/gcc/bin/../x86_64-w64-mingw32/lib/gcc/x86_64-w64-mingw32/16.1.0/../../../../../x86_64-w64-mingw32/lib//../../x86_64-w64-mingw32/lib/libmsvcrt.a(libapi-ms-win-crt-heap-l1-1-0s00024.o)
                0x00000001400085b0                free
 .text          0x00000001400085b8        0x8 G:/projects/embedded-development/gcc/bin/../x86_64-w64-mingw32/lib/gcc/x86_64-w64-mingw32/16.1.0/../../../../../x86_64-w64-mingw32/lib//../../x86_64-w64-mingw32/lib/libmsvcrt.a(libapi-ms-win-crt-heap-l1-1-0s00025.o)
                0x00000001400085b8                malloc
 .text          0x00000001400085c0        0x0 G:/projects/embedded-development/gcc/bin/../x86_64-w64-mingw32/lib/gcc/x86_64-w64-mingw32/16.1.0/../../../../../x86_64-w64-mingw32/lib//../../x86_64-w64-mingw32/lib/libmsvcrt.a(libapi-ms-win-crt-heap-l1-1-0h.o)
 .text          0x00000001400085c0        0x0 G:/projects/embedded-development/gcc/bin/../x86_64-w64-mingw32/lib/gcc/x86_64-w64-mingw32/16.1.0/../../../../../x86_64-w64-mingw32/lib//../../x86_64-w64-mingw32/lib/libmsvcrt.a(libapi-ms-win-crt-heap-l1-1-0t.o)
 .text          0x00000001400085c0        0x8 G:/projects/embedded-development/gcc/bin/../x86_64-w64-mingw32/lib/gcc/x86_64-w64-mingw32/16.1.0/../../../../../x86_64-w64-mingw32/lib//../../x86_64-w64-mingw32/lib/libmsvcrt.a(libapi-ms-win-crt-filesystem-l1-1-0s00020.o)
                0x00000001400085c0                _lock_file
 .text          0x00000001400085c8        0x8 G:/projects/embedded-development/gcc/bin/../x86_64-w64-mingw32/lib/gcc/x86_64-w64-mingw32/16.1.0/../../../../../x86_64-w64-mingw32/lib//../../x86_64-w64-mingw32/lib/libmsvcrt.a(libapi-ms-win-crt-filesystem-l1-1-0s00034.o)
                0x00000001400085c8                _unlock_file
 .text          0x00000001400085d0        0x0 G:/projects/embedded-development/gcc/bin/../x86_64-w64-mingw32/lib/gcc/x86_64-w64-mingw32/16.1.0/../../../../../x86_64-w64-mingw32/lib//../../x86_64-w64-mingw32/lib/libmsvcrt.a(libapi-ms-win-crt-filesystem-l1-1-0h.o)
 .text          0x00000001400085d0        0x0 G:/projects/embedded-development/gcc/bin/../x86_64-w64-mingw32/lib/gcc/x86_64-w64-mingw32/16.1.0/../../../../../x86_64-w64-mingw32/lib//../../x86_64-w64-mingw32/lib/libmsvcrt.a(libapi-ms-win-crt-filesystem-l1-1-0t.o)
 .text          0x00000001400085d0        0x8 G:/projects/embedded-development/gcc/bin/../x86_64-w64-mingw32/lib/gcc/x86_64-w64-mingw32/16.1.0/../../../../../x86_64-w64-mingw32/lib//../../x86_64-w64-mingw32/lib/libmsvcrt.a(libapi-ms-win-crt-environment-l1-1-0s00000.o)
                0x00000001400085d0                __p__environ
 *fill*         0x00000001400085d8        0x8 
 .text          0x00000001400085e0        0x0 G:/projects/embedded-development/gcc/bin/../x86_64-w64-mingw32/lib/gcc/x86_64-w64-mingw32/16.1.0/../../../../../x86_64-w64-mingw32/lib//../../x86_64-w64-mingw32/lib/libmsvcrt.a(libapi-ms-win-crt-environment-l1-1-0h.o)
 .text          0x00000001400085e0        0x0 G:/projects/embedded-development/gcc/bin/../x86_64-w64-mingw32/lib/gcc/x86_64-w64-mingw32/16.1.0/../../../../../x86_64-w64-mingw32/lib//../../x86_64-w64-mingw32/lib/libmsvcrt.a(libapi-ms-win-crt-environment-l1-1-0t.o)
 .text          0x00000001400085e0        0x8 G:/projects/embedded-development/gcc/bin/../x86_64-w64-mingw32/lib/gcc/x86_64-w64-mingw32/16.1.0/../../../../../x86_64-w64-mingw32/lib//../../x86_64-w64-mingw32/lib/libmsvcrt.a(libapi-ms-win-crt-convert-l1-1-0s00083.o)
                0x00000001400085e0                mbrtowc
 .text          0x00000001400085e8        0x8 G:/projects/embedded-development/gcc/bin/../x86_64-w64-mingw32/lib/gcc/x86_64-w64-mingw32/16.1.0/../../../../../x86_64-w64-mingw32/lib//../../x86_64-w64-mingw32/lib/libmsvcrt.a(libapi-ms-win-crt-convert-l1-1-0s00097.o)
                0x00000001400085e8                wcrtomb
 .text          0x00000001400085f0        0x0 G:/projects/embedded-development/gcc/bin/../x86_64-w64-mingw32/lib/gcc/x86_64-w64-mingw32/16.1.0/../../../../../x86_64-w64-mingw32/lib//../../x86_64-w64-mingw32/lib/libmsvcrt.a(libapi-ms-win-crt-convert-l1-1-0h.o)
 .text          0x00000001400085f0        0x0 G:/projects/embedded-development/gcc/bin/../x86_64-w64-mingw32/lib/gcc/x86_64-w64-mingw32/16.1.0/../../../../../x86_64-w64-mingw32/lib//../../x86_64-w64-mingw32/lib/libmsvcrt.a(libapi-ms-win-crt-convert-l1-1-0t.o)
 .text          0x00000001400085f0        0x0 G:/projects/embedded-development/gcc/bin/../x86_64-w64-mingw32/lib/gcc/x86_64-w64-mingw32/16.1.0/../../../../../x86_64-w64-mingw32/lib//../../x86_64-w64-mingw32/lib/libmsvcrt.a(lib64_libucrt_extra_a-__initenv.o)
 .text          0x00000001400085f0        0x8 G:/projects/embedded-development/gcc/bin/../x86_64-w64-mingw32/lib/gcc/x86_64-w64-mingw32/16.1.0/../../../../../x86_64-w64-mingw32/lib//../../x86_64-w64-mingw32/lib/libkernel32.a(libkernel32s01535.o)
                0x00000001400085f0                VirtualQuery
 .text          0x00000001400085f8        0x8 G:/projects/embedded-development/gcc/bin/../x86_64-w64-mingw32/lib/gcc/x86_64-w64-mingw32/16.1.0/../../../../../x86_64-w64-mingw32/lib//../../x86_64-w64-mingw32/lib/libkernel32.a(libkernel32s01533.o)
                0x00000001400085f8                VirtualProtect
 .text          0x0000000140008600        0x8 G:/projects/embedded-development/gcc/bin/../x86_64-w64-mingw32/lib/gcc/x86_64-w64-mingw32/16.1.0/../../../../../x86_64-w64-mingw32/lib//../../x86_64-w64-mingw32/lib/libkernel32.a(libkernel32s01485.o)
                0x0000000140008600                TlsGetValue
 .text          0x0000000140008608        0x8 G:/projects/embedded-development/gcc/bin/../x86_64-w64-mingw32/lib/gcc/x86_64-w64-mingw32/16.1.0/../../../../../x86_64-w64-mingw32/lib//../../x86_64-w64-mingw32/lib/libkernel32.a(libkernel32s01449.o)
                0x0000000140008608                Sleep
 .text          0x0000000140008610        0x8 G:/projects/embedded-development/gcc/bin/../x86_64-w64-mingw32/lib/gcc/x86_64-w64-mingw32/16.1.0/../../../../../x86_64-w64-mingw32/lib//../../x86_64-w64-mingw32/lib/libkernel32.a(libkernel32s01433.o)
                0x0000000140008610                SetUnhandledExceptionFilter
 .text          0x0000000140008618        0x8 G:/projects/embedded-development/gcc/bin/../x86_64-w64-mingw32/lib/gcc/x86_64-w64-mingw32/16.1.0/../../../../../x86_64-w64-mingw32/lib//../../x86_64-w64-mingw32/lib/libkernel32.a(libkernel32s01012.o)
                0x0000000140008618                LeaveCriticalSection
 .text          0x0000000140008620        0x8 G:/projects/embedded-development/gcc/bin/../x86_64-w64-mingw32/lib/gcc/x86_64-w64-mingw32/16.1.0/../../../../../x86_64-w64-mingw32/lib//../../x86_64-w64-mingw32/lib/libkernel32.a(libkernel32s00918.o)
                0x0000000140008620                InitializeCriticalSection
 .text          0x0000000140008628        0x8 G:/projects/embedded-development/gcc/bin/../x86_64-w64-mingw32/lib/gcc/x86_64-w64-mingw32/16.1.0/../../../../../x86_64-w64-mingw32/lib//../../x86_64-w64-mingw32/lib/libkernel32.a(libkernel32s00648.o)
                0x0000000140008628                GetLastError
 .text          0x0000000140008630        0x8 G:/projects/embedded-development/gcc/bin/../x86_64-w64-mingw32/lib/gcc/x86_64-w64-mingw32/16.1.0/../../../../../x86_64-w64-mingw32/lib//../../x86_64-w64-mingw32/lib/libkernel32.a(libkernel32s00333.o)
                0x0000000140008630                EnterCriticalSection
 .text          0x0000000140008638        0x8 G:/projects/embedded-development/gcc/bin/../x86_64-w64-mingw32/lib/gcc/x86_64-w64-mingw32/16.1.0/../../../../../x86_64-w64-mingw32/lib//../../x86_64-w64-mingw32/lib/libkernel32.a(libkernel32s00295.o)
                0x0000000140008638                DeleteCriticalSection
 .text          0x0000000140008640        0x0 G:/projects/embedded-development/gcc/bin/../x86_64-w64-mingw32/lib/gcc/x86_64-w64-mingw32/16.1.0/../../../../../x86_64-w64-mingw32/lib//../../x86_64-w64-mingw32/lib/libkernel32.a(libkernel32h.o)
 .text          0x0000000140008640        0x0 G:/projects/embedded-development/gcc/bin/../x86_64-w64-mingw32/lib/gcc/x86_64-w64-mingw32/16.1.0/../../../../../x86_64-w64-mingw32/lib//../../x86_64-w64-mingw32/lib/libkernel32.a(libkernel32t.o)
 .text          0x0000000140008640        0x0 G:/projects/embedded-development/gcc/bin/../x86_64-w64-mingw32/lib/gcc/x86_64-w64-mingw32/16.1.0/crtend.o
 *(SORT_BY_NAME(.text$*))
 *(.text.*)
 .text.startup  0x0000000140008640       0x10 G:/projects/embedded-development/gcc/bin/../x86_64-w64-mingw32/lib/gcc/x86_64-w64-mingw32/16.1.0/crtend.o
 *(.gnu.linkonce.t.*)
 *(.glue_7t)
 *(.glue_7)
                0x0000000140008650                . = ALIGN (0x8)
 *(SORT_NONE(.fini))
 *(.gcc_exc)
                [!provide]                        PROVIDE (etext = .)
 *(.gcc_except_table)

.data           0x0000000140009000      0x200
                0x0000000140009000                __data_start__ = .
 *(.data)
 .data          0x0000000140009000        0x0 G:/projects/embedded-development/gcc/bin/../x86_64-w64-mingw32/lib/gcc/x86_64-w64-mingw32/16.1.0/../../../../../x86_64-w64-mingw32/lib//../../x86_64-w64-mingw32/lib/crt2.o
 .data          0x0000000140009000        0x0 G:/projects/embedded-development/gcc/bin/../x86_64-w64-mingw32/lib/gcc/x86_64-w64-mingw32/16.1.0/crtbegin.o
 .data          0x0000000140009000       0x10 C:\Users\stsmn\AppData\Local\Temp\ccW1BklK.o
                0x0000000140009000                global_int32
 .data          0x0000000140009010       0x10 G:/projects/embedded-development/gcc/bin/../x86_64-w64-mingw32/lib/gcc/x86_64-w64-mingw32/16.1.0/../../../../../x86_64-w64-mingw32/lib//../../x86_64-w64-mingw32/lib/libmingw32.a(lib64_libmingw32_a-gccmain.o)
 .data          0x0000000140009020       0x10 G:/projects/embedded-development/gcc/bin/../x86_64-w64-mingw32/lib/gcc/x86_64-w64-mingw32/16.1.0/../../../../../x86_64-w64-mingw32/lib//../../x86_64-w64-mingw32/lib/libmingw32.a(lib64_libmingw32_a-natstart.o)
                0x0000000140009020                __native_vcclrit_reason
                0x0000000140009024                __native_dllmain_reason
 .data          0x0000000140009030        0x0 G:/projects/embedded-development/gcc/bin/../x86_64-w64-mingw32/lib/gcc/x86_64-w64-mingw32/16.1.0/../../../../../x86_64-w64-mingw32/lib//../../x86_64-w64-mingw32/lib/libmingw32.a(lib64_libmingw32_a-wildcard.o)
 .data          0x0000000140009030        0x0 G:/projects/embedded-development/gcc/bin/../x86_64-w64-mingw32/lib/gcc/x86_64-w64-mingw32/16.1.0/../../../../../x86_64-w64-mingw32/lib//../../x86_64-w64-mingw32/lib/libmingw32.a(lib64_libmingw32_a-dllargv.o)
 .data          0x0000000140009030        0x0 G:/projects/embedded-development/gcc/bin/../x86_64-w64-mingw32/lib/gcc/x86_64-w64-mingw32/16.1.0/../../../../../x86_64-w64-mingw32/lib//../../x86_64-w64-mingw32/lib/libmingw32.a(lib64_libmingw32_a-_newmode.o)
 .data          0x0000000140009030        0x0 G:/projects/embedded-development/gcc/bin/../x86_64-w64-mingw32/lib/gcc/x86_64-w64-mingw32/16.1.0/../../../../../x86_64-w64-mingw32/lib//../../x86_64-w64-mingw32/lib/libmingw32.a(lib64_libmingw32_a-tlssup.o)
 .data          0x0000000140009030        0x0 G:/projects/embedded-development/gcc/bin/../x86_64-w64-mingw32/lib/gcc/x86_64-w64-mingw32/16.1.0/../../../../../x86_64-w64-mingw32/lib//../../x86_64-w64-mingw32/lib/libmingw32.a(lib64_libmingw32_a-xncommod.o)
 .data          0x0000000140009030        0x0 G:/projects/embedded-development/gcc/bin/../x86_64-w64-mingw32/lib/gcc/x86_64-w64-mingw32/16.1.0/../../../../../x86_64-w64-mingw32/lib//../../x86_64-w64-mingw32/lib/libmingw32.a(lib64_libmingw32_a-cinitexe.o)
 .data          0x0000000140009030        0x0 G:/projects/embedded-development/gcc/bin/../x86_64-w64-mingw32/lib/gcc/x86_64-w64-mingw32/16.1.0/../../../../../x86_64-w64-mingw32/lib//../../x86_64-w64-mingw32/lib/libmingw32.a(lib64_libmingw32_a-merr.o)
 .data          0x0000000140009030       0x10 G:/projects/embedded-development/gcc/bin/../x86_64-w64-mingw32/lib/gcc/x86_64-w64-mingw32/16.1.0/../../../../../x86_64-w64-mingw32/lib//../../x86_64-w64-mingw32/lib/libmingw32.a(lib64_libmingw32_a-xthdloc.o)
                0x0000000140009030                __globallocalestatus
 .data          0x0000000140009040        0x0 G:/projects/embedded-development/gcc/bin/../x86_64-w64-mingw32/lib/gcc/x86_64-w64-mingw32/16.1.0/../../../../../x86_64-w64-mingw32/lib//../../x86_64-w64-mingw32/lib/libmingw32.a(lib64_libmingw32_a-mingw_helpers.o)
 .data          0x0000000140009040        0x0 G:/projects/embedded-development/gcc/bin/../x86_64-w64-mingw32/lib/gcc/x86_64-w64-mingw32/16.1.0/../../../../../x86_64-w64-mingw32/lib//../../x86_64-w64-mingw32/lib/libmingw32.a(lib64_libmingw32_a-pseudo-reloc.o)
 .data          0x0000000140009040        0x0 G:/projects/embedded-development/gcc/bin/../x86_64-w64-mingw32/lib/gcc/x86_64-w64-mingw32/16.1.0/../../../../../x86_64-w64-mingw32/lib//../../x86_64-w64-mingw32/lib/libmingw32.a(lib64_libmingw32_a-usermatherr.o)
 .data          0x0000000140009040        0x0 G:/projects/embedded-development/gcc/bin/../x86_64-w64-mingw32/lib/gcc/x86_64-w64-mingw32/16.1.0/../../../../../x86_64-w64-mingw32/lib//../../x86_64-w64-mingw32/lib/libmingw32.a(lib64_libmingw32_a-xtxtmode.o)
 .data          0x0000000140009040        0x0 G:/projects/embedded-development/gcc/bin/../x86_64-w64-mingw32/lib/gcc/x86_64-w64-mingw32/16.1.0/../../../../../x86_64-w64-mingw32/lib//../../x86_64-w64-mingw32/lib/libmingw32.a(lib64_libmingw32_a-crt_handler.o)
 .data          0x0000000140009040        0x0 G:/projects/embedded-development/gcc/bin/../x86_64-w64-mingw32/lib/gcc/x86_64-w64-mingw32/16.1.0/../../../../../x86_64-w64-mingw32/lib//../../x86_64-w64-mingw32/lib/libmingw32.a(lib64_libmingw32_a-tlsthrd.o)
 .data          0x0000000140009040       0x10 G:/projects/embedded-development/gcc/bin/../x86_64-w64-mingw32/lib/gcc/x86_64-w64-mingw32/16.1.0/../../../../../x86_64-w64-mingw32/lib//../../x86_64-w64-mingw32/lib/libmingw32.a(lib64_libmingw32_a-tlsmcrt.o)
                0x0000000140009040                _CRT_MT
 .data          0x0000000140009050        0x0 G:/projects/embedded-development/gcc/bin/../x86_64-w64-mingw32/lib/gcc/x86_64-w64-mingw32/16.1.0/../../../../../x86_64-w64-mingw32/lib//../../x86_64-w64-mingw32/lib/libmingw32.a(lib64_libmingw32_a-CRT_fp10.o)
 .data          0x0000000140009050        0x0 G:/projects/embedded-development/gcc/bin/../x86_64-w64-mingw32/lib/gcc/x86_64-w64-mingw32/16.1.0/../../../../../x86_64-w64-mingw32/lib//../../x86_64-w64-mingw32/lib/libmingw32.a(lib64_libmingw32_a-pseudo-reloc-list.o)
 .data          0x0000000140009050        0x0 G:/projects/embedded-development/gcc/bin/../x86_64-w64-mingw32/lib/gcc/x86_64-w64-mingw32/16.1.0/../../../../../x86_64-w64-mingw32/lib//../../x86_64-w64-mingw32/lib/libmingw32.a(lib64_libmingw32_a-pesect.o)
 .data          0x0000000140009050        0x0 G:/projects/embedded-development/gcc/bin/../x86_64-w64-mingw32/lib/gcc/x86_64-w64-mingw32/16.1.0/libgcc.a(_chkstk_ms.o)
 .data          0x0000000140009050        0x0 G:/projects/embedded-development/gcc/bin/../x86_64-w64-mingw32/lib/gcc/x86_64-w64-mingw32/16.1.0/libgcc.a(_ctors.o)
 .data          0x0000000140009050       0x10 G:/projects/embedded-development/gcc/bin/../x86_64-w64-mingw32/lib/gcc/x86_64-w64-mingw32/16.1.0/../../../../../x86_64-w64-mingw32/lib//../../x86_64-w64-mingw32/lib/libmingwex.a(lib64_libmingwex_a-mingw_matherr.o)
                0x0000000140009050                _MINGW_INSTALL_DEBUG_MATHERR
 .data          0x0000000140009060        0x0 G:/projects/embedded-development/gcc/bin/../x86_64-w64-mingw32/lib/gcc/x86_64-w64-mingw32/16.1.0/../../../../../x86_64-w64-mingw32/lib//../../x86_64-w64-mingw32/lib/libmingwex.a(lib64_libmingwex_a-mingw_printf.o)
 .data          0x0000000140009060       0x20 G:/projects/embedded-development/gcc/bin/../x86_64-w64-mingw32/lib/gcc/x86_64-w64-mingw32/16.1.0/../../../../../x86_64-w64-mingw32/lib//../../x86_64-w64-mingw32/lib/libmingwex.a(lib64_libmingwex_a-mingw_pformat.o)
 .data          0x0000000140009080        0x0 G:/projects/embedded-development/gcc/bin/../x86_64-w64-mingw32/lib/gcc/x86_64-w64-mingw32/16.1.0/../../../../../x86_64-w64-mingw32/lib//../../x86_64-w64-mingw32/lib/libmingwex.a(lib64_libmingwex_a-dmisc.o)
 .data          0x0000000140009080        0x0 G:/projects/embedded-development/gcc/bin/../x86_64-w64-mingw32/lib/gcc/x86_64-w64-mingw32/16.1.0/../../../../../x86_64-w64-mingw32/lib//../../x86_64-w64-mingw32/lib/libmingwex.a(lib64_libmingwex_a-gdtoa.o)
 .data          0x0000000140009080        0x0 G:/projects/embedded-development/gcc/bin/../x86_64-w64-mingw32/lib/gcc/x86_64-w64-mingw32/16.1.0/../../../../../x86_64-w64-mingw32/lib//../../x86_64-w64-mingw32/lib/libmingwex.a(lib64_libmingwex_a-gmisc.o)
 .data          0x0000000140009080       0x10 G:/projects/embedded-development/gcc/bin/../x86_64-w64-mingw32/lib/gcc/x86_64-w64-mingw32/16.1.0/../../../../../x86_64-w64-mingw32/lib//../../x86_64-w64-mingw32/lib/libmingwex.a(lib64_libmingwex_a-misc.o)
 .data          0x0000000140009090        0x0 G:/projects/embedded-development/gcc/bin/../x86_64-w64-mingw32/lib/gcc/x86_64-w64-mingw32/16.1.0/../../../../../x86_64-w64-mingw32/lib//../../x86_64-w64-mingw32/lib/libmsvcrt.a(lib64_libucrt_extra_a-ucrt_vfprintf.o)
 .data          0x0000000140009090        0x0 G:/projects/embedded-development/gcc/bin/../x86_64-w64-mingw32/lib/gcc/x86_64-w64-mingw32/16.1.0/../../../../../x86_64-w64-mingw32/lib//../../x86_64-w64-mingw32/lib/libmsvcrt.a(lib64_libucrt_extra_a-ucrt_fprintf.o)
 .data          0x0000000140009090       0x10 G:/projects/embedded-development/gcc/bin/../x86_64-w64-mingw32/lib/gcc/x86_64-w64-mingw32/16.1.0/../../../../../x86_64-w64-mingw32/lib//../../x86_64-w64-mingw32/lib/libmsvcrt.a(lib64_libucrt_extra_a-ucrt___local_stdio_printf_options.o)
 .data          0x00000001400090a0       0x10 G:/projects/embedded-development/gcc/bin/../x86_64-w64-mingw32/lib/gcc/x86_64-w64-mingw32/16.1.0/../../../../../x86_64-w64-mingw32/lib//../../x86_64-w64-mingw32/lib/libmsvcrt.a(lib64_libucrt_extra_a-__p___initenv.o)
                0x00000001400090a0                __imp___p___initenv
 .data          0x00000001400090b0       0x10 G:/projects/embedded-development/gcc/bin/../x86_64-w64-mingw32/lib/gcc/x86_64-w64-mingw32/16.1.0/../../../../../x86_64-w64-mingw32/lib//../../x86_64-w64-mingw32/lib/libmsvcrt.a(lib64_libucrt_extra_a-ucrt_amsg_exit.o)
                0x00000001400090b0                __imp__amsg_exit
 .data          0x00000001400090c0       0x10 G:/projects/embedded-development/gcc/bin/../x86_64-w64-mingw32/lib/gcc/x86_64-w64-mingw32/16.1.0/../../../../../x86_64-w64-mingw32/lib//../../x86_64-w64-mingw32/lib/libmsvcrt.a(lib64_libucrt_extra_a-ucrt__getmainargs.o)
                0x00000001400090c0                __imp___getmainargs
 .data          0x00000001400090d0        0x0 G:/projects/embedded-development/gcc/bin/../x86_64-w64-mingw32/lib/gcc/x86_64-w64-mingw32/16.1.0/../../../../../x86_64-w64-mingw32/lib//../../x86_64-w64-mingw32/lib/libmsvcrt.a(libapi-ms-win-crt-string-l1-1-0s00129.o)
 .data          0x00000001400090d0        0x0 G:/projects/embedded-development/gcc/bin/../x86_64-w64-mingw32/lib/gcc/x86_64-w64-mingw32/16.1.0/../../../../../x86_64-w64-mingw32/lib//../../x86_64-w64-mingw32/lib/libmsvcrt.a(libapi-ms-win-crt-string-l1-1-0s00132.o)
 .data          0x00000001400090d0        0x0 G:/projects/embedded-development/gcc/bin/../x86_64-w64-mingw32/lib/gcc/x86_64-w64-mingw32/16.1.0/../../../../../x86_64-w64-mingw32/lib//../../x86_64-w64-mingw32/lib/libmsvcrt.a(libapi-ms-win-crt-string-l1-1-0s00135.o)
 .data          0x00000001400090d0        0x0 G:/projects/embedded-development/gcc/bin/../x86_64-w64-mingw32/lib/gcc/x86_64-w64-mingw32/16.1.0/../../../../../x86_64-w64-mingw32/lib//../../x86_64-w64-mingw32/lib/libmsvcrt.a(libapi-ms-win-crt-string-l1-1-0s00152.o)
 .data          0x00000001400090d0        0x0 G:/projects/embedded-development/gcc/bin/../x86_64-w64-mingw32/lib/gcc/x86_64-w64-mingw32/16.1.0/../../../../../x86_64-w64-mingw32/lib//../../x86_64-w64-mingw32/lib/libmsvcrt.a(libapi-ms-win-crt-string-l1-1-0s00158.o)
 .data          0x00000001400090d0        0x0 G:/projects/embedded-development/gcc/bin/../x86_64-w64-mingw32/lib/gcc/x86_64-w64-mingw32/16.1.0/../../../../../x86_64-w64-mingw32/lib//../../x86_64-w64-mingw32/lib/libmsvcrt.a(libapi-ms-win-crt-string-l1-1-0h.o)
 .data          0x00000001400090d0        0x0 G:/projects/embedded-development/gcc/bin/../x86_64-w64-mingw32/lib/gcc/x86_64-w64-mingw32/16.1.0/../../../../../x86_64-w64-mingw32/lib//../../x86_64-w64-mingw32/lib/libmsvcrt.a(libapi-ms-win-crt-string-l1-1-0t.o)
 .data          0x00000001400090d0        0x0 G:/projects/embedded-development/gcc/bin/../x86_64-w64-mingw32/lib/gcc/x86_64-w64-mingw32/16.1.0/../../../../../x86_64-w64-mingw32/lib//../../x86_64-w64-mingw32/lib/libmsvcrt.a(libapi-ms-win-crt-stdio-l1-1-0s00000.o)
 .data          0x00000001400090d0        0x0 G:/projects/embedded-development/gcc/bin/../x86_64-w64-mingw32/lib/gcc/x86_64-w64-mingw32/16.1.0/../../../../../x86_64-w64-mingw32/lib//../../x86_64-w64-mingw32/lib/libmsvcrt.a(libapi-ms-win-crt-stdio-l1-1-0s00001.o)
 .data          0x00000001400090d0        0x0 G:/projects/embedded-development/gcc/bin/../x86_64-w64-mingw32/lib/gcc/x86_64-w64-mingw32/16.1.0/../../../../../x86_64-w64-mingw32/lib//../../x86_64-w64-mingw32/lib/libmsvcrt.a(libapi-ms-win-crt-stdio-l1-1-0s00002.o)
 .data          0x00000001400090d0        0x0 G:/projects/embedded-development/gcc/bin/../x86_64-w64-mingw32/lib/gcc/x86_64-w64-mingw32/16.1.0/../../../../../x86_64-w64-mingw32/lib//../../x86_64-w64-mingw32/lib/libmsvcrt.a(libapi-ms-win-crt-stdio-l1-1-0s00003.o)
 .data          0x00000001400090d0        0x0 G:/projects/embedded-development/gcc/bin/../x86_64-w64-mingw32/lib/gcc/x86_64-w64-mingw32/16.1.0/../../../../../x86_64-w64-mingw32/lib//../../x86_64-w64-mingw32/lib/libmsvcrt.a(libapi-ms-win-crt-stdio-l1-1-0s00107.o)
 .data          0x00000001400090d0        0x0 G:/projects/embedded-development/gcc/bin/../x86_64-w64-mingw32/lib/gcc/x86_64-w64-mingw32/16.1.0/../../../../../x86_64-w64-mingw32/lib//../../x86_64-w64-mingw32/lib/libmsvcrt.a(libapi-ms-win-crt-stdio-l1-1-0s00114.o)
 .data          0x00000001400090d0        0x0 G:/projects/embedded-development/gcc/bin/../x86_64-w64-mingw32/lib/gcc/x86_64-w64-mingw32/16.1.0/../../../../../x86_64-w64-mingw32/lib//../../x86_64-w64-mingw32/lib/libmsvcrt.a(libapi-ms-win-crt-stdio-l1-1-0s00138.o)
 .data          0x00000001400090d0        0x0 G:/projects/embedded-development/gcc/bin/../x86_64-w64-mingw32/lib/gcc/x86_64-w64-mingw32/16.1.0/../../../../../x86_64-w64-mingw32/lib//../../x86_64-w64-mingw32/lib/libmsvcrt.a(libapi-ms-win-crt-stdio-l1-1-0h.o)
 .data          0x00000001400090d0        0x0 G:/projects/embedded-development/gcc/bin/../x86_64-w64-mingw32/lib/gcc/x86_64-w64-mingw32/16.1.0/../../../../../x86_64-w64-mingw32/lib//../../x86_64-w64-mingw32/lib/libmsvcrt.a(libapi-ms-win-crt-stdio-l1-1-0t.o)
 .data          0x00000001400090d0        0x0 G:/projects/embedded-development/gcc/bin/../x86_64-w64-mingw32/lib/gcc/x86_64-w64-mingw32/16.1.0/../../../../../x86_64-w64-mingw32/lib//../../x86_64-w64-mingw32/lib/libmsvcrt.a(libapi-ms-win-crt-runtime-l1-1-0s00000.o)
 .data          0x00000001400090d0        0x0 G:/projects/embedded-development/gcc/bin/../x86_64-w64-mingw32/lib/gcc/x86_64-w64-mingw32/16.1.0/../../../../../x86_64-w64-mingw32/lib//../../x86_64-w64-mingw32/lib/libmsvcrt.a(libapi-ms-win-crt-runtime-l1-1-0s00006.o)
 .data          0x00000001400090d0        0x0 G:/projects/embedded-development/gcc/bin/../x86_64-w64-mingw32/lib/gcc/x86_64-w64-mingw32/16.1.0/../../../../../x86_64-w64-mingw32/lib//../../x86_64-w64-mingw32/lib/libmsvcrt.a(libapi-ms-win-crt-runtime-l1-1-0s00007.o)
 .data          0x00000001400090d0        0x0 G:/projects/embedded-development/gcc/bin/../x86_64-w64-mingw32/lib/gcc/x86_64-w64-mingw32/16.1.0/../../../../../x86_64-w64-mingw32/lib//../../x86_64-w64-mingw32/lib/libmsvcrt.a(libapi-ms-win-crt-runtime-l1-1-0s00023.o)
 .data          0x00000001400090d0        0x0 G:/projects/embedded-development/gcc/bin/../x86_64-w64-mingw32/lib/gcc/x86_64-w64-mingw32/16.1.0/../../../../../x86_64-w64-mingw32/lib//../../x86_64-w64-mingw32/lib/libmsvcrt.a(libapi-ms-win-crt-runtime-l1-1-0s00025.o)
 .data          0x00000001400090d0        0x0 G:/projects/embedded-development/gcc/bin/../x86_64-w64-mingw32/lib/gcc/x86_64-w64-mingw32/16.1.0/../../../../../x86_64-w64-mingw32/lib//../../x86_64-w64-mingw32/lib/libmsvcrt.a(libapi-ms-win-crt-runtime-l1-1-0s00031.o)
 .data          0x00000001400090d0        0x0 G:/projects/embedded-development/gcc/bin/../x86_64-w64-mingw32/lib/gcc/x86_64-w64-mingw32/16.1.0/../../../../../x86_64-w64-mingw32/lib//../../x86_64-w64-mingw32/lib/libmsvcrt.a(libapi-ms-win-crt-runtime-l1-1-0s00034.o)
 .data          0x00000001400090d0        0x0 G:/projects/embedded-development/gcc/bin/../x86_64-w64-mingw32/lib/gcc/x86_64-w64-mingw32/16.1.0/../../../../../x86_64-w64-mingw32/lib//../../x86_64-w64-mingw32/lib/libmsvcrt.a(libapi-ms-win-crt-runtime-l1-1-0s00036.o)
 .data          0x00000001400090d0        0x0 G:/projects/embedded-development/gcc/bin/../x86_64-w64-mingw32/lib/gcc/x86_64-w64-mingw32/16.1.0/../../../../../x86_64-w64-mingw32/lib//../../x86_64-w64-mingw32/lib/libmsvcrt.a(libapi-ms-win-crt-runtime-l1-1-0s00051.o)
 .data          0x00000001400090d0        0x0 G:/projects/embedded-development/gcc/bin/../x86_64-w64-mingw32/lib/gcc/x86_64-w64-mingw32/16.1.0/../../../../../x86_64-w64-mingw32/lib//../../x86_64-w64-mingw32/lib/libmsvcrt.a(libapi-ms-win-crt-runtime-l1-1-0s00054.o)
 .data          0x00000001400090d0        0x0 G:/projects/embedded-development/gcc/bin/../x86_64-w64-mingw32/lib/gcc/x86_64-w64-mingw32/16.1.0/../../../../../x86_64-w64-mingw32/lib//../../x86_64-w64-mingw32/lib/libmsvcrt.a(libapi-ms-win-crt-runtime-l1-1-0s00055.o)
 .data          0x00000001400090d0        0x0 G:/projects/embedded-development/gcc/bin/../x86_64-w64-mingw32/lib/gcc/x86_64-w64-mingw32/16.1.0/../../../../../x86_64-w64-mingw32/lib//../../x86_64-w64-mingw32/lib/libmsvcrt.a(libapi-ms-win-crt-runtime-l1-1-0s00071.o)
 .data          0x00000001400090d0        0x0 G:/projects/embedded-development/gcc/bin/../x86_64-w64-mingw32/lib/gcc/x86_64-w64-mingw32/16.1.0/../../../../../x86_64-w64-mingw32/lib//../../x86_64-w64-mingw32/lib/libmsvcrt.a(libapi-ms-win-crt-runtime-l1-1-0s00084.o)
 .data          0x00000001400090d0        0x0 G:/projects/embedded-development/gcc/bin/../x86_64-w64-mingw32/lib/gcc/x86_64-w64-mingw32/16.1.0/../../../../../x86_64-w64-mingw32/lib//../../x86_64-w64-mingw32/lib/libmsvcrt.a(libapi-ms-win-crt-runtime-l1-1-0s00085.o)
 .data          0x00000001400090d0        0x0 G:/projects/embedded-development/gcc/bin/../x86_64-w64-mingw32/lib/gcc/x86_64-w64-mingw32/16.1.0/../../../../../x86_64-w64-mingw32/lib//../../x86_64-w64-mingw32/lib/libmsvcrt.a(libapi-ms-win-crt-runtime-l1-1-0s00099.o)
 .data          0x00000001400090d0        0x0 G:/projects/embedded-development/gcc/bin/../x86_64-w64-mingw32/lib/gcc/x86_64-w64-mingw32/16.1.0/../../../../../x86_64-w64-mingw32/lib//../../x86_64-w64-mingw32/lib/libmsvcrt.a(libapi-ms-win-crt-runtime-l1-1-0s00100.o)
 .data          0x00000001400090d0        0x0 G:/projects/embedded-development/gcc/bin/../x86_64-w64-mingw32/lib/gcc/x86_64-w64-mingw32/16.1.0/../../../../../x86_64-w64-mingw32/lib//../../x86_64-w64-mingw32/lib/libmsvcrt.a(libapi-ms-win-crt-runtime-l1-1-0h.o)
 .data          0x00000001400090d0        0x0 G:/projects/embedded-development/gcc/bin/../x86_64-w64-mingw32/lib/gcc/x86_64-w64-mingw32/16.1.0/../../../../../x86_64-w64-mingw32/lib//../../x86_64-w64-mingw32/lib/libmsvcrt.a(libapi-ms-win-crt-runtime-l1-1-0t.o)
 .data          0x00000001400090d0        0x0 G:/projects/embedded-development/gcc/bin/../x86_64-w64-mingw32/lib/gcc/x86_64-w64-mingw32/16.1.0/../../../../../x86_64-w64-mingw32/lib//../../x86_64-w64-mingw32/lib/libmsvcrt.a(libapi-ms-win-crt-private-l1-1-0s00012.o)
 .data          0x00000001400090d0        0x0 G:/projects/embedded-development/gcc/bin/../x86_64-w64-mingw32/lib/gcc/x86_64-w64-mingw32/16.1.0/../../../../../x86_64-w64-mingw32/lib//../../x86_64-w64-mingw32/lib/libmsvcrt.a(libapi-ms-win-crt-private-l1-1-0s01085.o)
 .data          0x00000001400090d0        0x0 G:/projects/embedded-development/gcc/bin/../x86_64-w64-mingw32/lib/gcc/x86_64-w64-mingw32/16.1.0/../../../../../x86_64-w64-mingw32/lib//../../x86_64-w64-mingw32/lib/libmsvcrt.a(libapi-ms-win-crt-private-l1-1-0h.o)
 .data          0x00000001400090d0        0x0 G:/projects/embedded-development/gcc/bin/../x86_64-w64-mingw32/lib/gcc/x86_64-w64-mingw32/16.1.0/../../../../../x86_64-w64-mingw32/lib//../../x86_64-w64-mingw32/lib/libmsvcrt.a(libapi-ms-win-crt-private-l1-1-0t.o)
 .data          0x00000001400090d0        0x0 G:/projects/embedded-development/gcc/bin/../x86_64-w64-mingw32/lib/gcc/x86_64-w64-mingw32/16.1.0/../../../../../x86_64-w64-mingw32/lib//../../x86_64-w64-mingw32/lib/libmsvcrt.a(libapi-ms-win-crt-math-l1-1-0s00009.o)
 .data          0x00000001400090d0        0x0 G:/projects/embedded-development/gcc/bin/../x86_64-w64-mingw32/lib/gcc/x86_64-w64-mingw32/16.1.0/../../../../../x86_64-w64-mingw32/lib//../../x86_64-w64-mingw32/lib/libmsvcrt.a(libapi-ms-win-crt-math-l1-1-0h.o)
 .data          0x00000001400090d0        0x0 G:/projects/embedded-development/gcc/bin/../x86_64-w64-mingw32/lib/gcc/x86_64-w64-mingw32/16.1.0/../../../../../x86_64-w64-mingw32/lib//../../x86_64-w64-mingw32/lib/libmsvcrt.a(libapi-ms-win-crt-math-l1-1-0t.o)
 .data          0x00000001400090d0        0x0 G:/projects/embedded-development/gcc/bin/../x86_64-w64-mingw32/lib/gcc/x86_64-w64-mingw32/16.1.0/../../../../../x86_64-w64-mingw32/lib//../../x86_64-w64-mingw32/lib/libmsvcrt.a(libapi-ms-win-crt-locale-l1-1-0s00008.o)
 .data          0x00000001400090d0        0x0 G:/projects/embedded-development/gcc/bin/../x86_64-w64-mingw32/lib/gcc/x86_64-w64-mingw32/16.1.0/../../../../../x86_64-w64-mingw32/lib//../../x86_64-w64-mingw32/lib/libmsvcrt.a(libapi-ms-win-crt-locale-l1-1-0s00018.o)
 .data          0x00000001400090d0        0x0 G:/projects/embedded-development/gcc/bin/../x86_64-w64-mingw32/lib/gcc/x86_64-w64-mingw32/16.1.0/../../../../../x86_64-w64-mingw32/lib//../../x86_64-w64-mingw32/lib/libmsvcrt.a(libapi-ms-win-crt-locale-l1-1-0h.o)
 .data          0x00000001400090d0        0x0 G:/projects/embedded-development/gcc/bin/../x86_64-w64-mingw32/lib/gcc/x86_64-w64-mingw32/16.1.0/../../../../../x86_64-w64-mingw32/lib//../../x86_64-w64-mingw32/lib/libmsvcrt.a(libapi-ms-win-crt-locale-l1-1-0t.o)
 .data          0x00000001400090d0        0x0 G:/projects/embedded-development/gcc/bin/../x86_64-w64-mingw32/lib/gcc/x86_64-w64-mingw32/16.1.0/../../../../../x86_64-w64-mingw32/lib//../../x86_64-w64-mingw32/lib/libmsvcrt.a(libapi-ms-win-crt-heap-l1-1-0s00022.o)
 .data          0x00000001400090d0        0x0 G:/projects/embedded-development/gcc/bin/../x86_64-w64-mingw32/lib/gcc/x86_64-w64-mingw32/16.1.0/../../../../../x86_64-w64-mingw32/lib//../../x86_64-w64-mingw32/lib/libmsvcrt.a(libapi-ms-win-crt-heap-l1-1-0s00023.o)
 .data          0x00000001400090d0        0x0 G:/projects/embedded-development/gcc/bin/../x86_64-w64-mingw32/lib/gcc/x86_64-w64-mingw32/16.1.0/../../../../../x86_64-w64-mingw32/lib//../../x86_64-w64-mingw32/lib/libmsvcrt.a(libapi-ms-win-crt-heap-l1-1-0s00024.o)
 .data          0x00000001400090d0        0x0 G:/projects/embedded-development/gcc/bin/../x86_64-w64-mingw32/lib/gcc/x86_64-w64-mingw32/16.1.0/../../../../../x86_64-w64-mingw32/lib//../../x86_64-w64-mingw32/lib/libmsvcrt.a(libapi-ms-win-crt-heap-l1-1-0s00025.o)
 .data          0x00000001400090d0        0x0 G:/projects/embedded-development/gcc/bin/../x86_64-w64-mingw32/lib/gcc/x86_64-w64-mingw32/16.1.0/../../../../../x86_64-w64-mingw32/lib//../../x86_64-w64-mingw32/lib/libmsvcrt.a(libapi-ms-win-crt-heap-l1-1-0h.o)
 .data          0x00000001400090d0        0x0 G:/projects/embedded-development/gcc/bin/../x86_64-w64-mingw32/lib/gcc/x86_64-w64-mingw32/16.1.0/../../../../../x86_64-w64-mingw32/lib//../../x86_64-w64-mingw32/lib/libmsvcrt.a(libapi-ms-win-crt-heap-l1-1-0t.o)
 .data          0x00000001400090d0        0x0 G:/projects/embedded-development/gcc/bin/../x86_64-w64-mingw32/lib/gcc/x86_64-w64-mingw32/16.1.0/../../../../../x86_64-w64-mingw32/lib//../../x86_64-w64-mingw32/lib/libmsvcrt.a(libapi-ms-win-crt-filesystem-l1-1-0s00020.o)
 .data          0x00000001400090d0        0x0 G:/projects/embedded-development/gcc/bin/../x86_64-w64-mingw32/lib/gcc/x86_64-w64-mingw32/16.1.0/../../../../../x86_64-w64-mingw32/lib//../../x86_64-w64-mingw32/lib/libmsvcrt.a(libapi-ms-win-crt-filesystem-l1-1-0s00034.o)
 .data          0x00000001400090d0        0x0 G:/projects/embedded-development/gcc/bin/../x86_64-w64-mingw32/lib/gcc/x86_64-w64-mingw32/16.1.0/../../../../../x86_64-w64-mingw32/lib//../../x86_64-w64-mingw32/lib/libmsvcrt.a(libapi-ms-win-crt-filesystem-l1-1-0h.o)
 .data          0x00000001400090d0        0x0 G:/projects/embedded-development/gcc/bin/../x86_64-w64-mingw32/lib/gcc/x86_64-w64-mingw32/16.1.0/../../../../../x86_64-w64-mingw32/lib//../../x86_64-w64-mingw32/lib/libmsvcrt.a(libapi-ms-win-crt-filesystem-l1-1-0t.o)
 .data          0x00000001400090d0        0x0 G:/projects/embedded-development/gcc/bin/../x86_64-w64-mingw32/lib/gcc/x86_64-w64-mingw32/16.1.0/../../../../../x86_64-w64-mingw32/lib//../../x86_64-w64-mingw32/lib/libmsvcrt.a(libapi-ms-win-crt-environment-l1-1-0s00000.o)
 .data          0x00000001400090d0        0x0 G:/projects/embedded-development/gcc/bin/../x86_64-w64-mingw32/lib/gcc/x86_64-w64-mingw32/16.1.0/../../../../../x86_64-w64-mingw32/lib//../../x86_64-w64-mingw32/lib/libmsvcrt.a(libapi-ms-win-crt-environment-l1-1-0h.o)
 .data          0x00000001400090d0        0x0 G:/projects/embedded-development/gcc/bin/../x86_64-w64-mingw32/lib/gcc/x86_64-w64-mingw32/16.1.0/../../../../../x86_64-w64-mingw32/lib//../../x86_64-w64-mingw32/lib/libmsvcrt.a(libapi-ms-win-crt-environment-l1-1-0t.o)
 .data          0x00000001400090d0        0x0 G:/projects/embedded-development/gcc/bin/../x86_64-w64-mingw32/lib/gcc/x86_64-w64-mingw32/16.1.0/../../../../../x86_64-w64-mingw32/lib//../../x86_64-w64-mingw32/lib/libmsvcrt.a(libapi-ms-win-crt-convert-l1-1-0s00083.o)
 .data          0x00000001400090d0        0x0 G:/projects/embedded-development/gcc/bin/../x86_64-w64-mingw32/lib/gcc/x86_64-w64-mingw32/16.1.0/../../../../../x86_64-w64-mingw32/lib//../../x86_64-w64-mingw32/lib/libmsvcrt.a(libapi-ms-win-crt-convert-l1-1-0s00097.o)
 .data          0x00000001400090d0        0x0 G:/projects/embedded-development/gcc/bin/../x86_64-w64-mingw32/lib/gcc/x86_64-w64-mingw32/16.1.0/../../../../../x86_64-w64-mingw32/lib//../../x86_64-w64-mingw32/lib/libmsvcrt.a(libapi-ms-win-crt-convert-l1-1-0h.o)
 .data          0x00000001400090d0        0x0 G:/projects/embedded-development/gcc/bin/../x86_64-w64-mingw32/lib/gcc/x86_64-w64-mingw32/16.1.0/../../../../../x86_64-w64-mingw32/lib//../../x86_64-w64-mingw32/lib/libmsvcrt.a(libapi-ms-win-crt-convert-l1-1-0t.o)
 .data          0x00000001400090d0       0x10 G:/projects/embedded-development/gcc/bin/../x86_64-w64-mingw32/lib/gcc/x86_64-w64-mingw32/16.1.0/../../../../../x86_64-w64-mingw32/lib//../../x86_64-w64-mingw32/lib/libmsvcrt.a(lib64_libucrt_extra_a-__initenv.o)
                0x00000001400090d0                __imp___initenv
 .data          0x00000001400090e0        0x0 G:/projects/embedded-development/gcc/bin/../x86_64-w64-mingw32/lib/gcc/x86_64-w64-mingw32/16.1.0/../../../../../x86_64-w64-mingw32/lib//../../x86_64-w64-mingw32/lib/libkernel32.a(libkernel32s01535.o)
 .data          0x00000001400090e0        0x0 G:/projects/embedded-development/gcc/bin/../x86_64-w64-mingw32/lib/gcc/x86_64-w64-mingw32/16.1.0/../../../../../x86_64-w64-mingw32/lib//../../x86_64-w64-mingw32/lib/libkernel32.a(libkernel32s01533.o)
 .data          0x00000001400090e0        0x0 G:/projects/embedded-development/gcc/bin/../x86_64-w64-mingw32/lib/gcc/x86_64-w64-mingw32/16.1.0/../../../../../x86_64-w64-mingw32/lib//../../x86_64-w64-mingw32/lib/libkernel32.a(libkernel32s01485.o)
 .data          0x00000001400090e0        0x0 G:/projects/embedded-development/gcc/bin/../x86_64-w64-mingw32/lib/gcc/x86_64-w64-mingw32/16.1.0/../../../../../x86_64-w64-mingw32/lib//../../x86_64-w64-mingw32/lib/libkernel32.a(libkernel32s01449.o)
 .data          0x00000001400090e0        0x0 G:/projects/embedded-development/gcc/bin/../x86_64-w64-mingw32/lib/gcc/x86_64-w64-mingw32/16.1.0/../../../../../x86_64-w64-mingw32/lib//../../x86_64-w64-mingw32/lib/libkernel32.a(libkernel32s01433.o)
 .data          0x00000001400090e0        0x0 G:/projects/embedded-development/gcc/bin/../x86_64-w64-mingw32/lib/gcc/x86_64-w64-mingw32/16.1.0/../../../../../x86_64-w64-mingw32/lib//../../x86_64-w64-mingw32/lib/libkernel32.a(libkernel32s01012.o)
 .data          0x00000001400090e0        0x0 G:/projects/embedded-development/gcc/bin/../x86_64-w64-mingw32/lib/gcc/x86_64-w64-mingw32/16.1.0/../../../../../x86_64-w64-mingw32/lib//../../x86_64-w64-mingw32/lib/libkernel32.a(libkernel32s00918.o)
 .data          0x00000001400090e0        0x0 G:/projects/embedded-development/gcc/bin/../x86_64-w64-mingw32/lib/gcc/x86_64-w64-mingw32/16.1.0/../../../../../x86_64-w64-mingw32/lib//../../x86_64-w64-mingw32/lib/libkernel32.a(libkernel32s00648.o)
 .data          0x00000001400090e0        0x0 G:/projects/embedded-development/gcc/bin/../x86_64-w64-mingw32/lib/gcc/x86_64-w64-mingw32/16.1.0/../../../../../x86_64-w64-mingw32/lib//../../x86_64-w64-mingw32/lib/libkernel32.a(libkernel32s00333.o)
 .data          0x00000001400090e0        0x0 G:/projects/embedded-development/gcc/bin/../x86_64-w64-mingw32/lib/gcc/x86_64-w64-mingw32/16.1.0/../../../../../x86_64-w64-mingw32/lib//../../x86_64-w64-mingw32/lib/libkernel32.a(libkernel32s00295.o)
 .data          0x00000001400090e0        0x0 G:/projects/embedded-development/gcc/bin/../x86_64-w64-mingw32/lib/gcc/x86_64-w64-mingw32/16.1.0/../../../../../x86_64-w64-mingw32/lib//../../x86_64-w64-mingw32/lib/libkernel32.a(libkernel32h.o)
 .data          0x00000001400090e0        0x0 G:/projects/embedded-development/gcc/bin/../x86_64-w64-mingw32/lib/gcc/x86_64-w64-mingw32/16.1.0/../../../../../x86_64-w64-mingw32/lib//../../x86_64-w64-mingw32/lib/libkernel32.a(libkernel32t.o)
 .data          0x00000001400090e0        0x0 G:/projects/embedded-development/gcc/bin/../x86_64-w64-mingw32/lib/gcc/x86_64-w64-mingw32/16.1.0/crtend.o
 *(.data2)
 *(SORT_BY_NAME(.data$*))
 *(.jcr)
                0x00000001400090e0                __data_end__ = .
 *(.data_cygwin_nocopy)

.rdata          0x000000014000a000      0xa00
 *(.rdata)
 .rdata         0x000000014000a000       0x70 C:\Users\stsmn\AppData\Local\Temp\ccW1BklK.o
 *fill*         0x000000014000a070       0x10 
 .rdata         0x000000014000a080       0x60 G:/projects/embedded-development/gcc/bin/../x86_64-w64-mingw32/lib/gcc/x86_64-w64-mingw32/16.1.0/../../../../../x86_64-w64-mingw32/lib//../../x86_64-w64-mingw32/lib/libmingw32.a(lib64_libmingw32_a-tlssup.o)
                0x000000014000a080                __dyn_tls_init_callback
                0x000000014000a0a0                _tls_used
 .rdata         0x000000014000a0e0      0x140 G:/projects/embedded-development/gcc/bin/../x86_64-w64-mingw32/lib/gcc/x86_64-w64-mingw32/16.1.0/../../../../../x86_64-w64-mingw32/lib//../../x86_64-w64-mingw32/lib/libmingw32.a(lib64_libmingw32_a-merr.o)
 .rdata         0x000000014000a220      0x160 G:/projects/embedded-development/gcc/bin/../x86_64-w64-mingw32/lib/gcc/x86_64-w64-mingw32/16.1.0/../../../../../x86_64-w64-mingw32/lib//../../x86_64-w64-mingw32/lib/libmingw32.a(lib64_libmingw32_a-pseudo-reloc.o)
 .rdata         0x000000014000a380       0x60 G:/projects/embedded-development/gcc/bin/../x86_64-w64-mingw32/lib/gcc/x86_64-w64-mingw32/16.1.0/../../../../../x86_64-w64-mingw32/lib//../../x86_64-w64-mingw32/lib/libmingw32.a(lib64_libmingw32_a-crt_handler.o)
 .rdata         0x000000014000a3e0      0x190 G:/projects/embedded-development/gcc/bin/../x86_64-w64-mingw32/lib/gcc/x86_64-w64-mingw32/16.1.0/../../../../../x86_64-w64-mingw32/lib//../../x86_64-w64-mingw32/lib/libmingwex.a(lib64_libmingwex_a-mingw_pformat.o)
 .rdata         0x000000014000a570       0x90 G:/projects/embedded-development/gcc/bin/../x86_64-w64-mingw32/lib/gcc/x86_64-w64-mingw32/16.1.0/../../../../../x86_64-w64-mingw32/lib//../../x86_64-w64-mingw32/lib/libmingwex.a(lib64_libmingwex_a-gdtoa.o)
 .rdata         0x000000014000a600      0x160 G:/projects/embedded-development/gcc/bin/../x86_64-w64-mingw32/lib/gcc/x86_64-w64-mingw32/16.1.0/../../../../../x86_64-w64-mingw32/lib//../../x86_64-w64-mingw32/lib/libmingwex.a(lib64_libmingwex_a-misc.o)
                0x000000014000a620                __tens_D2A
                0x000000014000a6e0                __tinytens_D2A
                0x000000014000a720                __bigtens_D2A
 .rdata         0x000000014000a760       0x20 G:/projects/embedded-development/gcc/bin/../x86_64-w64-mingw32/lib/gcc/x86_64-w64-mingw32/16.1.0/../../../../../x86_64-w64-mingw32/lib//../../x86_64-w64-mingw32/lib/libmsvcrt.a(lib64_libucrt_extra_a-ucrt_amsg_exit.o)
 *(SORT_BY_NAME(.rdata$*))
 .rdata$.refptr._CRT_MT
                0x000000014000a780       0x10 G:/projects/embedded-development/gcc/bin/../x86_64-w64-mingw32/lib/gcc/x86_64-w64-mingw32/16.1.0/../../../../../x86_64-w64-mingw32/lib//../../x86_64-w64-mingw32/lib/libmingw32.a(lib64_libmingw32_a-tlssup.o)
                0x000000014000a780                .refptr._CRT_MT
 .rdata$.refptr._MINGW_INSTALL_DEBUG_MATHERR
                0x000000014000a790       0x10 G:/projects/embedded-development/gcc/bin/../x86_64-w64-mingw32/lib/gcc/x86_64-w64-mingw32/16.1.0/../../../../../x86_64-w64-mingw32/lib//../../x86_64-w64-mingw32/lib/crt2.o
                0x000000014000a790                .refptr._MINGW_INSTALL_DEBUG_MATHERR
 .rdata$.refptr.__CTOR_LIST__
                0x000000014000a7a0       0x10 G:/projects/embedded-development/gcc/bin/../x86_64-w64-mingw32/lib/gcc/x86_64-w64-mingw32/16.1.0/../../../../../x86_64-w64-mingw32/lib//../../x86_64-w64-mingw32/lib/libmingw32.a(lib64_libmingw32_a-gccmain.o)
                0x000000014000a7a0                .refptr.__CTOR_LIST__
 .rdata$.refptr.__ImageBase
                0x000000014000a7b0       0x10 G:/projects/embedded-development/gcc/bin/../x86_64-w64-mingw32/lib/gcc/x86_64-w64-mingw32/16.1.0/../../../../../x86_64-w64-mingw32/lib//../../x86_64-w64-mingw32/lib/crt2.o
                0x000000014000a7b0                .refptr.__ImageBase
 .rdata$.refptr.__RUNTIME_PSEUDO_RELOC_LIST_END__
                0x000000014000a7c0       0x10 G:/projects/embedded-development/gcc/bin/../x86_64-w64-mingw32/lib/gcc/x86_64-w64-mingw32/16.1.0/../../../../../x86_64-w64-mingw32/lib//../../x86_64-w64-mingw32/lib/libmingw32.a(lib64_libmingw32_a-pseudo-reloc.o)
                0x000000014000a7c0                .refptr.__RUNTIME_PSEUDO_RELOC_LIST_END__
 .rdata$.refptr.__RUNTIME_PSEUDO_RELOC_LIST__
                0x000000014000a7d0       0x10 G:/projects/embedded-development/gcc/bin/../x86_64-w64-mingw32/lib/gcc/x86_64-w64-mingw32/16.1.0/../../../../../x86_64-w64-mingw32/lib//../../x86_64-w64-mingw32/lib/libmingw32.a(lib64_libmingw32_a-pseudo-reloc.o)
                0x000000014000a7d0                .refptr.__RUNTIME_PSEUDO_RELOC_LIST__
 .rdata$.refptr.__dyn_tls_init_callback
                0x000000014000a7e0       0x10 G:/projects/embedded-development/gcc/bin/../x86_64-w64-mingw32/lib/gcc/x86_64-w64-mingw32/16.1.0/../../../../../x86_64-w64-mingw32/lib//../../x86_64-w64-mingw32/lib/crt2.o
                0x000000014000a7e0                .refptr.__dyn_tls_init_callback
 .rdata$.refptr.__globallocalestatus
                0x000000014000a7f0       0x10 G:/projects/embedded-development/gcc/bin/../x86_64-w64-mingw32/lib/gcc/x86_64-w64-mingw32/16.1.0/../../../../../x86_64-w64-mingw32/lib//../../x86_64-w64-mingw32/lib/crt2.o
                0x000000014000a7f0                .refptr.__globallocalestatus
 .rdata$.refptr.__imp___initenv
                0x000000014000a800       0x10 G:/projects/embedded-development/gcc/bin/../x86_64-w64-mingw32/lib/gcc/x86_64-w64-mingw32/16.1.0/../../../../../x86_64-w64-mingw32/lib//../../x86_64-w64-mingw32/lib/libmsvcrt.a(lib64_libucrt_extra_a-__p___initenv.o)
                0x000000014000a800                .refptr.__imp___initenv
 .rdata$.refptr.__mingw_app_type
                0x000000014000a810       0x10 G:/projects/embedded-development/gcc/bin/../x86_64-w64-mingw32/lib/gcc/x86_64-w64-mingw32/16.1.0/../../../../../x86_64-w64-mingw32/lib//../../x86_64-w64-mingw32/lib/crt2.o
                0x000000014000a810                .refptr.__mingw_app_type
 .rdata$.refptr.__mingw_initltsdrot_force
                0x000000014000a820       0x10 G:/projects/embedded-development/gcc/bin/../x86_64-w64-mingw32/lib/gcc/x86_64-w64-mingw32/16.1.0/../../../../../x86_64-w64-mingw32/lib//../../x86_64-w64-mingw32/lib/crt2.o
                0x000000014000a820                .refptr.__mingw_initltsdrot_force
 .rdata$.refptr.__mingw_initltsdyn_force
                0x000000014000a830       0x10 G:/projects/embedded-development/gcc/bin/../x86_64-w64-mingw32/lib/gcc/x86_64-w64-mingw32/16.1.0/../../../../../x86_64-w64-mingw32/lib//../../x86_64-w64-mingw32/lib/crt2.o
                0x000000014000a830                .refptr.__mingw_initltsdyn_force
 .rdata$.refptr.__mingw_initltssuo_force
                0x000000014000a840       0x10 G:/projects/embedded-development/gcc/bin/../x86_64-w64-mingw32/lib/gcc/x86_64-w64-mingw32/16.1.0/../../../../../x86_64-w64-mingw32/lib//../../x86_64-w64-mingw32/lib/crt2.o
                0x000000014000a840                .refptr.__mingw_initltssuo_force
 .rdata$.refptr.__mingw_oldexcpt_handler
                0x000000014000a850       0x10 G:/projects/embedded-development/gcc/bin/../x86_64-w64-mingw32/lib/gcc/x86_64-w64-mingw32/16.1.0/../../../../../x86_64-w64-mingw32/lib//../../x86_64-w64-mingw32/lib/crt2.o
                0x000000014000a850                .refptr.__mingw_oldexcpt_handler
 .rdata$.refptr.__native_startup_lock
                0x000000014000a860       0x10 G:/projects/embedded-development/gcc/bin/../x86_64-w64-mingw32/lib/gcc/x86_64-w64-mingw32/16.1.0/../../../../../x86_64-w64-mingw32/lib//../../x86_64-w64-mingw32/lib/crt2.o
                0x000000014000a860                .refptr.__native_startup_lock
 .rdata$.refptr.__native_startup_state
                0x000000014000a870       0x10 G:/projects/embedded-development/gcc/bin/../x86_64-w64-mingw32/lib/gcc/x86_64-w64-mingw32/16.1.0/../../../../../x86_64-w64-mingw32/lib//../../x86_64-w64-mingw32/lib/crt2.o
                0x000000014000a870                .refptr.__native_startup_state
 .rdata$.refptr.__tens_D2A
                0x000000014000a880       0x10 G:/projects/embedded-development/gcc/bin/../x86_64-w64-mingw32/lib/gcc/x86_64-w64-mingw32/16.1.0/../../../../../x86_64-w64-mingw32/lib//../../x86_64-w64-mingw32/lib/libmingwex.a(lib64_libmingwex_a-gdtoa.o)
                0x000000014000a880                .refptr.__tens_D2A
 .rdata$.refptr.__xc_a
                0x000000014000a890       0x10 G:/projects/embedded-development/gcc/bin/../x86_64-w64-mingw32/lib/gcc/x86_64-w64-mingw32/16.1.0/../../../../../x86_64-w64-mingw32/lib//../../x86_64-w64-mingw32/lib/crt2.o
                0x000000014000a890                .refptr.__xc_a
 .rdata$.refptr.__xc_z
                0x000000014000a8a0       0x10 G:/projects/embedded-development/gcc/bin/../x86_64-w64-mingw32/lib/gcc/x86_64-w64-mingw32/16.1.0/../../../../../x86_64-w64-mingw32/lib//../../x86_64-w64-mingw32/lib/crt2.o
                0x000000014000a8a0                .refptr.__xc_z
 .rdata$.refptr.__xi_a
                0x000000014000a8b0       0x10 G:/projects/embedded-development/gcc/bin/../x86_64-w64-mingw32/lib/gcc/x86_64-w64-mingw32/16.1.0/../../../../../x86_64-w64-mingw32/lib//../../x86_64-w64-mingw32/lib/crt2.o
                0x000000014000a8b0                .refptr.__xi_a
 .rdata$.refptr.__xi_z
                0x000000014000a8c0       0x10 G:/projects/embedded-development/gcc/bin/../x86_64-w64-mingw32/lib/gcc/x86_64-w64-mingw32/16.1.0/../../../../../x86_64-w64-mingw32/lib//../../x86_64-w64-mingw32/lib/crt2.o
                0x000000014000a8c0                .refptr.__xi_z
 .rdata$.refptr._commode
                0x000000014000a8d0       0x10 G:/projects/embedded-development/gcc/bin/../x86_64-w64-mingw32/lib/gcc/x86_64-w64-mingw32/16.1.0/../../../../../x86_64-w64-mingw32/lib//../../x86_64-w64-mingw32/lib/crt2.o
                0x000000014000a8d0                .refptr._commode
 .rdata$.refptr._dowildcard
                0x000000014000a8e0       0x10 G:/projects/embedded-development/gcc/bin/../x86_64-w64-mingw32/lib/gcc/x86_64-w64-mingw32/16.1.0/../../../../../x86_64-w64-mingw32/lib//../../x86_64-w64-mingw32/lib/crt2.o
                0x000000014000a8e0                .refptr._dowildcard
 .rdata$.refptr._fmode
                0x000000014000a8f0       0x10 G:/projects/embedded-development/gcc/bin/../x86_64-w64-mingw32/lib/gcc/x86_64-w64-mingw32/16.1.0/../../../../../x86_64-w64-mingw32/lib//../../x86_64-w64-mingw32/lib/crt2.o
                0x000000014000a8f0                .refptr._fmode
 .rdata$.refptr._gnu_exception_handler
                0x000000014000a900       0x10 G:/projects/embedded-development/gcc/bin/../x86_64-w64-mingw32/lib/gcc/x86_64-w64-mingw32/16.1.0/../../../../../x86_64-w64-mingw32/lib//../../x86_64-w64-mingw32/lib/crt2.o
                0x000000014000a900                .refptr._gnu_exception_handler
 .rdata$.refptr._matherr
                0x000000014000a910       0x10 G:/projects/embedded-development/gcc/bin/../x86_64-w64-mingw32/lib/gcc/x86_64-w64-mingw32/16.1.0/../../../../../x86_64-w64-mingw32/lib//../../x86_64-w64-mingw32/lib/crt2.o
                0x000000014000a910                .refptr._matherr
 .rdata$.refptr._newmode
                0x000000014000a920       0x10 G:/projects/embedded-development/gcc/bin/../x86_64-w64-mingw32/lib/gcc/x86_64-w64-mingw32/16.1.0/../../../../../x86_64-w64-mingw32/lib//../../x86_64-w64-mingw32/lib/crt2.o
                0x000000014000a920                .refptr._newmode
 .rdata$zzz     0x000000014000a930       0x20 C:\Users\stsmn\AppData\Local\Temp\ccW1BklK.o
                0x000000014000a950                . = ALIGN (0x4)
                0x000000014000a950                __rt_psrelocs_start = .
 *(.rdata_runtime_pseudo_reloc)
                0x000000014000a950                __rt_psrelocs_end = .
                0x000000014000a950                . = ALIGN (0x8)
                0x000000014000a950                __DELAY_IMPORT_DIRECTORY_start__ = .
 SORT_BY_NAME(*)(.didat$2)
 SORT_BY_NAME(*)(.didat$3)
                0x000000014000a950                __DELAY_IMPORT_DIRECTORY_end__ = .
                0x000000014000a950                . = (. + (__DELAY_IMPORT_DIRECTORY_end__ - __DELAY_IMPORT_DIRECTORY_start__)?0x20:0x0)
                0x000000014000a950                . = ALIGN (0x8)
 SORT_BY_NAME(*)(.didat$4)
 SORT_BY_NAME(*)(.didat$6)
 SORT_BY_NAME(*)(.didat$7)
                0x000000014000a950                . = ALIGN (0x8)
                0x000000014000a950                ___CTOR_LIST__ = .
                0x000000014000a950                __CTOR_LIST__ = .
                0x000000014000a950        0x4 LONG 0xffffffffffffffff
                0x000000014000a954        0x4 LONG 0xffffffffffffffff
 *(.ctors)
 *(.ctor)
 *(SORT_BY_NAME(.ctors.*))
 .ctors.65535   0x000000014000a958        0x8 G:/projects/embedded-development/gcc/bin/../x86_64-w64-mingw32/lib/gcc/x86_64-w64-mingw32/16.1.0/crtend.o
                0x000000014000a960        0x4 LONG 0x0
                0x000000014000a964        0x4 LONG 0x0
                0x000000014000a968                ___DTOR_LIST__ = .
                0x000000014000a968                __DTOR_LIST__ = .
                0x000000014000a968        0x4 LONG 0xffffffffffffffff
                0x000000014000a96c        0x4 LONG 0xffffffffffffffff
 *(.dtors)
 *(.dtor)
 *(SORT_BY_NAME(.dtors.*))
                0x000000014000a970        0x4 LONG 0x0
                0x000000014000a974        0x4 LONG 0x0
                0x000000014000a978                ___crt_xc_start__ = .
 *(SORT_BY_NAME(.CRT$XC*))
 .CRT$XCA       0x000000014000a978        0x8 G:/projects/embedded-development/gcc/bin/../x86_64-w64-mingw32/lib/gcc/x86_64-w64-mingw32/16.1.0/../../../../../x86_64-w64-mingw32/lib//../../x86_64-w64-mingw32/lib/libmingw32.a(lib64_libmingw32_a-cinitexe.o)
                0x000000014000a978                __xc_a
 .CRT$XCZ       0x000000014000a980        0x8 G:/projects/embedded-development/gcc/bin/../x86_64-w64-mingw32/lib/gcc/x86_64-w64-mingw32/16.1.0/../../../../../x86_64-w64-mingw32/lib//../../x86_64-w64-mingw32/lib/libmingw32.a(lib64_libmingw32_a-cinitexe.o)
                0x000000014000a980                __xc_z
                0x000000014000a988                ___crt_xc_end__ = .
                0x000000014000a988                ___crt_xi_start__ = .
 *(SORT_BY_NAME(.CRT$XI*))
 .CRT$XIA       0x000000014000a988        0x8 G:/projects/embedded-development/gcc/bin/../x86_64-w64-mingw32/lib/gcc/x86_64-w64-mingw32/16.1.0/../../../../../x86_64-w64-mingw32/lib//../../x86_64-w64-mingw32/lib/libmingw32.a(lib64_libmingw32_a-cinitexe.o)
                0x000000014000a988                __xi_a
 .CRT$XIZ       0x000000014000a990        0x8 G:/projects/embedded-development/gcc/bin/../x86_64-w64-mingw32/lib/gcc/x86_64-w64-mingw32/16.1.0/../../../../../x86_64-w64-mingw32/lib//../../x86_64-w64-mingw32/lib/libmingw32.a(lib64_libmingw32_a-cinitexe.o)
                0x000000014000a990                __xi_z
                0x000000014000a998                ___crt_xi_end__ = .
                0x000000014000a998                ___crt_xl_start__ = .
 *(SORT_BY_NAME(.CRT$XL*))
 .CRT$XLA       0x000000014000a998        0x8 G:/projects/embedded-development/gcc/bin/../x86_64-w64-mingw32/lib/gcc/x86_64-w64-mingw32/16.1.0/../../../../../x86_64-w64-mingw32/lib//../../x86_64-w64-mingw32/lib/libmingw32.a(lib64_libmingw32_a-tlssup.o)
                0x000000014000a998                __xl_a
 .CRT$XLC       0x000000014000a9a0        0x8 G:/projects/embedded-development/gcc/bin/../x86_64-w64-mingw32/lib/gcc/x86_64-w64-mingw32/16.1.0/../../../../../x86_64-w64-mingw32/lib//../../x86_64-w64-mingw32/lib/libmingw32.a(lib64_libmingw32_a-tlssup.o)
                0x000000014000a9a0                __xl_c
 .CRT$XLD       0x000000014000a9a8        0x8 G:/projects/embedded-development/gcc/bin/../x86_64-w64-mingw32/lib/gcc/x86_64-w64-mingw32/16.1.0/../../../../../x86_64-w64-mingw32/lib//../../x86_64-w64-mingw32/lib/libmingw32.a(lib64_libmingw32_a-tlssup.o)
                0x000000014000a9a8                __xl_d
 .CRT$XLZ       0x000000014000a9b0        0x8 G:/projects/embedded-development/gcc/bin/../x86_64-w64-mingw32/lib/gcc/x86_64-w64-mingw32/16.1.0/../../../../../x86_64-w64-mingw32/lib//../../x86_64-w64-mingw32/lib/libmingw32.a(lib64_libmingw32_a-tlssup.o)
                0x000000014000a9b0                __xl_z
                0x000000014000a9b8                ___crt_xp_start__ = .
 *(SORT_BY_NAME(.CRT$XP*))
                0x000000014000a9b8                ___crt_xp_end__ = .
                0x000000014000a9b8                ___crt_xt_start__ = .
 *(SORT_BY_NAME(.CRT$XT*))
                0x000000014000a9b8                ___crt_xt_end__ = .
                0x000000014000a9b8                ___crt_xd_start__ = .
 *(SORT_BY_NAME(.CRT$XD*))
 .CRT$XDA       0x000000014000a9b8        0x8 G:/projects/embedded-development/gcc/bin/../x86_64-w64-mingw32/lib/gcc/x86_64-w64-mingw32/16.1.0/../../../../../x86_64-w64-mingw32/lib//../../x86_64-w64-mingw32/lib/libmingw32.a(lib64_libmingw32_a-tlssup.o)
 .CRT$XDZ       0x000000014000a9c0        0x8 G:/projects/embedded-development/gcc/bin/../x86_64-w64-mingw32/lib/gcc/x86_64-w64-mingw32/16.1.0/../../../../../x86_64-w64-mingw32/lib//../../x86_64-w64-mingw32/lib/libmingw32.a(lib64_libmingw32_a-tlssup.o)
                0x000000014000a9c8                ___crt_xd_end__ = .
                0x000000014000a950                ___RUNTIME_PSEUDO_RELOC_LIST_END__ = __rt_psrelocs_end
                0x000000014000a950                __RUNTIME_PSEUDO_RELOC_LIST_END__ = __rt_psrelocs_end
                0x000000014000a950                ___RUNTIME_PSEUDO_RELOC_LIST__ = __rt_psrelocs_start
                0x000000014000a950                __RUNTIME_PSEUDO_RELOC_LIST__ = __rt_psrelocs_start

.eh_frame
 *(.eh_frame*)

.pdata          0x000000014000b000      0x400
 *(.pdata*)
 .pdata         0x000000014000b000       0x48 G:/projects/embedded-development/gcc/bin/../x86_64-w64-mingw32/lib/gcc/x86_64-w64-mingw32/16.1.0/../../../../../x86_64-w64-mingw32/lib//../../x86_64-w64-mingw32/lib/crt2.o
 .pdata         0x000000014000b048       0x18 G:/projects/embedded-development/gcc/bin/../x86_64-w64-mingw32/lib/gcc/x86_64-w64-mingw32/16.1.0/crtbegin.o
 .pdata         0x000000014000b060       0x24 C:\Users\stsmn\AppData\Local\Temp\ccW1BklK.o
 .pdata         0x000000014000b084       0x24 G:/projects/embedded-development/gcc/bin/../x86_64-w64-mingw32/lib/gcc/x86_64-w64-mingw32/16.1.0/../../../../../x86_64-w64-mingw32/lib//../../x86_64-w64-mingw32/lib/libmingw32.a(lib64_libmingw32_a-gccmain.o)
 .pdata         0x000000014000b0a8        0xc G:/projects/embedded-development/gcc/bin/../x86_64-w64-mingw32/lib/gcc/x86_64-w64-mingw32/16.1.0/../../../../../x86_64-w64-mingw32/lib//../../x86_64-w64-mingw32/lib/libmingw32.a(lib64_libmingw32_a-dllargv.o)
 .pdata         0x000000014000b0b4       0x24 G:/projects/embedded-development/gcc/bin/../x86_64-w64-mingw32/lib/gcc/x86_64-w64-mingw32/16.1.0/../../../../../x86_64-w64-mingw32/lib//../../x86_64-w64-mingw32/lib/libmingw32.a(lib64_libmingw32_a-tlssup.o)
 .pdata         0x000000014000b0d8        0xc G:/projects/embedded-development/gcc/bin/../x86_64-w64-mingw32/lib/gcc/x86_64-w64-mingw32/16.1.0/../../../../../x86_64-w64-mingw32/lib//../../x86_64-w64-mingw32/lib/libmingw32.a(lib64_libmingw32_a-merr.o)
 .pdata         0x000000014000b0e4       0x24 G:/projects/embedded-development/gcc/bin/../x86_64-w64-mingw32/lib/gcc/x86_64-w64-mingw32/16.1.0/../../../../../x86_64-w64-mingw32/lib//../../x86_64-w64-mingw32/lib/libmingw32.a(lib64_libmingw32_a-pseudo-reloc.o)
 .pdata         0x000000014000b108       0x18 G:/projects/embedded-development/gcc/bin/../x86_64-w64-mingw32/lib/gcc/x86_64-w64-mingw32/16.1.0/../../../../../x86_64-w64-mingw32/lib//../../x86_64-w64-mingw32/lib/libmingw32.a(lib64_libmingw32_a-usermatherr.o)
 .pdata         0x000000014000b120       0x18 G:/projects/embedded-development/gcc/bin/../x86_64-w64-mingw32/lib/gcc/x86_64-w64-mingw32/16.1.0/../../../../../x86_64-w64-mingw32/lib//../../x86_64-w64-mingw32/lib/libmingw32.a(lib64_libmingw32_a-crt_handler.o)
 .pdata         0x000000014000b138       0x30 G:/projects/embedded-development/gcc/bin/../x86_64-w64-mingw32/lib/gcc/x86_64-w64-mingw32/16.1.0/../../../../../x86_64-w64-mingw32/lib//../../x86_64-w64-mingw32/lib/libmingw32.a(lib64_libmingw32_a-tlsthrd.o)
 .pdata         0x000000014000b168        0xc G:/projects/embedded-development/gcc/bin/../x86_64-w64-mingw32/lib/gcc/x86_64-w64-mingw32/16.1.0/../../../../../x86_64-w64-mingw32/lib//../../x86_64-w64-mingw32/lib/libmingw32.a(lib64_libmingw32_a-CRT_fp10.o)
 .pdata         0x000000014000b174       0x6c G:/projects/embedded-development/gcc/bin/../x86_64-w64-mingw32/lib/gcc/x86_64-w64-mingw32/16.1.0/../../../../../x86_64-w64-mingw32/lib//../../x86_64-w64-mingw32/lib/libmingw32.a(lib64_libmingw32_a-pesect.o)
 .pdata         0x000000014000b1e0        0xc G:/projects/embedded-development/gcc/bin/../x86_64-w64-mingw32/lib/gcc/x86_64-w64-mingw32/16.1.0/../../../../../x86_64-w64-mingw32/lib//../../x86_64-w64-mingw32/lib/libmingwex.a(lib64_libmingwex_a-mingw_printf.o)
 .pdata         0x000000014000b1ec       0xc0 G:/projects/embedded-development/gcc/bin/../x86_64-w64-mingw32/lib/gcc/x86_64-w64-mingw32/16.1.0/../../../../../x86_64-w64-mingw32/lib//../../x86_64-w64-mingw32/lib/libmingwex.a(lib64_libmingwex_a-mingw_pformat.o)
 .pdata         0x000000014000b2ac       0x30 G:/projects/embedded-development/gcc/bin/../x86_64-w64-mingw32/lib/gcc/x86_64-w64-mingw32/16.1.0/../../../../../x86_64-w64-mingw32/lib//../../x86_64-w64-mingw32/lib/libmingwex.a(lib64_libmingwex_a-dmisc.o)
 .pdata         0x000000014000b2dc        0xc G:/projects/embedded-development/gcc/bin/../x86_64-w64-mingw32/lib/gcc/x86_64-w64-mingw32/16.1.0/../../../../../x86_64-w64-mingw32/lib//../../x86_64-w64-mingw32/lib/libmingwex.a(lib64_libmingwex_a-gdtoa.o)
 .pdata         0x000000014000b2e8       0x18 G:/projects/embedded-development/gcc/bin/../x86_64-w64-mingw32/lib/gcc/x86_64-w64-mingw32/16.1.0/../../../../../x86_64-w64-mingw32/lib//../../x86_64-w64-mingw32/lib/libmingwex.a(lib64_libmingwex_a-gmisc.o)
 .pdata         0x000000014000b300       0xa8 G:/projects/embedded-development/gcc/bin/../x86_64-w64-mingw32/lib/gcc/x86_64-w64-mingw32/16.1.0/../../../../../x86_64-w64-mingw32/lib//../../x86_64-w64-mingw32/lib/libmingwex.a(lib64_libmingwex_a-misc.o)
 .pdata         0x000000014000b3a8        0xc G:/projects/embedded-development/gcc/bin/../x86_64-w64-mingw32/lib/gcc/x86_64-w64-mingw32/16.1.0/../../../../../x86_64-w64-mingw32/lib//../../x86_64-w64-mingw32/lib/libmsvcrt.a(lib64_libucrt_extra_a-ucrt_vfprintf.o)