Archive member included to satisfy reference by file (symbol)

G:/projects/embedded-development/gcc/bin/../x86_64-w64-mingw32/lib/gcc/x86_64-w64-mingw32/16.1.0/../../../../../x86_64-w64-mingw32/lib//../../x86_64-w64-mingw32/lib/libmingw32.a(lib64_libmingw32_a-gccmain.o)
                              G:/projects/embedded-development/gcc/bin/../x86_64-w64-mingw32/lib/gcc/x86_64-w64-mingw32/16.1.0/../../../../../x86_64-w64-mingw32/lib//../../x86_64-w64-mingw32/lib/crt2.o (__main)
G:/projects/embedded-development/gcc/bin/../x86_64-w64-mingw32/lib/gcc/x86_64-w64-mingw32/16.1.0/../../../../../x86_64-w64-mingw32/lib//../../x86_64-w64-mingw32/lib/libmingw32.a(lib64_libmingw32_a-natstart.o)
                              G:/projects/embedded-development/gcc/bin/../x86_64-w64-mingw32/lib/gcc/x86_64-w64-mingw32/16.1.0/../../../../../x86_64-w64-mingw32/lib//../../x86_64-w64-mingw32/lib/crt2.o (__native_startup_lock)
G:/projects/embedded-development/gcc/bin/../x86_64-w64-mingw32/lib/gcc/x86_64-w64-mingw32/16.1.0/../../../../../x86_64-w64-mingw32/lib//../../x86_64-w64-mingw32/lib/libmingw32.a(lib64_libmingw32_a-wildcard.o)
                              G:/projects/embedded-development/gcc/bin/../x86_64-w64-mingw32/lib/gcc/x86_64-w64-mingw32/16.1.0/../../../../../x86_64-w64-mingw32/lib//../../x86_64-w64-mingw32/lib/crt2.o (_dowildcard)
G:/projects/embedded-development/gcc/bin/../x86_64-w64-mingw32/lib/gcc/x86_64-w64-mingw32/16.1.0/../../../../../x86_64-w64-mingw32/lib//../../x86_64-w64-mingw32/lib/libmingw32.a(lib64_libmingw32_a-dllargv.o)
                              G:/projects/embedded-development/gcc/bin/../x86_64-w64-mingw32/lib/gcc/x86_64-w64-mingw32/16.1.0/../../../../../x86_64-w64-mingw32/lib//../../x86_64-w64-mingw32/lib/crt2.o (_setargv)
G:/projects/embedded-development/gcc/bin/../x86_64-w64-mingw32/lib/gcc/x86_64-w64-mingw32/16.1.0/../../../../../x86_64-w64-mingw32/lib//../../x86_64-w64-mingw32/lib/libmingw32.a(lib64_libmingw32_a-_newmode.o)
                              G:/projects/embedded-development/gcc/bin/../x86_64-w64-mingw32/lib/gcc/x86_64-w64-mingw32/16.1.0/../../../../../x86_64-w64-mingw32/lib//../../x86_64-w64-mingw32/lib/crt2.o (_newmode)
G:/projects/embedded-development/gcc/bin/../x86_64-w64-mingw32/lib/gcc/x86_64-w64-mingw32/16.1.0/../../../../../x86_64-w64-mingw32/lib//../../x86_64-w64-mingw32/lib/libmingw32.a(lib64_libmingw32_a-tlssup.o)
                              G:/projects/embedded-development/gcc/bin/../x86_64-w64-mingw32/lib/gcc/x86_64-w64-mingw32/16.1.0/../../../../../x86_64-w64-mingw32/lib//../../x86_64-w64-mingw32/lib/crt2.o (__mingw_initltssuo_force)
G:/projects/embedded-development/gcc/bin/../x86_64-w64-mingw32/lib/gcc/x86_64-w64-mingw32/16.1.0/../../../../../x86_64-w64-mingw32/lib//../../x86_64-w64-mingw32/lib/libmingw32.a(lib64_libmingw32_a-xncommod.o)
                              G:/projects/embedded-development/gcc/bin/../x86_64-w64-mingw32/lib/gcc/x86_64-w64-mingw32/16.1.0/../../../../../x86_64-w64-mingw32/lib//../../x86_64-w64-mingw32/lib/crt2.o (_commode)
G:/projects/embedded-development/gcc/bin/../x86_64-w64-mingw32/lib/gcc/x86_64-w64-mingw32/16.1.0/../../../../../x86_64-w64-mingw32/lib//../../x86_64-w64-mingw32/lib/libmingw32.a(lib64_libmingw32_a-cinitexe.o)
                              G:/projects/embedded-development/gcc/bin/../x86_64-w64-mingw32/lib/gcc/x86_64-w64-mingw32/16.1.0/../../../../../x86_64-w64-mingw32/lib//../../x86_64-w64-mingw32/lib/crt2.o (__xc_z)
G:/projects/embedded-development/gcc/bin/../x86_64-w64-mingw32/lib/gcc/x86_64-w64-mingw32/16.1.0/../../../../../x86_64-w64-mingw32/lib//../../x86_64-w64-mingw32/lib/libmingw32.a(lib64_libmingw32_a-merr.o)
                              G:/projects/embedded-development/gcc/bin/../x86_64-w64-mingw32/lib/gcc/x86_64-w64-mingw32/16.1.0/../../../../../x86_64-w64-mingw32/lib//../../x86_64-w64-mingw32/lib/crt2.o (_matherr)
G:/projects/embedded-development/gcc/bin/../x86_64-w64-mingw32/lib/gcc/x86_64-w64-mingw32/16.1.0/../../../../../x86_64-w64-mingw32/lib//../../x86_64-w64-mingw32/lib/libmingw32.a(lib64_libmingw32_a-xthdloc.o)
                              G:/projects/embedded-development/gcc/bin/../x86_64-w64-mingw32/lib/gcc/x86_64-w64-mingw32/16.1.0/../../../../../x86_64-w64-mingw32/lib//../../x86_64-w64-mingw32/lib/crt2.o (__globallocalestatus)
G:/projects/embedded-development/gcc/bin/../x86_64-w64-mingw32/lib/gcc/x86_64-w64-mingw32/16.1.0/../../../../../x86_64-w64-mingw32/lib//../../x86_64-w64-mingw32/lib/libmingw32.a(lib64_libmingw32_a-mingw_helpers.o)
                              G:/projects/embedded-development/gcc/bin/../x86_64-w64-mingw32/lib/gcc/x86_64-w64-mingw32/16.1.0/../../../../../x86_64-w64-mingw32/lib//../../x86_64-w64-mingw32/lib/crt2.o (__mingw_app_type)
G:/projects/embedded-development/gcc/bin/../x86_64-w64-mingw32/lib/gcc/x86_64-w64-mingw32/16.1.0/../../../../../x86_64-w64-mingw32/lib//../../x86_64-w64-mingw32/lib/libmingw32.a(lib64_libmingw32_a-pseudo-reloc.o)
[...]
Memory Configuration

Name             Origin             Length             Attributes
*default*        0x0000000000000000 0xffffffffffffffff

Linker script and memory map

                0x0000000140000000                __image_base__ = 0x140000000
                0x0000000000000000                __dll__ = 0x0
                0x0000000140000000                __ImageBase = 0x140000000
                0x0000000000001000                __section_alignment__ = 0x1000
                0x0000000000000200                __file_alignment__ = 0x200
                0x0000000000000004                __major_os_version__ = 0x4
                0x0000000000000000                __minor_os_version__ = 0x0
                0x0000000000000000                __major_image_version__ = 0x0
                0x0000000000000000                __minor_image_version__ = 0x0
                0x0000000000000005                __major_subsystem_version__ = 0x5
                0x0000000000000002                __minor_subsystem_version__ = 0x2
                0x0000000000000003                __subsystem__ = 0x3
                0x0000000000200000                __size_of_stack_reserve__ = 0x200000
                0x0000000000001000                __size_of_stack_commit__ = 0x1000
                0x0000000000100000                __size_of_heap_reserve__ = 0x100000
                0x0000000000001000                __size_of_heap_commit__ = 0x1000
                0x0000000000000000                __loader_flags__ = 0x0
                0x0000000000000160                __dll_characteristics__ = 0x160
LOAD G:/projects/embedded-development/gcc/bin/../x86_64-w64-mingw32/lib/gcc/x86_64-w64-mingw32/16.1.0/../../../../../x86_64-w64-mingw32/lib//../../x86_64-w64-mingw32/lib/crt2.o
LOAD G:/projects/embedded-development/gcc/bin/../x86_64-w64-mingw32/lib/gcc/x86_64-w64-mingw32/16.1.0/crtbegin.o
LOAD C:\Users\stsmn\AppData\Local\Temp\ccqDBFQt.o
LOAD G:/projects/embedded-development/gcc/bin/../x86_64-w64-mingw32/lib/gcc/x86_64-w64-mingw32/16.1.0/libstdc++.dll.a
LOAD G:/projects/embedded-development/gcc/bin/../x86_64-w64-mingw32/lib/gcc/x86_64-w64-mingw32/16.1.0/../../../../../x86_64-w64-mingw32/lib//../../x86_64-w64-mingw32/lib/libmingw32.a
LOAD G:/projects/embedded-development/gcc/bin/../x86_64-w64-mingw32/lib/gcc/x86_64-w64-mingw32/16.1.0/libgcc.a
LOAD G:/projects/embedded-development/gcc/bin/../x86_64-w64-mingw32/lib/gcc/x86_64-w64-mingw32/16.1.0/../../../../../x86_64-w64-mingw32/lib//../../x86_64-w64-mingw32/lib/libmingwex.a
LOAD G:/projects/embedded-development/gcc/bin/../x86_64-w64-mingw32/lib/gcc/x86_64-w64-mingw32/16.1.0/../../../../../x86_64-w64-mingw32/lib//../../x86_64-w64-mingw32/lib/libmsvcrt.a
LOAD G:/projects/embedded-development/gcc/bin/../x86_64-w64-mingw32/lib/gcc/x86_64-w64-mingw32/16.1.0/../../../../../x86_64-w64-mingw32/lib//../../x86_64-w64-mingw32/lib/libkernel32.a
LOAD G:/projects/embedded-development/gcc/bin/../x86_64-w64-mingw32/lib/gcc/x86_64-w64-mingw32/16.1.0/../../../../../x86_64-w64-mingw32/lib//../../x86_64-w64-mingw32/lib/libpthread.a
LOAD G:/projects/embedded-development/gcc/bin/../x86_64-w64-mingw32/lib/gcc/x86_64-w64-mingw32/16.1.0/../../../../../x86_64-w64-mingw32/lib//../../x86_64-w64-mingw32/lib/libadvapi32.a
LOAD G:/projects/embedded-development/gcc/bin/../x86_64-w64-mingw32/lib/gcc/x86_64-w64-mingw32/16.1.0/../../../../../x86_64-w64-mingw32/lib//../../x86_64-w64-mingw32/lib/libshell32.a
LOAD G:/projects/embedded-development/gcc/bin/../x86_64-w64-mingw32/lib/gcc/x86_64-w64-mingw32/16.1.0/../../../../../x86_64-w64-mingw32/lib//../../x86_64-w64-mingw32/lib/libuser32.a
LOAD G:/projects/embedded-development/gcc/bin/../x86_64-w64-mingw32/lib/gcc/x86_64-w64-mingw32/16.1.0/../../../../../x86_64-w64-mingw32/lib//../../x86_64-w64-mingw32/lib/libkernel32.a
LOAD G:/projects/embedded-development/gcc/bin/../x86_64-w64-mingw32/lib/gcc/x86_64-w64-mingw32/16.1.0/../../../../../x86_64-w64-mingw32/lib//../../x86_64-w64-mingw32/lib/libmingw32.a
LOAD G:/projects/embedded-development/gcc/bin/../x86_64-w64-mingw32/lib/gcc/x86_64-w64-mingw32/16.1.0/libgcc.a
LOAD G:/projects/embedded-development/gcc/bin/../x86_64-w64-mingw32/lib/gcc/x86_64-w64-mingw32/16.1.0/../../../../../x86_64-w64-mingw32/lib//../../x86_64-w64-mingw32/lib/libmingwex.a
LOAD G:/projects/embedded-development/gcc/bin/../x86_64-w64-mingw32/lib/gcc/x86_64-w64-mingw32/16.1.0/../../../../../x86_64-w64-mingw32/lib//../../x86_64-w64-mingw32/lib/libmsvcrt.a
LOAD G:/projects/embedded-development/gcc/bin/../x86_64-w64-mingw32/lib/gcc/x86_64-w64-mingw32/16.1.0/../../../../../x86_64-w64-mingw32/lib//../../x86_64-w64-mingw32/lib/libkernel32.a
LOAD G:/projects/embedded-development/gcc/bin/../x86_64-w64-mingw32/lib/gcc/x86_64-w64-mingw32/16.1.0/crtend.o
                0x0000000000000408                . = SIZEOF_HEADERS
                0x0000000000001000                . = ALIGN (__section_alignment__)

.text           0x0000000140001000     0x1a00
 *(SORT_NONE(.init))
 *(.text)
 .text          0x0000000140001000      0x470 G:/projects/embedded-development/gcc/bin/../x86_64-w64-mingw32/lib/gcc/x86_64-w64-mingw32/16.1.0/../../../../../x86_64-w64-mingw32/lib//../../x86_64-w64-mingw32/lib/crt2.o
                0x0000000140001420                WinMainCRTStartup
                0x0000000140001440                mainCRTStartup
                0x0000000140001460                atexit
 .text          0x0000000140001470       0x20 G:/projects/embedded-development/gcc/bin/../x86_64-w64-mingw32/lib/gcc/x86_64-w64-mingw32/16.1.0/crtbegin.o
                0x0000000140001470                __gcc_register_frame
                0x0000000140001480                __gcc_deregister_frame
 .text          0x0000000140001490       0x20 C:\Users\stsmn\AppData\Local\Temp\ccqDBFQt.o
                0x0000000140001490                main
 .text          0x00000001400014b0       0xf0 G:/projects/embedded-development/gcc/bin/../x86_64-w64-mingw32/lib/gcc/x86_64-w64-mingw32/16.1.0/../../../../../x86_64-w64-mingw32/lib//../../x86_64-w64-mingw32/lib/libmingw32.a(lib64_libmingw32_a-gccmain.o)
                0x00000001400014b0                __do_global_dtors
                0x0000000140001500                __do_global_ctors
                0x0000000140001580                __main
 .text          0x00000001400015a0        0x0 G:/projects/embedded-development/gcc/bin/../x86_64-w64-mingw32/lib/gcc/x86_64-w64-mingw32/16.1.0/../../../../../x86_64-w64-mingw32/lib//../../x86_64-w64-mingw32/lib/libmingw32.a(lib64_libmingw32_a-natstart.o)
 .text          0x00000001400015a0        0x0 G:/projects/embedded-development/gcc/bin/../x86_64-w64-mingw32/lib/gcc/x86_64-w64-mingw32/16.1.0/../../../../../x86_64-w64-mingw32/lib//../../x86_64-w64-mingw32/lib/libmingw32.a(lib64_libmingw32_a-wildcard.o)
 .text          0x00000001400015a0       0x10 G:/projects/embedded-development/gcc/bin/../x86_64-w64-mingw32/lib/gcc/x86_64-w64-mingw32/16.1.0/../../../../../x86_64-w64-mingw32/lib//../../x86_64-w64-mingw32/lib/libmingw32.a(lib64_libmingw32_a-dllargv.o)
                0x00000001400015a0                _setargv
 .text          0x00000001400015b0        0x0 G:/projects/embedded-development/gcc/bin/../x86_64-w64-mingw32/lib/gcc/x86_64-w64-mingw32/16.1.0/../../../../../x86_64-w64-mingw32/lib//../../x86_64-w64-mingw32/lib/libmingw32.a(lib64_libmingw32_a-_newmode.o)
 .text          0x00000001400015b0       0xb0 G:/projects/embedded-development/gcc/bin/../x86_64-w64-mingw32/lib/gcc/x86_64-w64-mingw32/16.1.0/../../../../../x86_64-w64-mingw32/lib//../../x86_64-w64-mingw32/lib/libmingw32.a(lib64_libmingw32_a-tlssup.o)
                0x00000001400015b0                __dyn_tls_dtor
                0x00000001400015d0                __dyn_tls_init
                0x0000000140001650                __tlregdtor
 .text          0x0000000140001660        0x0 G:/projects/embedded-development/gcc/bin/../x86_64-w64-mingw32/lib/gcc/x86_64-w64-mingw32/16.1.0/../../../../../x86_64-w64-mingw32/lib//../../x86_64-w64-mingw32/lib/libmingw32.a(lib64_libmingw32_a-xncommod.o)
 .text          0x0000000140001660        0x0 G:/projects/embedded-development/gcc/bin/../x86_64-w64-mingw32/lib/gcc/x86_64-w64-mingw32/16.1.0/../../../../../x86_64-w64-mingw32/lib//../../x86_64-w64-mingw32/lib/libmingw32.a(lib64_libmingw32_a-cinitexe.o)
 .text          0x0000000140001660      0x100 G:/projects/embedded-development/gcc/bin/../x86_64-w64-mingw32/lib/gcc/x86_64-w64-mingw32/16.1.0/../../../../../x86_64-w64-mingw32/lib//../../x86_64-w64-mingw32/lib/libmingw32.a(lib64_libmingw32_a-merr.o)
                0x0000000140001660                _matherr
 .text          0x0000000140001760        0x0 G:/projects/embedded-development/gcc/bin/../x86_64-w64-mingw32/lib/gcc/x86_64-w64-mingw32/16.1.0/../../../../../x86_64-w64-mingw32/lib//../../x86_64-w64-mingw32/lib/libmingw32.a(lib64_libmingw32_a-xthdloc.o)
 .text          0x0000000140001760        0x0 G:/projects/embedded-development/gcc/bin/../x86_64-w64-mingw32/lib/gcc/x86_64-w64-mingw32/16.1.0/../../../../../x86_64-w64-mingw32/lib//../../x86_64-w64-mingw32/lib/libmingw32.a(lib64_libmingw32_a-mingw_helpers.o)
 .text          0x0000000140001760      0x570 G:/projects/embedded-development/gcc/bin/../x86_64-w64-mingw32/lib/gcc/x86_64-w64-mingw32/16.1.0/../../../../../x86_64-w64-mingw32/lib//../../x86_64-w64-mingw32/lib/libmingw32.a(lib64_libmingw32_a-pseudo-reloc.o)
                0x0000000140001930                _pei386_runtime_relocator
 .text          0x0000000140001cd0       0x50 G:/projects/embedded-development/gcc/bin/../x86_64-w64-mingw32/lib/gcc/x86_64-w64-mingw32/16.1.0/../../../../../x86_64-w64-mingw32/lib//../../x86_64-w64-mingw32/lib/libmingw32.a(lib64_libmingw32_a-usermatherr.o)
                0x0000000140001cd0                __mingw_raise_matherr
                0x0000000140001d10                __mingw_setusermatherr
 .text          0x0000000140001d20        0x0 G:/projects/embedded-development/gcc/bin/../x86_64-w64-mingw32/lib/gcc/x86_64-w64-mingw32/16.1.0/../../../../../x86_64-w64-mingw32/lib//../../x86_64-w64-mingw32/lib/libmingw32.a(lib64_libmingw32_a-xtxtmode.o)
 .text          0x0000000140001d20      0x340 G:/projects/embedded-development/gcc/bin/../x86_64-w64-mingw32/lib/gcc/x86_64-w64-mingw32/16.1.0/../../../../../x86_64-w64-mingw32/lib//../../x86_64-w64-mingw32/lib/libmingw32.a(lib64_libmingw32_a-crt_handler.o)
                0x0000000140001d20                __mingw_SEH_error_handler
                0x0000000140001ec0                _gnu_exception_handler
 .text          0x0000000140002060      0x2c0 G:/projects/embedded-development/gcc/bin/../x86_64-w64-mingw32/lib/gcc/x86_64-w64-mingw32/16.1.0/../../../../../x86_64-w64-mingw32/lib//../../x86_64-w64-mingw32/lib/libmingw32.a(lib64_libmingw32_a-tlsthrd.o)
                0x00000001400020d0                ___w64_mingwthr_add_key_dtor
                0x0000000140002170                ___w64_mingwthr_remove_key_dtor
                0x0000000140002210                __mingw_TLScallback
 .text          0x0000000140002320        0x0 G:/projects/embedded-development/gcc/bin/../x86_64-w64-mingw32/lib/gcc/x86_64-w64-mingw32/16.1.0/../../../../../x86_64-w64-mingw32/lib//../../x86_64-w64-mingw32/lib/libmingw32.a(lib64_libmingw32_a-tlsmcrt.o)
 .text          0x0000000140002320       0x10 G:/projects/embedded-development/gcc/bin/../x86_64-w64-mingw32/lib/gcc/x86_64-w64-mingw32/16.1.0/../../../../../x86_64-w64-mingw32/lib//../../x86_64-w64-mingw32/lib/libmingw32.a(lib64_libmingw32_a-CRT_fp10.o)
                0x0000000140002320                fpreset
                0x0000000140002320                _fpreset
 .text          0x0000000140002330        0x0 G:/projects/embedded-development/gcc/bin/../x86_64-w64-mingw32/lib/gcc/x86_64-w64-mingw32/16.1.0/../../../../../x86_64-w64-mingw32/lib//../../x86_64-w64-mingw32/lib/libmingw32.a(lib64_libmingw32_a-pseudo-reloc-list.o)
 .text          0x0000000140002330      0x3c0 G:/projects/embedded-development/gcc/bin/../x86_64-w64-mingw32/lib/gcc/x86_64-w64-mingw32/16.1.0/../../../../../x86_64-w64-mingw32/lib//../../x86_64-w64-mingw32/lib/libmingw32.a(lib64_libmingw32_a-pesect.o)
                0x0000000140002330                _ValidateImageBase
                0x0000000140002360                _FindPESection
                0x00000001400023b0                _FindPESectionByName
                0x0000000140002450                __mingw_GetSectionForAddress
                0x00000001400024d0                __mingw_GetSectionCount
                0x0000000140002500                _FindPESectionExec
                0x0000000140002570                _GetPEImageBase
                0x00000001400025a0                _IsNonwritableInCurrentImage
                0x0000000140002630                __mingw_enum_import_library_names
 .text          0x00000001400026f0       0x40 G:/projects/embedded-development/gcc/bin/../x86_64-w64-mingw32/lib/gcc/x86_64-w64-mingw32/16.1.0/libgcc.a(_chkstk_ms.o)
                0x00000001400026f0                ___chkstk_ms
 .text          0x0000000140002730        0x0 G:/projects/embedded-development/gcc/bin/../x86_64-w64-mingw32/lib/gcc/x86_64-w64-mingw32/16.1.0/libgcc.a(_ctors.o)
 .text          0x0000000140002730        0x0 G:/projects/embedded-development/gcc/bin/../x86_64-w64-mingw32/lib/gcc/x86_64-w64-mingw32/16.1.0/../../../../../x86_64-w64-mingw32/lib//../../x86_64-w64-mingw32/lib/libmingwex.a(lib64_libmingwex_a-mingw_matherr.o)
 .text          0x0000000140002730       0x40 G:/projects/embedded-development/gcc/bin/../x86_64-w64-mingw32/lib/gcc/x86_64-w64-mingw32/16.1.0/../../../../../x86_64-w64-mingw32/lib//../../x86_64-w64-mingw32/lib/libmsvcrt.a(lib64_libucrt_extra_a-ucrt_vfprintf.o)
                0x0000000140002730                vfprintf
 .text          0x0000000140002770       0x50 G:/projects/embedded-development/gcc/bin/../x86_64-w64-mingw32/lib/gcc/x86_64-w64-mingw32/16.1.0/../../../../../x86_64-w64-mingw32/lib//../../x86_64-w64-mingw32/lib/libmsvcrt.a(lib64_libucrt_extra_a-ucrt_fprintf.o)
                0x0000000140002770                fprintf
 .text          0x00000001400027c0       0x10 G:/projects/embedded-development/gcc/bin/../x86_64-w64-mingw32/lib/gcc/x86_64-w64-mingw32/16.1.0/../../../../../x86_64-w64-mingw32/lib//../../x86_64-w64-mingw32/lib/libmsvcrt.a(lib64_libucrt_extra_a-ucrt___local_stdio_printf_options.o)
                0x00000001400027c0                __local_stdio_printf_options
 .text          0x00000001400027d0       0x10 G:/projects/embedded-development/gcc/bin/../x86_64-w64-mingw32/lib/gcc/x86_64-w64-mingw32/16.1.0/../../../../../x86_64-w64-mingw32/lib//../../x86_64-w64-mingw32/lib/libmsvcrt.a(lib64_libucrt_extra_a-__p___initenv.o)
                0x00000001400027d0                __p___initenv
 .text          0x00000001400027e0       0x30 G:/projects/embedded-development/gcc/bin/../x86_64-w64-mingw32/lib/gcc/x86_64-w64-mingw32/16.1.0/../../../../../x86_64-w64-mingw32/lib//../../x86_64-w64-mingw32/lib/libmsvcrt.a(lib64_libucrt_extra_a-ucrt_amsg_exit.o)
                0x00000001400027e0                _amsg_exit
 .text          0x0000000140002810       0x60 G:/projects/embedded-development/gcc/bin/../x86_64-w64-mingw32/lib/gcc/x86_64-w64-mingw32/16.1.0/../../../../../x86_64-w64-mingw32/lib//../../x86_64-w64-mingw32/lib/libmsvcrt.a(lib64_libucrt_extra_a-ucrt__getmainargs.o)
                0x0000000140002810                __getmainargs
 .text          0x0000000140002870        0x8 G:/projects/embedded-development/gcc/bin/../x86_64-w64-mingw32/lib/gcc/x86_64-w64-mingw32/16.1.0/../../../../../x86_64-w64-mingw32/lib//../../x86_64-w64-mingw32/lib/libmsvcrt.a(libapi-ms-win-crt-string-l1-1-0s00129.o)
                0x0000000140002870                strlen
 .text          0x0000000140002878        0x8 G:/projects/embedded-development/gcc/bin/../x86_64-w64-mingw32/lib/gcc/x86_64-w64-mingw32/16.1.0/../../../../../x86_64-w64-mingw32/lib//../../x86_64-w64-mingw32/lib/libmsvcrt.a(libapi-ms-win-crt-string-l1-1-0s00132.o)
                0x0000000140002878                strncmp
 .text          0x0000000140002880        0x0 G:/projects/embedded-development/gcc/bin/../x86_64-w64-mingw32/lib/gcc/x86_64-w64-mingw32/16.1.0/../../../../../x86_64-w64-mingw32/lib//../../x86_64-w64-mingw32/lib/libmsvcrt.a(libapi-ms-win-crt-string-l1-1-0h.o)
 .text          0x0000000140002880        0x0 G:/projects/embedded-development/gcc/bin/../x86_64-w64-mingw32/lib/gcc/x86_64-w64-mingw32/16.1.0/../../../../../x86_64-w64-mingw32/lib//../../x86_64-w64-mingw32/lib/libmsvcrt.a(libapi-ms-win-crt-string-l1-1-0t.o)
 .text          0x0000000140002880        0x8 G:/projects/embedded-development/gcc/bin/../x86_64-w64-mingw32/lib/gcc/x86_64-w64-mingw32/16.1.0/../../../../../x86_64-w64-mingw32/lib//../../x86_64-w64-mingw32/lib/libmsvcrt.a(libapi-ms-win-crt-stdio-l1-1-0s00000.o)
                0x0000000140002880                __acrt_iob_func
 .text          0x0000000140002888        0x8 G:/projects/embedded-development/gcc/bin/../x86_64-w64-mingw32/lib/gcc/x86_64-w64-mingw32/16.1.0/../../../../../x86_64-w64-mingw32/lib//../../x86_64-w64-mingw32/lib/libmsvcrt.a(libapi-ms-win-crt-stdio-l1-1-0s00001.o)
                0x0000000140002888                __p__commode
 .text          0x0000000140002890        0x8 G:/projects/embedded-development/gcc/bin/../x86_64-w64-mingw32/lib/gcc/x86_64-w64-mingw32/16.1.0/../../../../../x86_64-w64-mingw32/lib//../../x86_64-w64-mingw32/lib/libmsvcrt.a(libapi-ms-win-crt-stdio-l1-1-0s00002.o)
                0x0000000140002890                __p__fmode
 .text          0x0000000140002898        0x8 G:/projects/embedded-development/gcc/bin/../x86_64-w64-mingw32/lib/gcc/x86_64-w64-mingw32/16.1.0/../../../../../x86_64-w64-mingw32/lib//../../x86_64-w64-mingw32/lib/libmsvcrt.a(libapi-ms-win-crt-stdio-l1-1-0s00003.o)
                0x0000000140002898                __stdio_common_vfprintf
 .text          0x00000001400028a0        0x8 G:/projects/embedded-development/gcc/bin/../x86_64-w64-mingw32/lib/gcc/x86_64-w64-mingw32/16.1.0/../../../../../x86_64-w64-mingw32/lib//../../x86_64-w64-mingw32/lib/libmsvcrt.a(libapi-ms-win-crt-stdio-l1-1-0s00107.o)
                0x00000001400028a0                fflush
 .text          0x00000001400028a8        0x8 G:/projects/embedded-development/gcc/bin/../x86_64-w64-mingw32/lib/gcc/x86_64-w64-mingw32/16.1.0/../../../../../x86_64-w64-mingw32/lib//../../x86_64-w64-mingw32/lib/libmsvcrt.a(libapi-ms-win-crt-stdio-l1-1-0s00138.o)
                0x00000001400028a8                setvbuf
 .text          0x00000001400028b0        0x0 G:/projects/embedded-development/gcc/bin/../x86_64-w64-mingw32/lib/gcc/x86_64-w64-mingw32/16.1.0/../../../../../x86_64-w64-mingw32/lib//../../x86_64-w64-mingw32/lib/libmsvcrt.a(libapi-ms-win-crt-stdio-l1-1-0h.o)
 .text          0x00000001400028b0        0x0 G:/projects/embedded-development/gcc/bin/../x86_64-w64-mingw32/lib/gcc/x86_64-w64-mingw32/16.1.0/../../../../../x86_64-w64-mingw32/lib//../../x86_64-w64-mingw32/lib/libmsvcrt.a(libapi-ms-win-crt-stdio-l1-1-0t.o)
 .text          0x00000001400028b0        0x8 G:/projects/embedded-development/gcc/bin/../x86_64-w64-mingw32/lib/gcc/x86_64-w64-mingw32/16.1.0/../../../../../x86_64-w64-mingw32/lib//../../x86_64-w64-mingw32/lib/libmsvcrt.a(libapi-ms-win-crt-runtime-l1-1-0s00000.o)
                0x00000001400028b0                __set_app_type
 .text          0x00000001400028b8        0x8 G:/projects/embedded-development/gcc/bin/../x86_64-w64-mingw32/lib/gcc/x86_64-w64-mingw32/16.1.0/../../../../../x86_64-w64-mingw32/lib//../../x86_64-w64-mingw32/lib/libmsvcrt.a(libapi-ms-win-crt-runtime-l1-1-0s00006.o)
                0x00000001400028b8                __p___argc
 .text          0x00000001400028c0        0x8 G:/projects/embedded-development/gcc/bin/../x86_64-w64-mingw32/lib/gcc/x86_64-w64-mingw32/16.1.0/../../../../../x86_64-w64-mingw32/lib//../../x86_64-w64-mingw32/lib/libmsvcrt.a(libapi-ms-win-crt-runtime-l1-1-0s00007.o)
                0x00000001400028c0                __p___argv
 .text          0x00000001400028c8        0x8 G:/projects/embedded-development/gcc/bin/../x86_64-w64-mingw32/lib/gcc/x86_64-w64-mingw32/16.1.0/../../../../../x86_64-w64-mingw32/lib//../../x86_64-w64-mingw32/lib/libmsvcrt.a(libapi-ms-win-crt-runtime-l1-1-0s00023.o)
                0x00000001400028c8                _cexit
 .text          0x00000001400028d0        0x8 G:/projects/embedded-development/gcc/bin/../x86_64-w64-mingw32/lib/gcc/x86_64-w64-mingw32/16.1.0/../../../../../x86_64-w64-mingw32/lib//../../x86_64-w64-mingw32/lib/libmsvcrt.a(libapi-ms-win-crt-runtime-l1-1-0s00025.o)
                0x00000001400028d0                _configure_narrow_argv
 .text          0x00000001400028d8        0x8 G:/projects/embedded-development/gcc/bin/../x86_64-w64-mingw32/lib/gcc/x86_64-w64-mingw32/16.1.0/../../../../../x86_64-w64-mingw32/lib//../../x86_64-w64-mingw32/lib/libmsvcrt.a(libapi-ms-win-crt-runtime-l1-1-0s00031.o)
                0x00000001400028d8                _crt_atexit
 .text          0x00000001400028e0        0x8 G:/projects/embedded-development/gcc/bin/../x86_64-w64-mingw32/lib/gcc/x86_64-w64-mingw32/16.1.0/../../../../../x86_64-w64-mingw32/lib//../../x86_64-w64-mingw32/lib/libmsvcrt.a(libapi-ms-win-crt-runtime-l1-1-0s00036.o)
                0x00000001400028e0                _exit
 .text          0x00000001400028e8        0x8 G:/projects/embedded-development/gcc/bin/../x86_64-w64-mingw32/lib/gcc/x86_64-w64-mingw32/16.1.0/../../../../../x86_64-w64-mingw32/lib//../../x86_64-w64-mingw32/lib/libmsvcrt.a(libapi-ms-win-crt-runtime-l1-1-0s00051.o)
                0x00000001400028e8                _initialize_narrow_environment
 .text          0x00000001400028f0        0x8 G:/projects/embedded-development/gcc/bin/../x86_64-w64-mingw32/lib/gcc/x86_64-w64-mingw32/16.1.0/../../../../../x86_64-w64-mingw32/lib//../../x86_64-w64-mingw32/lib/libmsvcrt.a(libapi-ms-win-crt-runtime-l1-1-0s00054.o)
                0x00000001400028f0                _initterm
 .text          0x00000001400028f8        0x8 G:/projects/embedded-development/gcc/bin/../x86_64-w64-mingw32/lib/gcc/x86_64-w64-mingw32/16.1.0/../../../../../x86_64-w64-mingw32/lib//../../x86_64-w64-mingw32/lib/libmsvcrt.a(libapi-ms-win-crt-runtime-l1-1-0s00055.o)
                0x00000001400028f8                _initterm_e
 .text          0x0000000140002900        0x8 G:/projects/embedded-development/gcc/bin/../x86_64-w64-mingw32/lib/gcc/x86_64-w64-mingw32/16.1.0/../../../../../x86_64-w64-mingw32/lib//../../x86_64-w64-mingw32/lib/libmsvcrt.a(libapi-ms-win-crt-runtime-l1-1-0s00071.o)
                0x0000000140002900                _set_invalid_parameter_handler
 .text          0x0000000140002908        0x8 G:/projects/embedded-development/gcc/bin/../x86_64-w64-mingw32/lib/gcc/x86_64-w64-mingw32/16.1.0/../../../../../x86_64-w64-mingw32/lib//../../x86_64-w64-mingw32/lib/libmsvcrt.a(libapi-ms-win-crt-runtime-l1-1-0s00084.o)
                0x0000000140002908                abort
 .text          0x0000000140002910        0x8 G:/projects/embedded-development/gcc/bin/../x86_64-w64-mingw32/lib/gcc/x86_64-w64-mingw32/16.1.0/../../../../../x86_64-w64-mingw32/lib//../../x86_64-w64-mingw32/lib/libmsvcrt.a(libapi-ms-win-crt-runtime-l1-1-0s00085.o)
                0x0000000140002910                exit
 .text          0x0000000140002918        0x8 G:/projects/embedded-development/gcc/bin/../x86_64-w64-mingw32/lib/gcc/x86_64-w64-mingw32/16.1.0/../../../../../x86_64-w64-mingw32/lib//../../x86_64-w64-mingw32/lib/libmsvcrt.a(libapi-ms-win-crt-runtime-l1-1-0s00099.o)
                0x0000000140002918                signal
 .text          0x0000000140002920        0x0 G:/projects/embedded-development/gcc/bin/../x86_64-w64-mingw32/lib/gcc/x86_64-w64-mingw32/16.1.0/../../../../../x86_64-w64-mingw32/lib//../../x86_64-w64-mingw32/lib/libmsvcrt.a(libapi-ms-win-crt-runtime-l1-1-0h.o)
 .text          0x0000000140002920        0x0 G:/projects/embedded-development/gcc/bin/../x86_64-w64-mingw32/lib/gcc/x86_64-w64-mingw32/16.1.0/../../../../../x86_64-w64-mingw32/lib//../../x86_64-w64-mingw32/lib/libmsvcrt.a(libapi-ms-win-crt-runtime-l1-1-0t.o)
 .text          0x0000000140002920        0x8 G:/projects/embedded-development/gcc/bin/../x86_64-w64-mingw32/lib/gcc/x86_64-w64-mingw32/16.1.0/../../../../../x86_64-w64-mingw32/lib//../../x86_64-w64-mingw32/lib/libmsvcrt.a(libapi-ms-win-crt-private-l1-1-0s00012.o)
                0x0000000140002920                __C_specific_handler
 .text          0x0000000140002928        0x8 G:/projects/embedded-development/gcc/bin/../x86_64-w64-mingw32/lib/gcc/x86_64-w64-mingw32/16.1.0/../../../../../x86_64-w64-mingw32/lib//../../x86_64-w64-mingw32/lib/libmsvcrt.a(libapi-ms-win-crt-private-l1-1-0s01085.o)
                0x0000000140002928                memcpy
 .text          0x0000000140002930        0x0 G:/projects/embedded-development/gcc/bin/../x86_64-w64-mingw32/lib/gcc/x86_64-w64-mingw32/16.1.0/../../../../../x86_64-w64-mingw32/lib//../../x86_64-w64-mingw32/lib/libmsvcrt.a(libapi-ms-win-crt-private-l1-1-0h.o)
 .text          0x0000000140002930        0x0 G:/projects/embedded-development/gcc/bin/../x86_64-w64-mingw32/lib/gcc/x86_64-w64-mingw32/16.1.0/../../../../../x86_64-w64-mingw32/lib//../../x86_64-w64-mingw32/lib/libmsvcrt.a(libapi-ms-win-crt-private-l1-1-0t.o)
 .text          0x0000000140002930        0x8 G:/projects/embedded-development/gcc/bin/../x86_64-w64-mingw32/lib/gcc/x86_64-w64-mingw32/16.1.0/../../../../../x86_64-w64-mingw32/lib//../../x86_64-w64-mingw32/lib/libmsvcrt.a(libapi-ms-win-crt-math-l1-1-0s00009.o)
                0x0000000140002930                __setusermatherr
 *fill*         0x0000000140002938        0x8 
 .text          0x0000000140002940        0x0 G:/projects/embedded-development/gcc/bin/../x86_64-w64-mingw32/lib/gcc/x86_64-w64-mingw32/16.1.0/../../../../../x86_64-w64-mingw32/lib//../../x86_64-w64-mingw32/lib/libmsvcrt.a(libapi-ms-win-crt-math-l1-1-0h.o)
 .text          0x0000000140002940        0x0 G:/projects/embedded-development/gcc/bin/../x86_64-w64-mingw32/lib/gcc/x86_64-w64-mingw32/16.1.0/../../../../../x86_64-w64-mingw32/lib//../../x86_64-w64-mingw32/lib/libmsvcrt.a(libapi-ms-win-crt-math-l1-1-0t.o)
 .text          0x0000000140002940        0x8 G:/projects/embedded-development/gcc/bin/../x86_64-w64-mingw32/lib/gcc/x86_64-w64-mingw32/16.1.0/../../../../../x86_64-w64-mingw32/lib//../../x86_64-w64-mingw32/lib/libmsvcrt.a(libapi-ms-win-crt-locale-l1-1-0s00008.o)
                0x0000000140002940                _configthreadlocale
 *fill*         0x0000000140002948        0x8 
 .text          0x0000000140002950        0x0 G:/projects/embedded-development/gcc/bin/../x86_64-w64-mingw32/lib/gcc/x86_64-w64-mingw32/16.1.0/../../../../../x86_64-w64-mingw32/lib//../../x86_64-w64-mingw32/lib/libmsvcrt.a(libapi-ms-win-crt-locale-l1-1-0h.o)
 .text          0x0000000140002950        0x0 G:/projects/embedded-development/gcc/bin/../x86_64-w64-mingw32/lib/gcc/x86_64-w64-mingw32/16.1.0/../../../../../x86_64-w64-mingw32/lib//../../x86_64-w64-mingw32/lib/libmsvcrt.a(libapi-ms-win-crt-locale-l1-1-0t.o)
 .text          0x0000000140002950        0x8 G:/projects/embedded-development/gcc/bin/../x86_64-w64-mingw32/lib/gcc/x86_64-w64-mingw32/16.1.0/../../../../../x86_64-w64-mingw32/lib//../../x86_64-w64-mingw32/lib/libmsvcrt.a(libapi-ms-win-crt-heap-l1-1-0s00022.o)
                0x0000000140002950                _set_new_mode
 .text          0x0000000140002958        0x8 G:/projects/embedded-development/gcc/bin/../x86_64-w64-mingw32/lib/gcc/x86_64-w64-mingw32/16.1.0/../../../../../x86_64-w64-mingw32/lib//../../x86_64-w64-mingw32/lib/libmsvcrt.a(libapi-ms-win-crt-heap-l1-1-0s00023.o)
                0x0000000140002958                calloc
 .text          0x0000000140002960        0x8 G:/projects/embedded-development/gcc/bin/../x86_64-w64-mingw32/lib/gcc/x86_64-w64-mingw32/16.1.0/../../../../../x86_64-w64-mingw32/lib//../../x86_64-w64-mingw32/lib/libmsvcrt.a(libapi-ms-win-crt-heap-l1-1-0s00024.o)
                0x0000000140002960                free
 .text          0x0000000140002968        0x8 G:/projects/embedded-development/gcc/bin/../x86_64-w64-mingw32/lib/gcc/x86_64-w64-mingw32/16.1.0/../../../../../x86_64-w64-mingw32/lib//../../x86_64-w64-mingw32/lib/libmsvcrt.a(libapi-ms-win-crt-heap-l1-1-0s00025.o)
                0x0000000140002968                malloc
 .text          0x0000000140002970        0x0 G:/projects/embedded-development/gcc/bin/../x86_64-w64-mingw32/lib/gcc/x86_64-w64-mingw32/16.1.0/../../../../../x86_64-w64-mingw32/lib//../../x86_64-w64-mingw32/lib/libmsvcrt.a(libapi-ms-win-crt-heap-l1-1-0h.o)
 .text          0x0000000140002970        0x0 G:/projects/embedded-development/gcc/bin/../x86_64-w64-mingw32/lib/gcc/x86_64-w64-mingw32/16.1.0/../../../../../x86_64-w64-mingw32/lib//../../x86_64-w64-mingw32/lib/libmsvcrt.a(libapi-ms-win-crt-heap-l1-1-0t.o)
 .text          0x0000000140002970        0x8 G:/projects/embedded-development/gcc/bin/../x86_64-w64-mingw32/lib/gcc/x86_64-w64-mingw32/16.1.0/../../../../../x86_64-w64-mingw32/lib//../../x86_64-w64-mingw32/lib/libmsvcrt.a(libapi-ms-win-crt-environment-l1-1-0s00000.o)
                0x0000000140002970                __p__environ
 *fill*         0x0000000140002978        0x8 
 .text          0x0000000140002980        0x0 G:/projects/embedded-development/gcc/bin/../x86_64-w64-mingw32/lib/gcc/x86_64-w64-mingw32/16.1.0/../../../../../x86_64-w64-mingw32/lib//../../x86_64-w64-mingw32/lib/libmsvcrt.a(libapi-ms-win-crt-environment-l1-1-0h.o)
 .text          0x0000000140002980        0x0 G:/projects/embedded-development/gcc/bin/../x86_64-w64-mingw32/lib/gcc/x86_64-w64-mingw32/16.1.0/../../../../../x86_64-w64-mingw32/lib//../../x86_64-w64-mingw32/lib/libmsvcrt.a(libapi-ms-win-crt-environment-l1-1-0t.o)
 .text          0x0000000140002980        0x0 G:/projects/embedded-development/gcc/bin/../x86_64-w64-mingw32/lib/gcc/x86_64-w64-mingw32/16.1.0/../../../../../x86_64-w64-mingw32/lib//../../x86_64-w64-mingw32/lib/libmsvcrt.a(lib64_libucrt_extra_a-__initenv.o)
 .text          0x0000000140002980        0x8 G:/projects/embedded-development/gcc/bin/../x86_64-w64-mingw32/lib/gcc/x86_64-w64-mingw32/16.1.0/../../../../../x86_64-w64-mingw32/lib//../../x86_64-w64-mingw32/lib/libkernel32.a(libkernel32s01535.o)
                0x0000000140002980                VirtualQuery
 .text          0x0000000140002988        0x8 G:/projects/embedded-development/gcc/bin/../x86_64-w64-mingw32/lib/gcc/x86_64-w64-mingw32/16.1.0/../../../../../x86_64-w64-mingw32/lib//../../x86_64-w64-mingw32/lib/libkernel32.a(libkernel32s01533.o)
                0x0000000140002988                VirtualProtect
 .text          0x0000000140002990        0x8 G:/projects/embedded-development/gcc/bin/../x86_64-w64-mingw32/lib/gcc/x86_64-w64-mingw32/16.1.0/../../../../../x86_64-w64-mingw32/lib//../../x86_64-w64-mingw32/lib/libkernel32.a(libkernel32s01485.o)
                0x0000000140002990                TlsGetValue
 .text          0x0000000140002998        0x8 G:/projects/embedded-development/gcc/bin/../x86_64-w64-mingw32/lib/gcc/x86_64-w64-mingw32/16.1.0/../../../../../x86_64-w64-mingw32/lib//../../x86_64-w64-mingw32/lib/libkernel32.a(libkernel32s01449.o)
                0x0000000140002998                Sleep
 .text          0x00000001400029a0        0x8 G:/projects/embedded-development/gcc/bin/../x86_64-w64-mingw32/lib/gcc/x86_64-w64-mingw32/16.1.0/../../../../../x86_64-w64-mingw32/lib//../../x86_64-w64-mingw32/lib/libkernel32.a(libkernel32s01433.o)
                0x00000001400029a0                SetUnhandledExceptionFilter
 .text          0x00000001400029a8        0x8 G:/projects/embedded-development/gcc/bin/../x86_64-w64-mingw32/lib/gcc/x86_64-w64-mingw32/16.1.0/../../../../../x86_64-w64-mingw32/lib//../../x86_64-w64-mingw32/lib/libkernel32.a(libkernel32s01012.o)
                0x00000001400029a8                LeaveCriticalSection
 .text          0x00000001400029b0        0x8 G:/projects/embedded-development/gcc/bin/../x86_64-w64-mingw32/lib/gcc/x86_64-w64-mingw32/16.1.0/../../../../../x86_64-w64-mingw32/lib//../../x86_64-w64-mingw32/lib/libkernel32.a(libkernel32s00918.o)
                0x00000001400029b0                InitializeCriticalSection
 .text          0x00000001400029b8        0x8 G:/projects/embedded-development/gcc/bin/../x86_64-w64-mingw32/lib/gcc/x86_64-w64-mingw32/16.1.0/../../../../../x86_64-w64-mingw32/lib//../../x86_64-w64-mingw32/lib/libkernel32.a(libkernel32s00648.o)
                0x00000001400029b8                GetLastError
 .text          0x00000001400029c0        0x8 G:/projects/embedded-development/gcc/bin/../x86_64-w64-mingw32/lib/gcc/x86_64-w64-mingw32/16.1.0/../../../../../x86_64-w64-mingw32/lib//../../x86_64-w64-mingw32/lib/libkernel32.a(libkernel32s00333.o)
                0x00000001400029c0                EnterCriticalSection
 .text          0x00000001400029c8        0x8 G:/projects/embedded-development/gcc/bin/../x86_64-w64-mingw32/lib/gcc/x86_64-w64-mingw32/16.1.0/../../../../../x86_64-w64-mingw32/lib//../../x86_64-w64-mingw32/lib/libkernel32.a(libkernel32s00295.o)
                0x00000001400029c8                DeleteCriticalSection
 .text          0x00000001400029d0        0x0 G:/projects/embedded-development/gcc/bin/../x86_64-w64-mingw32/lib/gcc/x86_64-w64-mingw32/16.1.0/../../../../../x86_64-w64-mingw32/lib//../../x86_64-w64-mingw32/lib/libkernel32.a(libkernel32h.o)
 .text          0x00000001400029d0        0x0 G:/projects/embedded-development/gcc/bin/../x86_64-w64-mingw32/lib/gcc/x86_64-w64-mingw32/16.1.0/../../../../../x86_64-w64-mingw32/lib//../../x86_64-w64-mingw32/lib/libkernel32.a(libkernel32t.o)
 .text          0x00000001400029d0        0x0 G:/projects/embedded-development/gcc/bin/../x86_64-w64-mingw32/lib/gcc/x86_64-w64-mingw32/16.1.0/crtend.o
 *(SORT_BY_NAME(.text$*))
 *(.text.*)
 .text.startup  0x00000001400029d0       0x10 G:/projects/embedded-development/gcc/bin/../x86_64-w64-mingw32/lib/gcc/x86_64-w64-mingw32/16.1.0/crtend.o
 *(.gnu.linkonce.t.*)
 *(.glue_7t)
 *(.glue_7)
                0x00000001400029e0                . = ALIGN (0x8)
 *(SORT_NONE(.fini))
 *(.gcc_exc)
                [!provide]                        PROVIDE (etext = .)
 *(.gcc_except_table)

.data           0x0000000140003000      0x200
                0x0000000140003000                __data_start__ = .
 *(.data)
 .data          0x0000000140003000        0x0 G:/projects/embedded-development/gcc/bin/../x86_64-w64-mingw32/lib/gcc/x86_64-w64-mingw32/16.1.0/../../../../../x86_64-w64-mingw32/lib//../../x86_64-w64-mingw32/lib/crt2.o
 .data          0x0000000140003000        0x0 G:/projects/embedded-development/gcc/bin/../x86_64-w64-mingw32/lib/gcc/x86_64-w64-mingw32/16.1.0/crtbegin.o
 .data          0x0000000140003000        0x0 C:\Users\stsmn\AppData\Local\Temp\ccqDBFQt.o
 .data          0x0000000140003000       0x10 G:/projects/embedded-development/gcc/bin/../x86_64-w64-mingw32/lib/gcc/x86_64-w64-mingw32/16.1.0/../../../../../x86_64-w64-mingw32/lib//../../x86_64-w64-mingw32/lib/libmingw32.a(lib64_libmingw32_a-gccmain.o)
 .data          0x0000000140003010       0x10 G:/projects/embedded-development/gcc/bin/../x86_64-w64-mingw32/lib/gcc/x86_64-w64-mingw32/16.1.0/../../../../../x86_64-w64-mingw32/lib//../../x86_64-w64-mingw32/lib/libmingw32.a(lib64_libmingw32_a-natstart.o)
                0x0000000140003010                __native_vcclrit_reason
                0x0000000140003014                __native_dllmain_reason
 .data          0x0000000140003020        0x0 G:/projects/embedded-development/gcc/bin/../x86_64-w64-mingw32/lib/gcc/x86_64-w64-mingw32/16.1.0/../../../../../x86_64-w64-mingw32/lib//../../x86_64-w64-mingw32/lib/libmingw32.a(lib64_libmingw32_a-wildcard.o)
 .data          0x0000000140003020        0x0 G:/projects/embedded-development/gcc/bin/../x86_64-w64-mingw32/lib/gcc/x86_64-w64-mingw32/16.1.0/../../../../../x86_64-w64-mingw32/lib//../../x86_64-w64-mingw32/lib/libmingw32.a(lib64_libmingw32_a-dllargv.o)
 .data          0x0000000140003020        0x0 G:/projects/embedded-development/gcc/bin/../x86_64-w64-mingw32/lib/gcc/x86_64-w64-mingw32/16.1.0/../../../../../x86_64-w64-mingw32/lib//../../x86_64-w64-mingw32/lib/libmingw32.a(lib64_libmingw32_a-_newmode.o)
 .data          0x0000000140003020        0x0 G:/projects/embedded-development/gcc/bin/../x86_64-w64-mingw32/lib/gcc/x86_64-w64-mingw32/16.1.0/../../../../../x86_64-w64-mingw32/lib//../../x86_64-w64-mingw32/lib/libmingw32.a(lib64_libmingw32_a-tlssup.o)
 .data          0x0000000140003020        0x0 G:/projects/embedded-development/gcc/bin/../x86_64-w64-mingw32/lib/gcc/x86_64-w64-mingw32/16.1.0/../../../../../x86_64-w64-mingw32/lib//../../x86_64-w64-mingw32/lib/libmingw32.a(lib64_libmingw32_a-xncommod.o)
 .data          0x0000000140003020        0x0 G:/projects/embedded-development/gcc/bin/../x86_64-w64-mingw32/lib/gcc/x86_64-w64-mingw32/16.1.0/../../../../../x86_64-w64-mingw32/lib//../../x86_64-w64-mingw32/lib/libmingw32.a(lib64_libmingw32_a-cinitexe.o)
 .data          0x0000000140003020        0x0 G:/projects/embedded-development/gcc/bin/../x86_64-w64-mingw32/lib/gcc/x86_64-w64-mingw32/16.1.0/../../../../../x86_64-w64-mingw32/lib//../../x86_64-w64-mingw32/lib/libmingw32.a(lib64_libmingw32_a-merr.o)
 .data          0x0000000140003020       0x10 G:/projects/embedded-development/gcc/bin/../x86_64-w64-mingw32/lib/gcc/x86_64-w64-mingw32/16.1.0/../../../../../x86_64-w64-mingw32/lib//../../x86_64-w64-mingw32/lib/libmingw32.a(lib64_libmingw32_a-xthdloc.o)
                0x0000000140003020                __globallocalestatus
 .data          0x0000000140003030        0x0 G:/projects/embedded-development/gcc/bin/../x86_64-w64-mingw32/lib/gcc/x86_64-w64-mingw32/16.1.0/../../../../../x86_64-w64-mingw32/lib//../../x86_64-w64-mingw32/lib/libmingw32.a(lib64_libmingw32_a-mingw_helpers.o)
 .data          0x0000000140003030        0x0 G:/projects/embedded-development/gcc/bin/../x86_64-w64-mingw32/lib/gcc/x86_64-w64-mingw32/16.1.0/../../../../../x86_64-w64-mingw32/lib//../../x86_64-w64-mingw32/lib/libmingw32.a(lib64_libmingw32_a-pseudo-reloc.o)
 .data          0x0000000140003030        0x0 G:/projects/embedded-development/gcc/bin/../x86_64-w64-mingw32/lib/gcc/x86_64-w64-mingw32/16.1.0/../../../../../x86_64-w64-mingw32/lib//../../x86_64-w64-mingw32/lib/libmingw32.a(lib64_libmingw32_a-usermatherr.o)
 .data          0x0000000140003030        0x0 G:/projects/embedded-development/gcc/bin/../x86_64-w64-mingw32/lib/gcc/x86_64-w64-mingw32/16.1.0/../../../../../x86_64-w64-mingw32/lib//../../x86_64-w64-mingw32/lib/libmingw32.a(lib64_libmingw32_a-xtxtmode.o)
 .data          0x0000000140003030        0x0 G:/projects/embedded-development/gcc/bin/../x86_64-w64-mingw32/lib/gcc/x86_64-w64-mingw32/16.1.0/../../../../../x86_64-w64-mingw32/lib//../../x86_64-w64-mingw32/lib/libmingw32.a(lib64_libmingw32_a-crt_handler.o)
 .data          0x0000000140003030        0x0 G:/projects/embedded-development/gcc/bin/../x86_64-w64-mingw32/lib/gcc/x86_64-w64-mingw32/16.1.0/../../../../../x86_64-w64-mingw32/lib//../../x86_64-w64-mingw32/lib/libmingw32.a(lib64_libmingw32_a-tlsthrd.o)
 .data          0x0000000140003030       0x10 G:/projects/embedded-development/gcc/bin/../x86_64-w64-mingw32/lib/gcc/x86_64-w64-mingw32/16.1.0/../../../../../x86_64-w64-mingw32/lib//../../x86_64-w64-mingw32/lib/libmingw32.a(lib64_libmingw32_a-tlsmcrt.o)
                0x0000000140003030                _CRT_MT
 .data          0x0000000140003040        0x0 G:/projects/embedded-development/gcc/bin/../x86_64-w64-mingw32/lib/gcc/x86_64-w64-mingw32/16.1.0/../../../../../x86_64-w64-mingw32/lib//../../x86_64-w64-mingw32/lib/libmingw32.a(lib64_libmingw32_a-CRT_fp10.o)
 .data          0x0000000140003040        0x0 G:/projects/embedded-development/gcc/bin/../x86_64-w64-mingw32/lib/gcc/x86_64-w64-mingw32/16.1.0/../../../../../x86_64-w64-mingw32/lib//../../x86_64-w64-mingw32/lib/libmingw32.a(lib64_libmingw32_a-pseudo-reloc-list.o)
 .data          0x0000000140003040        0x0 G:/projects/embedded-development/gcc/bin/../x86_64-w64-mingw32/lib/gcc/x86_64-w64-mingw32/16.1.0/../../../../../x86_64-w64-mingw32/lib//../../x86_64-w64-mingw32/lib/libmingw32.a(lib64_libmingw32_a-pesect.o)
 .data          0x0000000140003040        0x0 G:/projects/embedded-development/gcc/bin/../x86_64-w64-mingw32/lib/gcc/x86_64-w64-mingw32/16.1.0/libgcc.a(_chkstk_ms.o)
 .data          0x0000000140003040        0x0 G:/projects/embedded-development/gcc/bin/../x86_64-w64-mingw32/lib/gcc/x86_64-w64-mingw32/16.1.0/libgcc.a(_ctors.o)
 .data          0x0000000140003040       0x10 G:/projects/embedded-development/gcc/bin/../x86_64-w64-mingw32/lib/gcc/x86_64-w64-mingw32/16.1.0/../../../../../x86_64-w64-mingw32/lib//../../x86_64-w64-mingw32/lib/libmingwex.a(lib64_libmingwex_a-mingw_matherr.o)
                0x0000000140003040                _MINGW_INSTALL_DEBUG_MATHERR
 .data          0x0000000140003050        0x0 G:/projects/embedded-development/gcc/bin/../x86_64-w64-mingw32/lib/gcc/x86_64-w64-mingw32/16.1.0/../../../../../x86_64-w64-mingw32/lib//../../x86_64-w64-mingw32/lib/libmsvcrt.a(lib64_libucrt_extra_a-ucrt_vfprintf.o)
 .data          0x0000000140003050        0x0 G:/projects/embedded-development/gcc/bin/../x86_64-w64-mingw32/lib/gcc/x86_64-w64-mingw32/16.1.0/../../../../../x86_64-w64-mingw32/lib//../../x86_64-w64-mingw32/lib/libmsvcrt.a(lib64_libucrt_extra_a-ucrt_fprintf.o)
 .data          0x0000000140003050       0x10 G:/projects/embedded-development/gcc/bin/../x86_64-w64-mingw32/lib/gcc/x86_64-w64-mingw32/16.1.0/../../../../../x86_64-w64-mingw32/lib//../../x86_64-w64-mingw32/lib/libmsvcrt.a(lib64_libucrt_extra_a-ucrt___local_stdio_printf_options.o)
 .data          0x0000000140003060       0x10 G:/projects/embedded-development/gcc/bin/../x86_64-w64-mingw32/lib/gcc/x86_64-w64-mingw32/16.1.0/../../../../../x86_64-w64-mingw32/lib//../../x86_64-w64-mingw32/lib/libmsvcrt.a(lib64_libucrt_extra_a-__p___initenv.o)
                0x0000000140003060                __imp___p___initenv
 .data          0x0000000140003070       0x10 G:/projects/embedded-development/gcc/bin/../x86_64-w64-mingw32/lib/gcc/x86_64-w64-mingw32/16.1.0/../../../../../x86_64-w64-mingw32/lib//../../x86_64-w64-mingw32/lib/libmsvcrt.a(lib64_libucrt_extra_a-ucrt_amsg_exit.o)
                0x0000000140003070                __imp__amsg_exit
 .data          0x0000000140003080       0x10 G:/projects/embedded-development/gcc/bin/../x86_64-w64-mingw32/lib/gcc/x86_64-w64-mingw32/16.1.0/../../../../../x86_64-w64-mingw32/lib//../../x86_64-w64-mingw32/lib/libmsvcrt.a(lib64_libucrt_extra_a-ucrt__getmainargs.o)
                0x0000000140003080                __imp___getmainargs
 .data          0x0000000140003090        0x0 G:/projects/embedded-development/gcc/bin/../x86_64-w64-mingw32/lib/gcc/x86_64-w64-mingw32/16.1.0/../../../../../x86_64-w64-mingw32/lib//../../x86_64-w64-mingw32/lib/libmsvcrt.a(libapi-ms-win-crt-string-l1-1-0s00129.o)
 .data          0x0000000140003090        0x0 G:/projects/embedded-development/gcc/bin/../x86_64-w64-mingw32/lib/gcc/x86_64-w64-mingw32/16.1.0/../../../../../x86_64-w64-mingw32/lib//../../x86_64-w64-mingw32/lib/libmsvcrt.a(libapi-ms-win-crt-string-l1-1-0s00132.o)
 .data          0x0000000140003090        0x0 G:/projects/embedded-development/gcc/bin/../x86_64-w64-mingw32/lib/gcc/x86_64-w64-mingw32/16.1.0/../../../../../x86_64-w64-mingw32/lib//../../x86_64-w64-mingw32/lib/libmsvcrt.a(libapi-ms-win-crt-string-l1-1-0h.o)
 .data          0x0000000140003090        0x0 G:/projects/embedded-development/gcc/bin/../x86_64-w64-mingw32/lib/gcc/x86_64-w64-mingw32/16.1.0/../../../../../x86_64-w64-mingw32/lib//../../x86_64-w64-mingw32/lib/libmsvcrt.a(libapi-ms-win-crt-string-l1-1-0t.o)
 .data          0x0000000140003090        0x0 G:/projects/embedded-development/gcc/bin/../x86_64-w64-mingw32/lib/gcc/x86_64-w64-mingw32/16.1.0/../../../../../x86_64-w64-mingw32/lib//../../x86_64-w64-mingw32/lib/libmsvcrt.a(libapi-ms-win-crt-stdio-l1-1-0s00000.o)
 .data          0x0000000140003090        0x0 G:/projects/embedded-development/gcc/bin/../x86_64-w64-mingw32/lib/gcc/x86_64-w64-mingw32/16.1.0/../../../../../x86_64-w64-mingw32/lib//../../x86_64-w64-mingw32/lib/libmsvcrt.a(libapi-ms-win-crt-stdio-l1-1-0s00001.o)
 .data          0x0000000140003090        0x0 G:/projects/embedded-development/gcc/bin/../x86_64-w64-mingw32/lib/gcc/x86_64-w64-mingw32/16.1.0/../../../../../x86_64-w64-mingw32/lib//../../x86_64-w64-mingw32/lib/libmsvcrt.a(libapi-ms-win-crt-stdio-l1-1-0s00002.o)
 .data          0x0000000140003090        0x0 G:/projects/embedded-development/gcc/bin/../x86_64-w64-mingw32/lib/gcc/x86_64-w64-mingw32/16.1.0/../../../../../x86_64-w64-mingw32/lib//../../x86_64-w64-mingw32/lib/libmsvcrt.a(libapi-ms-win-crt-stdio-l1-1-0s00003.o)
 .data          0x0000000140003090        0x0 G:/projects/embedded-development/gcc/bin/../x86_64-w64-mingw32/lib/gcc/x86_64-w64-mingw32/16.1.0/../../../../../x86_64-w64-mingw32/lib//../../x86_64-w64-mingw32/lib/libmsvcrt.a(libapi-ms-win-crt-stdio-l1-1-0s00107.o)
 .data          0x0000000140003090        0x0 G:/projects/embedded-development/gcc/bin/../x86_64-w64-mingw32/lib/gcc/x86_64-w64-mingw32/16.1.0/../../../../../x86_64-w64-mingw32/lib//../../x86_64-w64-mingw32/lib/libmsvcrt.a(libapi-ms-win-crt-stdio-l1-1-0s00138.o)
 .data          0x0000000140003090        0x0 G:/projects/embedded-development/gcc/bin/../x86_64-w64-mingw32/lib/gcc/x86_64-w64-mingw32/16.1.0/../../../../../x86_64-w64-mingw32/lib//../../x86_64-w64-mingw32/lib/libmsvcrt.a(libapi-ms-win-crt-stdio-l1-1-0h.o)
 .data          0x0000000140003090        0x0 G:/projects/embedded-development/gcc/bin/../x86_64-w64-mingw32/lib/gcc/x86_64-w64-mingw32/16.1.0/../../../../../x86_64-w64-mingw32/lib//../../x86_64-w64-mingw32/lib/libmsvcrt.a(libapi-ms-win-crt-stdio-l1-1-0t.o)
 .data          0x0000000140003090        0x0 G:/projects/embedded-development/gcc/bin/../x86_64-w64-mingw32/lib/gcc/x86_64-w64-mingw32/16.1.0/../../../../../x86_64-w64-mingw32/lib//../../x86_64-w64-mingw32/lib/libmsvcrt.a(libapi-ms-win-crt-runtime-l1-1-0s00000.o)
 .data          0x0000000140003090        0x0 G:/projects/embedded-development/gcc/bin/../x86_64-w64-mingw32/lib/gcc/x86_64-w64-mingw32/16.1.0/../../../../../x86_64-w64-mingw32/lib//../../x86_64-w64-mingw32/lib/libmsvcrt.a(libapi-ms-win-crt-runtime-l1-1-0s00006.o)
 .data          0x0000000140003090        0x0 G:/projects/embedded-development/gcc/bin/../x86_64-w64-mingw32/lib/gcc/x86_64-w64-mingw32/16.1.0/../../../../../x86_64-w64-mingw32/lib//../../x86_64-w64-mingw32/lib/libmsvcrt.a(libapi-ms-win-crt-runtime-l1-1-0s00007.o)
 .data          0x0000000140003090        0x0 G:/projects/embedded-development/gcc/bin/../x86_64-w64-mingw32/lib/gcc/x86_64-w64-mingw32/16.1.0/../../../../../x86_64-w64-mingw32/lib//../../x86_64-w64-mingw32/lib/libmsvcrt.a(libapi-ms-win-crt-runtime-l1-1-0s00023.o)
 .data          0x0000000140003090        0x0 G:/projects/embedded-development/gcc/bin/../x86_64-w64-mingw32/lib/gcc/x86_64-w64-mingw32/16.1.0/../../../../../x86_64-w64-mingw32/lib//../../x86_64-w64-mingw32/lib/libmsvcrt.a(libapi-ms-win-crt-runtime-l1-1-0s00025.o)
 .data          0x0000000140003090        0x0 G:/projects/embedded-development/gcc/bin/../x86_64-w64-mingw32/lib/gcc/x86_64-w64-mingw32/16.1.0/../../../../../x86_64-w64-mingw32/lib//../../x86_64-w64-mingw32/lib/libmsvcrt.a(libapi-ms-win-crt-runtime-l1-1-0s00031.o)
 .data          0x0000000140003090        0x0 G:/projects/embedded-development/gcc/bin/../x86_64-w64-mingw32/lib/gcc/x86_64-w64-mingw32/16.1.0/../../../../../x86_64-w64-mingw32/lib//../../x86_64-w64-mingw32/lib/libmsvcrt.a(libapi-ms-win-crt-runtime-l1-1-0s00036.o)
 .data          0x0000000140003090        0x0 G:/projects/embedded-development/gcc/bin/../x86_64-w64-mingw32/lib/gcc/x86_64-w64-mingw32/16.1.0/../../../../../x86_64-w64-mingw32/lib//../../x86_64-w64-mingw32/lib/libmsvcrt.a(libapi-ms-win-crt-runtime-l1-1-0s00051.o)
 .data          0x0000000140003090        0x0 G:/projects/embedded-development/gcc/bin/../x86_64-w64-mingw32/lib/gcc/x86_64-w64-mingw32/16.1.0/../../../../../x86_64-w64-mingw32/lib//../../x86_64-w64-mingw32/lib/libmsvcrt.a(libapi-ms-win-crt-runtime-l1-1-0s00054.o)
 .data          0x0000000140003090        0x0 G:/projects/embedded-development/gcc/bin/../x86_64-w64-mingw32/lib/gcc/x86_64-w64-mingw32/16.1.0/../../../../../x86_64-w64-mingw32/lib//../../x86_64-w64-mingw32/lib/libmsvcrt.a(libapi-ms-win-crt-runtime-l1-1-0s00055.o)
 .data          0x0000000140003090        0x0 G:/projects/embedded-development/gcc/bin/../x86_64-w64-mingw32/lib/gcc/x86_64-w64-mingw32/16.1.0/../../../../../x86_64-w64-mingw32/lib//../../x86_64-w64-mingw32/lib/libmsvcrt.a(libapi-ms-win-crt-runtime-l1-1-0s00071.o)
 .data          0x0000000140003090        0x0 G:/projects/embedded-development/gcc/bin/../x86_64-w64-mingw32/lib/gcc/x86_64-w64-mingw32/16.1.0/../../../../../x86_64-w64-mingw32/lib//../../x86_64-w64-mingw32/lib/libmsvcrt.a(libapi-ms-win-crt-runtime-l1-1-0s00084.o)
 .data          0x0000000140003090        0x0 G:/projects/embedded-development/gcc/bin/../x86_64-w64-mingw32/lib/gcc/x86_64-w64-mingw32/16.1.0/../../../../../x86_64-w64-mingw32/lib//../../x86_64-w64-mingw32/lib/libmsvcrt.a(libapi-ms-win-crt-runtime-l1-1-0s00085.o)
 .data          0x0000000140003090        0x0 G:/projects/embedded-development/gcc/bin/../x86_64-w64-mingw32/lib/gcc/x86_64-w64-mingw32/16.1.0/../../../../../x86_64-w64-mingw32/lib//../../x86_64-w64-mingw32/lib/libmsvcrt.a(libapi-ms-win-crt-runtime-l1-1-0s00099.o)
 .data          0x0000000140003090        0x0 G:/projects/embedded-development/gcc/bin/../x86_64-w64-mingw32/lib/gcc/x86_64-w64-mingw32/16.1.0/../../../../../x86_64-w64-mingw32/lib//../../x86_64-w64-mingw32/lib/libmsvcrt.a(libapi-ms-win-crt-runtime-l1-1-0h.o)
 .data          0x0000000140003090        0x0 G:/projects/embedded-development/gcc/bin/../x86_64-w64-mingw32/lib/gcc/x86_64-w64-mingw32/16.1.0/../../../../../x86_64-w64-mingw32/lib//../../x86_64-w64-mingw32/lib/libmsvcrt.a(libapi-ms-win-crt-runtime-l1-1-0t.o)
 .data          0x0000000140003090        0x0 G:/projects/embedded-development/gcc/bin/../x86_64-w64-mingw32/lib/gcc/x86_64-w64-mingw32/16.1.0/../../../../../x86_64-w64-mingw32/lib//../../x86_64-w64-mingw32/lib/libmsvcrt.a(libapi-ms-win-crt-private-l1-1-0s00012.o)
 .data          0x0000000140003090        0x0 G:/projects/embedded-development/gcc/bin/../x86_64-w64-mingw32/lib/gcc/x86_64-w64-mingw32/16.1.0/../../../../../x86_64-w64-mingw32/lib//../../x86_64-w64-mingw32/lib/libmsvcrt.a(libapi-ms-win-crt-private-l1-1-0s01085.o)
 .data          0x0000000140003090        0x0 G:/projects/embedded-development/gcc/bin/../x86_64-w64-mingw32/lib/gcc/x86_64-w64-mingw32/16.1.0/../../../../../x86_64-w64-mingw32/lib//../../x86_64-w64-mingw32/lib/libmsvcrt.a(libapi-ms-win-crt-private-l1-1-0h.o)
 .data          0x0000000140003090        0x0 G:/projects/embedded-development/gcc/bin/../x86_64-w64-mingw32/lib/gcc/x86_64-w64-mingw32/16.1.0/../../../../../x86_64-w64-mingw32/lib//../../x86_64-w64-mingw32/lib/libmsvcrt.a(libapi-ms-win-crt-private-l1-1-0t.o)
 .data          0x0000000140003090        0x0 G:/projects/embedded-development/gcc/bin/../x86_64-w64-mingw32/lib/gcc/x86_64-w64-mingw32/16.1.0/../../../../../x86_64-w64-mingw32/lib//../../x86_64-w64-mingw32/lib/libmsvcrt.a(libapi-ms-win-crt-math-l1-1-0s00009.o)
 .data          0x0000000140003090        0x0 G:/projects/embedded-development/gcc/bin/../x86_64-w64-mingw32/lib/gcc/x86_64-w64-mingw32/16.1.0/../../../../../x86_64-w64-mingw32/lib//../../x86_64-w64-mingw32/lib/libmsvcrt.a(libapi-ms-win-crt-math-l1-1-0h.o)
 .data          0x0000000140003090        0x0 G:/projects/embedded-development/gcc/bin/../x86_64-w64-mingw32/lib/gcc/x86_64-w64-mingw32/16.1.0/../../../../../x86_64-w64-mingw32/lib//../../x86_64-w64-mingw32/lib/libmsvcrt.a(libapi-ms-win-crt-math-l1-1-0t.o)
 .data          0x0000000140003090        0x0 G:/projects/embedded-development/gcc/bin/../x86_64-w64-mingw32/lib/gcc/x86_64-w64-mingw32/16.1.0/../../../../../x86_64-w64-mingw32/lib//../../x86_64-w64-mingw32/lib/libmsvcrt.a(libapi-ms-win-crt-locale-l1-1-0s00008.o)
 .data          0x0000000140003090        0x0 G:/projects/embedded-development/gcc/bin/../x86_64-w64-mingw32/lib/gcc/x86_64-w64-mingw32/16.1.0/../../../../../x86_64-w64-mingw32/lib//../../x86_64-w64-mingw32/lib/libmsvcrt.a(libapi-ms-win-crt-locale-l1-1-0h.o)
 .data          0x0000000140003090        0x0 G:/projects/embedded-development/gcc/bin/../x86_64-w64-mingw32/lib/gcc/x86_64-w64-mingw32/16.1.0/../../../../../x86_64-w64-mingw32/lib//../../x86_64-w64-mingw32/lib/libmsvcrt.a(libapi-ms-win-crt-locale-l1-1-0t.o)
 .data          0x0000000140003090        0x0 G:/projects/embedded-development/gcc/bin/../x86_64-w64-mingw32/lib/gcc/x86_64-w64-mingw32/16.1.0/../../../../../x86_64-w64-mingw32/lib//../../x86_64-w64-mingw32/lib/libmsvcrt.a(libapi-ms-win-crt-heap-l1-1-0s00022.o)
 .data          0x0000000140003090        0x0 G:/projects/embedded-development/gcc/bin/../x86_64-w64-mingw32/lib/gcc/x86_64-w64-mingw32/16.1.0/../../../../../x86_64-w64-mingw32/lib//../../x86_64-w64-mingw32/lib/libmsvcrt.a(libapi-ms-win-crt-heap-l1-1-0s00023.o)
 .data          0x0000000140003090        0x0 G:/projects/embedded-development/gcc/bin/../x86_64-w64-mingw32/lib/gcc/x86_64-w64-mingw32/16.1.0/../../../../../x86_64-w64-mingw32/lib//../../x86_64-w64-mingw32/lib/libmsvcrt.a(libapi-ms-win-crt-heap-l1-1-0s00024.o)
 .data          0x0000000140003090        0x0 G:/projects/embedded-development/gcc/bin/../x86_64-w64-mingw32/lib/gcc/x86_64-w64-mingw32/16.1.0/../../../../../x86_64-w64-mingw32/lib//../../x86_64-w64-mingw32/lib/libmsvcrt.a(libapi-ms-win-crt-heap-l1-1-0s00025.o)
 .data          0x0000000140003090        0x0 G:/projects/embedded-development/gcc/bin/../x86_64-w64-mingw32/lib/gcc/x86_64-w64-mingw32/16.1.0/../../../../../x86_64-w64-mingw32/lib//../../x86_64-w64-mingw32/lib/libmsvcrt.a(libapi-ms-win-crt-heap-l1-1-0h.o)
 .data          0x0000000140003090        0x0 G:/projects/embedded-development/gcc/bin/../x86_64-w64-mingw32/lib/gcc/x86_64-w64-mingw32/16.1.0/../../../../../x86_64-w64-mingw32/lib//../../x86_64-w64-mingw32/lib/libmsvcrt.a(libapi-ms-win-crt-heap-l1-1-0t.o)
 .data          0x0000000140003090        0x0 G:/projects/embedded-development/gcc/bin/../x86_64-w64-mingw32/lib/gcc/x86_64-w64-mingw32/16.1.0/../../../../../x86_64-w64-mingw32/lib//../../x86_64-w64-mingw32/lib/libmsvcrt.a(libapi-ms-win-crt-environment-l1-1-0s00000.o)
 .data          0x0000000140003090        0x0 G:/projects/embedded-development/gcc/bin/../x86_64-w64-mingw32/lib/gcc/x86_64-w64-mingw32/16.1.0/../../../../../x86_64-w64-mingw32/lib//../../x86_64-w64-mingw32/lib/libmsvcrt.a(libapi-ms-win-crt-environment-l1-1-0h.o)
 .data          0x0000000140003090        0x0 G:/projects/embedded-development/gcc/bin/../x86_64-w64-mingw32/lib/gcc/x86_64-w64-mingw32/16.1.0/../../../../../x86_64-w64-mingw32/lib//../../x86_64-w64-mingw32/lib/libmsvcrt.a(libapi-ms-win-crt-environment-l1-1-0t.o)
 .data          0x0000000140003090       0x10 G:/projects/embedded-development/gcc/bin/../x86_64-w64-mingw32/lib/gcc/x86_64-w64-mingw32/16.1.0/../../../../../x86_64-w64-mingw32/lib//../../x86_64-w64-mingw32/lib/libmsvcrt.a(lib64_libucrt_extra_a-__initenv.o)
                0x0000000140003090                __imp___initenv
 .data          0x00000001400030a0        0x0 G:/projects/embedded-development/gcc/bin/../x86_64-w64-mingw32/lib/gcc/x86_64-w64-mingw32/16.1.0/../../../../../x86_64-w64-mingw32/lib//../../x86_64-w64-mingw32/lib/libkernel32.a(libkernel32s01535.o)
 .data          0x00000001400030a0        0x0 G:/projects/embedded-development/gcc/bin/../x86_64-w64-mingw32/lib/gcc/x86_64-w64-mingw32/16.1.0/../../../../../x86_64-w64-mingw32/lib//../../x86_64-w64-mingw32/lib/libkernel32.a(libkernel32s01533.o)
 .data          0x00000001400030a0        0x0 G:/projects/embedded-development/gcc/bin/../x86_64-w64-mingw32/lib/gcc/x86_64-w64-mingw32/16.1.0/../../../../../x86_64-w64-mingw32/lib//../../x86_64-w64-mingw32/lib/libkernel32.a(libkernel32s01485.o)
 .data          0x00000001400030a0        0x0 G:/projects/embedded-development/gcc/bin/../x86_64-w64-mingw32/lib/gcc/x86_64-w64-mingw32/16.1.0/../../../../../x86_64-w64-mingw32/lib//../../x86_64-w64-mingw32/lib/libkernel32.a(libkernel32s01449.o)
 .data          0x00000001400030a0        0x0 G:/projects/embedded-development/gcc/bin/../x86_64-w64-mingw32/lib/gcc/x86_64-w64-mingw32/16.1.0/../../../../../x86_64-w64-mingw32/lib//../../x86_64-w64-mingw32/lib/libkernel32.a(libkernel32s01433.o)
 .data          0x00000001400030a0        0x0 G:/projects/embedded-development/gcc/bin/../x86_64-w64-mingw32/lib/gcc/x86_64-w64-mingw32/16.1.0/../../../../../x86_64-w64-mingw32/lib//../../x86_64-w64-mingw32/lib/libkernel32.a(libkernel32s01012.o)
 .data          0x00000001400030a0        0x0 G:/projects/embedded-development/gcc/bin/../x86_64-w64-mingw32/lib/gcc/x86_64-w64-mingw32/16.1.0/../../../../../x86_64-w64-mingw32/lib//../../x86_64-w64-mingw32/lib/libkernel32.a(libkernel32s00918.o)
 .data          0x00000001400030a0        0x0 G:/projects/embedded-development/gcc/bin/../x86_64-w64-mingw32/lib/gcc/x86_64-w64-mingw32/16.1.0/../../../../../x86_64-w64-mingw32/lib//../../x86_64-w64-mingw32/lib/libkernel32.a(libkernel32s00648.o)
 .data          0x00000001400030a0        0x0 G:/projects/embedded-development/gcc/bin/../x86_64-w64-mingw32/lib/gcc/x86_64-w64-mingw32/16.1.0/../../../../../x86_64-w64-mingw32/lib//../../x86_64-w64-mingw32/lib/libkernel32.a(libkernel32s00333.o)
 .data          0x00000001400030a0        0x0 G:/projects/embedded-development/gcc/bin/../x86_64-w64-mingw32/lib/gcc/x86_64-w64-mingw32/16.1.0/../../../../../x86_64-w64-mingw32/lib//../../x86_64-w64-mingw32/lib/libkernel32.a(libkernel32s00295.o)
 .data          0x00000001400030a0        0x0 G:/projects/embedded-development/gcc/bin/../x86_64-w64-mingw32/lib/gcc/x86_64-w64-mingw32/16.1.0/../../../../../x86_64-w64-mingw32/lib//../../x86_64-w64-mingw32/lib/libkernel32.a(libkernel32h.o)
 .data          0x00000001400030a0        0x0 G:/projects/embedded-development/gcc/bin/../x86_64-w64-mingw32/lib/gcc/x86_64-w64-mingw32/16.1.0/../../../../../x86_64-w64-mingw32/lib//../../x86_64-w64-mingw32/lib/libkernel32.a(libkernel32t.o)
 .data          0x00000001400030a0        0x0 G:/projects/embedded-development/gcc/bin/../x86_64-w64-mingw32/lib/gcc/x86_64-w64-mingw32/16.1.0/crtend.o
 *(.data2)
 *(SORT_BY_NAME(.data$*))
 *(.jcr)
                0x00000001400030a0                __data_end__ = .
 *(.data_cygwin_nocopy)

.rdata          0x0000000140004000      0x800
 *(.rdata)
 .rdata         0x0000000140004000      0x200 C:\Users\stsmn\AppData\Local\Temp\ccqDBFQt.o
 .rdata         0x0000000140004200       0x60 G:/projects/embedded-development/gcc/bin/../x86_64-w64-mingw32/lib/gcc/x86_64-w64-mingw32/16.1.0/../../../../../x86_64-w64-mingw32/lib//../../x86_64-w64-mingw32/lib/libmingw32.a(lib64_libmingw32_a-tlssup.o)
                0x0000000140004200                __dyn_tls_init_callback
                0x0000000140004220                _tls_used
 .rdata         0x0000000140004260      0x140 G:/projects/embedded-development/gcc/bin/../x86_64-w64-mingw32/lib/gcc/x86_64-w64-mingw32/16.1.0/../../../../../x86_64-w64-mingw32/lib//../../x86_64-w64-mingw32/lib/libmingw32.a(lib64_libmingw32_a-merr.o)
 .rdata         0x00000001400043a0      0x160 G:/projects/embedded-development/gcc/bin/../x86_64-w64-mingw32/lib/gcc/x86_64-w64-mingw32/16.1.0/../../../../../x86_64-w64-mingw32/lib//../../x86_64-w64-mingw32/lib/libmingw32.a(lib64_libmingw32_a-pseudo-reloc.o)
 .rdata         0x0000000140004500       0x60 G:/projects/embedded-development/gcc/bin/../x86_64-w64-mingw32/lib/gcc/x86_64-w64-mingw32/16.1.0/../../../../../x86_64-w64-mingw32/lib//../../x86_64-w64-mingw32/lib/libmingw32.a(lib64_libmingw32_a-crt_handler.o)
 .rdata         0x0000000140004560       0x20 G:/projects/embedded-development/gcc/bin/../x86_64-w64-mingw32/lib/gcc/x86_64-w64-mingw32/16.1.0/../../../../../x86_64-w64-mingw32/lib//../../x86_64-w64-mingw32/lib/libmsvcrt.a(lib64_libucrt_extra_a-ucrt_amsg_exit.o)
 *(SORT_BY_NAME(.rdata$*))
 .rdata$.refptr._CRT_MT
                0x0000000140004580       0x10 G:/projects/embedded-development/gcc/bin/../x86_64-w64-mingw32/lib/gcc/x86_64-w64-mingw32/16.1.0/../../../../../x86_64-w64-mingw32/lib//../../x86_64-w64-mingw32/lib/libmingw32.a(lib64_libmingw32_a-tlssup.o)
                0x0000000140004580                .refptr._CRT_MT
 .rdata$.refptr._MINGW_INSTALL_DEBUG_MATHERR
                0x0000000140004590       0x10 G:/projects/embedded-development/gcc/bin/../x86_64-w64-mingw32/lib/gcc/x86_64-w64-mingw32/16.1.0/../../../../../x86_64-w64-mingw32/lib//../../x86_64-w64-mingw32/lib/crt2.o
                0x0000000140004590                .refptr._MINGW_INSTALL_DEBUG_MATHERR
 .rdata$.refptr.__CTOR_LIST__
                0x00000001400045a0       0x10 G:/projects/embedded-development/gcc/bin/../x86_64-w64-mingw32/lib/gcc/x86_64-w64-mingw32/16.1.0/../../../../../x86_64-w64-mingw32/lib//../../x86_64-w64-mingw32/lib/libmingw32.a(lib64_libmingw32_a-gccmain.o)
                0x00000001400045a0                .refptr.__CTOR_LIST__
 .rdata$.refptr.__ImageBase
                0x00000001400045b0       0x10 G:/projects/embedded-development/gcc/bin/../x86_64-w64-mingw32/lib/gcc/x86_64-w64-mingw32/16.1.0/../../../../../x86_64-w64-mingw32/lib//../../x86_64-w64-mingw32/lib/crt2.o
                0x00000001400045b0                .refptr.__ImageBase
 .rdata$.refptr.__RUNTIME_PSEUDO_RELOC_LIST_END__
                0x00000001400045c0       0x10 G:/projects/embedded-development/gcc/bin/../x86_64-w64-mingw32/lib/gcc/x86_64-w64-mingw32/16.1.0/../../../../../x86_64-w64-mingw32/lib//../../x86_64-w64-mingw32/lib/libmingw32.a(lib64_libmingw32_a-pseudo-reloc.o)
                0x00000001400045c0                .refptr.__RUNTIME_PSEUDO_RELOC_LIST_END__
 .rdata$.refptr.__RUNTIME_PSEUDO_RELOC_LIST__
                0x00000001400045d0       0x10 G:/projects/embedded-development/gcc/bin/../x86_64-w64-mingw32/lib/gcc/x86_64-w64-mingw32/16.1.0/../../../../../x86_64-w64-mingw32/lib//../../x86_64-w64-mingw32/lib/libmingw32.a(lib64_libmingw32_a-pseudo-reloc.o)
                0x00000001400045d0                .refptr.__RUNTIME_PSEUDO_RELOC_LIST__
 .rdata$.refptr.__dyn_tls_init_callback
                0x00000001400045e0       0x10 G:/projects/embedded-development/gcc/bin/../x86_64-w64-mingw32/lib/gcc/x86_64-w64-mingw32/16.1.0/../../../../../x86_64-w64-mingw32/lib//../../x86_64-w64-mingw32/lib/crt2.o
                0x00000001400045e0                .refptr.__dyn_tls_init_callback
 .rdata$.refptr.__globallocalestatus
                0x00000001400045f0       0x10 G:/projects/embedded-development/gcc/bin/../x86_64-w64-mingw32/lib/gcc/x86_64-w64-mingw32/16.1.0/../../../../../x86_64-w64-mingw32/lib//../../x86_64-w64-mingw32/lib/crt2.o
                0x00000001400045f0                .refptr.__globallocalestatus
 .rdata$.refptr.__imp___initenv
                0x0000000140004600       0x10 G:/projects/embedded-development/gcc/bin/../x86_64-w64-mingw32/lib/gcc/x86_64-w64-mingw32/16.1.0/../../../../../x86_64-w64-mingw32/lib//../../x86_64-w64-mingw32/lib/libmsvcrt.a(lib64_libucrt_extra_a-__p___initenv.o)
                0x0000000140004600                .refptr.__imp___initenv
 .rdata$.refptr.__mingw_app_type
                0x0000000140004610       0x10 G:/projects/embedded-development/gcc/bin/../x86_64-w64-mingw32/lib/gcc/x86_64-w64-mingw32/16.1.0/../../../../../x86_64-w64-mingw32/lib//../../x86_64-w64-mingw32/lib/crt2.o
                0x0000000140004610                .refptr.__mingw_app_type
 .rdata$.refptr.__mingw_initltsdrot_force
                0x0000000140004620       0x10 G:/projects/embedded-development/gcc/bin/../x86_64-w64-mingw32/lib/gcc/x86_64-w64-mingw32/16.1.0/../../../../../x86_64-w64-mingw32/lib//../../x86_64-w64-mingw32/lib/crt2.o
                0x0000000140004620                .refptr.__mingw_initltsdrot_force
 .rdata$.refptr.__mingw_initltsdyn_force
                0x0000000140004630       0x10 G:/projects/embedded-development/gcc/bin/../x86_64-w64-mingw32/lib/gcc/x86_64-w64-mingw32/16.1.0/../../../../../x86_64-w64-mingw32/lib//../../x86_64-w64-mingw32/lib/crt2.o
                0x0000000140004630                .refptr.__mingw_initltsdyn_force
 .rdata$.refptr.__mingw_initltssuo_force
                0x0000000140004640       0x10 G:/projects/embedded-development/gcc/bin/../x86_64-w64-mingw32/lib/gcc/x86_64-w64-mingw32/16.1.0/../../../../../x86_64-w64-mingw32/lib//../../x86_64-w64-mingw32/lib/crt2.o
                0x0000000140004640                .refptr.__mingw_initltssuo_force
 .rdata$.refptr.__mingw_oldexcpt_handler
                0x0000000140004650       0x10 G:/projects/embedded-development/gcc/bin/../x86_64-w64-mingw32/lib/gcc/x86_64-w64-mingw32/16.1.0/../../../../../x86_64-w64-mingw32/lib//../../x86_64-w64-mingw32/lib/crt2.o
                0x0000000140004650                .refptr.__mingw_oldexcpt_handler
 .rdata$.refptr.__native_startup_lock
                0x0000000140004660       0x10 G:/projects/embedded-development/gcc/bin/../x86_64-w64-mingw32/lib/gcc/x86_64-w64-mingw32/16.1.0/../../../../../x86_64-w64-mingw32/lib//../../x86_64-w64-mingw32/lib/crt2.o
                0x0000000140004660                .refptr.__native_startup_lock
 .rdata$.refptr.__native_startup_state
                0x0000000140004670       0x10 G:/projects/embedded-development/gcc/bin/../x86_64-w64-mingw32/lib/gcc/x86_64-w64-mingw32/16.1.0/../../../../../x86_64-w64-mingw32/lib//../../x86_64-w64-mingw32/lib/crt2.o
                0x0000000140004670                .refptr.__native_startup_state
 .rdata$.refptr.__xc_a
                0x0000000140004680       0x10 G:/projects/embedded-development/gcc/bin/../x86_64-w64-mingw32/lib/gcc/x86_64-w64-mingw32/16.1.0/../../../../../x86_64-w64-mingw32/lib//../../x86_64-w64-mingw32/lib/crt2.o
                0x0000000140004680                .refptr.__xc_a
 .rdata$.refptr.__xc_z
                0x0000000140004690       0x10 G:/projects/embedded-development/gcc/bin/../x86_64-w64-mingw32/lib/gcc/x86_64-w64-mingw32/16.1.0/../../../../../x86_64-w64-mingw32/lib//../../x86_64-w64-mingw32/lib/crt2.o
                0x0000000140004690                .refptr.__xc_z
 .rdata$.refptr.__xi_a
                0x00000001400046a0       0x10 G:/projects/embedded-development/gcc/bin/../x86_64-w64-mingw32/lib/gcc/x86_64-w64-mingw32/16.1.0/../../../../../x86_64-w64-mingw32/lib//../../x86_64-w64-mingw32/lib/crt2.o
                0x00000001400046a0                .refptr.__xi_a
 .rdata$.refptr.__xi_z
                0x00000001400046b0       0x10 G:/projects/embedded-development/gcc/bin/../x86_64-w64-mingw32/lib/gcc/x86_64-w64-mingw32/16.1.0/../../../../../x86_64-w64-mingw32/lib//../../x86_64-w64-mingw32/lib/crt2.o
                0x00000001400046b0                .refptr.__xi_z
 .rdata$.refptr._commode
                0x00000001400046c0       0x10 G:/projects/embedded-development/gcc/bin/../x86_64-w64-mingw32/lib/gcc/x86_64-w64-mingw32/16.1.0/../../../../../x86_64-w64-mingw32/lib//../../x86_64-w64-mingw32/lib/crt2.o
                0x00000001400046c0                .refptr._commode
 .rdata$.refptr._dowildcard
                0x00000001400046d0       0x10 G:/projects/embedded-development/gcc/bin/../x86_64-w64-mingw32/lib/gcc/x86_64-w64-mingw32/16.1.0/../../../../../x86_64-w64-mingw32/lib//../../x86_64-w64-mingw32/lib/crt2.o
                0x00000001400046d0                .refptr._dowildcard
 .rdata$.refptr._fmode
                0x00000001400046e0       0x10 G:/projects/embedded-development/gcc/bin/../x86_64-w64-mingw32/lib/gcc/x86_64-w64-mingw32/16.1.0/../../../../../x86_64-w64-mingw32/lib//../../x86_64-w64-mingw32/lib/crt2.o
                0x00000001400046e0                .refptr._fmode
 .rdata$.refptr._gnu_exception_handler
                0x00000001400046f0       0x10 G:/projects/embedded-development/gcc/bin/../x86_64-w64-mingw32/lib/gcc/x86_64-w64-mingw32/16.1.0/../../../../../x86_64-w64-mingw32/lib//../../x86_64-w64-mingw32/lib/crt2.o
                0x00000001400046f0                .refptr._gnu_exception_handler
 .rdata$.refptr._matherr
                0x0000000140004700       0x10 G:/projects/embedded-development/gcc/bin/../x86_64-w64-mingw32/lib/gcc/x86_64-w64-mingw32/16.1.0/../../../../../x86_64-w64-mingw32/lib//../../x86_64-w64-mingw32/lib/crt2.o
                0x0000000140004700                .refptr._matherr
 .rdata$.refptr._newmode
                0x0000000140004710       0x10 G:/projects/embedded-development/gcc/bin/../x86_64-w64-mingw32/lib/gcc/x86_64-w64-mingw32/16.1.0/../../../../../x86_64-w64-mingw32/lib//../../x86_64-w64-mingw32/lib/crt2.o
                0x0000000140004710                .refptr._newmode
 .rdata$zzz     0x0000000140004720       0x20 C:\Users\stsmn\AppData\Local\Temp\ccqDBFQt.o
                0x0000000140004740                . = ALIGN (0x4)
                0x0000000140004740                __rt_psrelocs_start = .
 *(.rdata_runtime_pseudo_reloc)
                0x0000000140004740                __rt_psrelocs_end = .
                0x0000000140004740                . = ALIGN (0x8)
                0x0000000140004740                __DELAY_IMPORT_DIRECTORY_start__ = .
 SORT_BY_NAME(*)(.didat$2)
 SORT_BY_NAME(*)(.didat$3)
                0x0000000140004740                __DELAY_IMPORT_DIRECTORY_end__ = .
                0x0000000140004740                . = (. + (__DELAY_IMPORT_DIRECTORY_end__ - __DELAY_IMPORT_DIRECTORY_start__)?0x20:0x0)
                0x0000000140004740                . = ALIGN (0x8)
 SORT_BY_NAME(*)(.didat$4)
 SORT_BY_NAME(*)(.didat$6)
 SORT_BY_NAME(*)(.didat$7)
                0x0000000140004740                . = ALIGN (0x8)
                0x0000000140004740                ___CTOR_LIST__ = .
                0x0000000140004740                __CTOR_LIST__ = .
                0x0000000140004740        0x4 LONG 0xffffffffffffffff
                0x0000000140004744        0x4 LONG 0xffffffffffffffff
 *(.ctors)
 *(.ctor)
 *(SORT_BY_NAME(.ctors.*))
 .ctors.65535   0x0000000140004748        0x8 G:/projects/embedded-development/gcc/bin/../x86_64-w64-mingw32/lib/gcc/x86_64-w64-mingw32/16.1.0/crtend.o
                0x0000000140004750        0x4 LONG 0x0
                0x0000000140004754        0x4 LONG 0x0
                0x0000000140004758                ___DTOR_LIST__ = .
                0x0000000140004758                __DTOR_LIST__ = .
                0x0000000140004758        0x4 LONG 0xffffffffffffffff
                0x000000014000475c        0x4 LONG 0xffffffffffffffff
 *(.dtors)
 *(.dtor)
 *(SORT_BY_NAME(.dtors.*))
                0x0000000140004760        0x4 LONG 0x0
                0x0000000140004764        0x4 LONG 0x0
                0x0000000140004768                ___crt_xc_start__ = .
 *(SORT_BY_NAME(.CRT$XC*))
 .CRT$XCA       0x0000000140004768        0x8 G:/projects/embedded-development/gcc/bin/../x86_64-w64-mingw32/lib/gcc/x86_64-w64-mingw32/16.1.0/../../../../../x86_64-w64-mingw32/lib//../../x86_64-w64-mingw32/lib/libmingw32.a(lib64_libmingw32_a-cinitexe.o)
                0x0000000140004768                __xc_a
 .CRT$XCZ       0x0000000140004770        0x8 G:/projects/embedded-development/gcc/bin/../x86_64-w64-mingw32/lib/gcc/x86_64-w64-mingw32/16.1.0/../../../../../x86_64-w64-mingw32/lib//../../x86_64-w64-mingw32/lib/libmingw32.a(lib64_libmingw32_a-cinitexe.o)
                0x0000000140004770                __xc_z
                0x0000000140004778                ___crt_xc_end__ = .
                0x0000000140004778                ___crt_xi_start__ = .
 *(SORT_BY_NAME(.CRT$XI*))
 .CRT$XIA       0x0000000140004778        0x8 G:/projects/embedded-development/gcc/bin/../x86_64-w64-mingw32/lib/gcc/x86_64-w64-mingw32/16.1.0/../../../../../x86_64-w64-mingw32/lib//../../x86_64-w64-mingw32/lib/libmingw32.a(lib64_libmingw32_a-cinitexe.o)
                0x0000000140004778                __xi_a
 .CRT$XIZ       0x0000000140004780        0x8 G:/projects/embedded-development/gcc/bin/../x86_64-w64-mingw32/lib/gcc/x86_64-w64-mingw32/16.1.0/../../../../../x86_64-w64-mingw32/lib//../../x86_64-w64-mingw32/lib/libmingw32.a(lib64_libmingw32_a-cinitexe.o)
                0x0000000140004780                __xi_z
                0x0000000140004788                ___crt_xi_end__ = .
                0x0000000140004788                ___crt_xl_start__ = .
 *(SORT_BY_NAME(.CRT$XL*))
 .CRT$XLA       0x0000000140004788        0x8 G:/projects/embedded-development/gcc/bin/../x86_64-w64-mingw32/lib/gcc/x86_64-w64-mingw32/16.1.0/../../../../../x86_64-w64-mingw32/lib//../../x86_64-w64-mingw32/lib/libmingw32.a(lib64_libmingw32_a-tlssup.o)
                0x0000000140004788                __xl_a
 .CRT$XLC       0x0000000140004790        0x8 G:/projects/embedded-development/gcc/bin/../x86_64-w64-mingw32/lib/gcc/x86_64-w64-mingw32/16.1.0/../../../../../x86_64-w64-mingw32/lib//../../x86_64-w64-mingw32/lib/libmingw32.a(lib64_libmingw32_a-tlssup.o)
                0x0000000140004790                __xl_c
 .CRT$XLD       0x0000000140004798        0x8 G:/projects/embedded-development/gcc/bin/../x86_64-w64-mingw32/lib/gcc/x86_64-w64-mingw32/16.1.0/../../../../../x86_64-w64-mingw32/lib//../../x86_64-w64-mingw32/lib/libmingw32.a(lib64_libmingw32_a-tlssup.o)
                0x0000000140004798                __xl_d
 .CRT$XLZ       0x00000001400047a0        0x8 G:/projects/embedded-development/gcc/bin/../x86_64-w64-mingw32/lib/gcc/x86_64-w64-mingw32/16.1.0/../../../../../x86_64-w64-mingw32/lib//../../x86_64-w64-mingw32/lib/libmingw32.a(lib64_libmingw32_a-tlssup.o)
                0x00000001400047a0                __xl_z
                0x00000001400047a8                ___crt_xp_start__ = .
 *(SORT_BY_NAME(.CRT$XP*))
                0x00000001400047a8                ___crt_xp_end__ = .
                0x00000001400047a8                ___crt_xt_start__ = .
 *(SORT_BY_NAME(.CRT$XT*))
                0x00000001400047a8                ___crt_xt_end__ = .
                0x00000001400047a8                ___crt_xd_start__ = .
 *(SORT_BY_NAME(.CRT$XD*))
 .CRT$XDA       0x00000001400047a8        0x8 G:/projects/embedded-development/gcc/bin/../x86_64-w64-mingw32/lib/gcc/x86_64-w64-mingw32/16.1.0/../../../../../x86_64-w64-mingw32/lib//../../x86_64-w64-mingw32/lib/libmingw32.a(lib64_libmingw32_a-tlssup.o)
 .CRT$XDZ       0x00000001400047b0        0x8 G:/projects/embedded-development/gcc/bin/../x86_64-w64-mingw32/lib/gcc/x86_64-w64-mingw32/16.1.0/../../../../../x86_64-w64-mingw32/lib//../../x86_64-w64-mingw32/lib/libmingw32.a(lib64_libmingw32_a-tlssup.o)
                0x00000001400047b8                ___crt_xd_end__ = .
                0x0000000140004740                ___RUNTIME_PSEUDO_RELOC_LIST_END__ = __rt_psrelocs_end
                0x0000000140004740                __RUNTIME_PSEUDO_RELOC_LIST_END__ = __rt_psrelocs_end
                0x0000000140004740                ___RUNTIME_PSEUDO_RELOC_LIST__ = __rt_psrelocs_start
                0x0000000140004740                __RUNTIME_PSEUDO_RELOC_LIST__ = __rt_psrelocs_start

.eh_frame
 *(.eh_frame*)

.pdata          0x0000000140005000      0x400
 *(.pdata*)
 .pdata         0x0000000140005000       0x48 G:/projects/embedded-development/gcc/bin/../x86_64-w64-mingw32/lib/gcc/x86_64-w64-mingw32/16.1.0/../../../../../x86_64-w64-mingw32/lib//../../x86_64-w64-mingw32/lib/crt2.o
 .pdata         0x0000000140005048       0x18 G:/projects/embedded-development/gcc/bin/../x86_64-w64-mingw32/lib/gcc/x86_64-w64-mingw32/16.1.0/crtbegin.o
 .pdata         0x0000000140005060        0xc C:\Users\stsmn\AppData\Local\Temp\ccqDBFQt.o
 .pdata         0x000000014000506c       0x24 G:/projects/embedded-development/gcc/bin/../x86_64-w64-mingw32/lib/gcc/x86_64-w64-mingw32/16.1.0/../../../../../x86_64-w64-mingw32/lib//../../x86_64-w64-mingw32/lib/libmingw32.a(lib64_libmingw32_a-gccmain.o)
 .pdata         0x0000000140005090        0xc G:/projects/embedded-development/gcc/bin/../x86_64-w64-mingw32/lib/gcc/x86_64-w64-mingw32/16.1.0/../../../../../x86_64-w64-mingw32/lib//../../x86_64-w64-mingw32/lib/libmingw32.a(lib64_libmingw32_a-dllargv.o)
 .pdata         0x000000014000509c       0x24 G:/projects/embedded-development/gcc/bin/../x86_64-w64-mingw32/lib/gcc/x86_64-w64-mingw32/16.1.0/../../../../../x86_64-w64-mingw32/lib//../../x86_64-w64-mingw32/lib/libmingw32.a(lib64_libmingw32_a-tlssup.o)
 .pdata         0x00000001400050c0        0xc G:/projects/embedded-development/gcc/bin/../x86_64-w64-mingw32/lib/gcc/x86_64-w64-mingw32/16.1.0/../../../../../x86_64-w64-mingw32/lib//../../x86_64-w64-mingw32/lib/libmingw32.a(lib64_libmingw32_a-merr.o)
 .pdata         0x00000001400050cc       0x24 G:/projects/embedded-development/gcc/bin/../x86_64-w64-mingw32/lib/gcc/x86_64-w64-mingw32/16.1.0/../../../../../x86_64-w64-mingw32/lib//../../x86_64-w64-mingw32/lib/libmingw32.a(lib64_libmingw32_a-pseudo-reloc.o)
 .pdata         0x00000001400050f0       0x18 G:/projects/embedded-development/gcc/bin/../x86_64-w64-mingw32/lib/gcc/x86_64-w64-mingw32/16.1.0/../../../../../x86_64-w64-mingw32/lib//../../x86_64-w64-mingw32/lib/libmingw32.a(lib64_libmingw32_a-usermatherr.o)
 .pdata         0x0000000140005108       0x18 G:/projects/embedded-development/gcc/bin/../x86_64-w64-mingw32/lib/gcc/x86_64-w64-mingw32/16.1.0/../../../../../x86_64-w64-mingw32/lib//../../x86_64-w64-mingw32/lib/libmingw32.a(lib64_libmingw32_a-crt_handler.o)
 .pdata         0x0000000140005120       0x30 G:/projects/embedded-development/gcc/bin/../x86_64-w64-mingw32/lib/gcc/x86_64-w64-mingw32/16.1.0/../../../../../x86_64-w64-mingw32/lib//../../x86_64-w64-mingw32/lib/libmingw32.a(lib64_libmingw32_a-tlsthrd.o)
 .pdata         0x0000000140005150        0xc G:/projects/embedded-development/gcc/bin/../x86_64-w64-mingw32/lib/gcc/x86_64-w64-mingw32/16.1.0/../../../../../x86_64-w64-mingw32/lib//../../x86_64-w64-mingw32/lib/libmingw32.a(lib64_libmingw32_a-CRT_fp10.o)
 .pdata         0x000000014000515c       0x6c G:/projects/embedded-development/gcc/bin/../x86_64-w64-mingw32/lib/gcc/x86_64-w64-mingw32/16.1.0/../../../../../x86_64-w64-mingw32/lib//../../x86_64-w64-mingw32/lib/libmingw32.a(lib64_libmingw32_a-pesect.o)
 .pdata         0x00000001400051c8        0xc G:/projects/embedded-development/gcc/bin/../x86_64-w64-mingw32/lib/gcc/x86_64-w64-mingw32/16.1.0/../../../../../x86_64-w64-mingw32/lib//../../x86_64-w64-mingw32/lib/libmsvcrt.a(lib64_libucrt_extra_a-ucrt_vfprintf.o)
 .pdata         0x00000001400051d4        0xc G:/projects/embedded-development/gcc/bin/../x86_64-w64-mingw32/lib/gcc/x86_64-w64-mingw32/16.1.0/../../../../../x86_64-w64-mingw32/lib//../../x86_64-w64-mingw32/lib/libmsvcrt.a(lib64_libucrt_extra_a-ucrt_fprintf.o)
 .pdata         0x00000001400051e0        0xc G:/projects/embedded-development/gcc/bin/../x86_64-w64-mingw32/lib/gcc/x86_64-w64-mingw32/16.1.0/../../../../../x86_64-w64-mingw32/lib//../../x86_64-w64-mingw32/lib/libmsvcrt.a(lib64_libucrt_extra_a-ucrt___local_stdio_printf_options.o)
 .pdata         0x00000001400051ec        0xc G:/projects/embedded-development/gcc/bin/../x86_64-w64-mingw32/lib/gcc/x86_64-w64-mingw32/16.1.0/../../../../../x86_64-w64-mingw32/lib//../../x86_64-w64-mingw32/lib/libmsvcrt.a(lib64_libucrt_extra_a-__p___initenv.o)
 .pdata         0x00000001400051f8        0xc G:/projects/embedded-development/gcc/bin/../x86_64-w64-mingw32/lib/gcc/x86_64-w64-mingw32/16.1.0/../../../../../x86_64-w64-mingw32/lib//../../x86_64-w64-mingw32/lib/libmsvcrt.a(lib64_libucrt_extra_a-ucrt_amsg_exit.o)
 .pdata         0x0000000140005204        0xc G:/projects/embedded-development/gcc/bin/../x86_64-w64-mingw32/lib/gcc/x86_64-w64-mingw32/16.1.0/../../../../../x86_64-w64-mingw32/lib//../../x86_64-w64-mingw32/lib/libmsvcrt.a(lib64_libucrt_extra_a-ucrt__getmainargs.o)
 .pdata.startup
                0x0000000140005210        0xc G:/projects/embedded-development/gcc/bin/../x86_64-w64-mingw32/lib/gcc/x86_64-w64-mingw32/16.1.0/crtend.o

.xdata          0x0000000140006000      0x200
 *(.xdata*)
 .xdata         0x0000000140006000       0x64 G:/projects/embedded-development/gcc/bin/../x86_64-w64-mingw32/lib/gcc/x86_64-w64-mingw32/16.1.0/../../../../../x86_64-w64-mingw32/lib//../../x86_64-w64-mingw32/lib/crt2.o
 .xdata         0x0000000140006064        0x8 G:/projects/embedded-development/gcc/bin/../x86_64-w64-mingw32/lib/gcc/x86_64-w64-mingw32/16.1.0/crtbegin.o
 .xdata         0x000000014000606c        0xc C:\Users\stsmn\AppData\Local\Temp\ccqDBFQt.o
 .xdata         0x0000000140006078       0x18 G:/projects/embedded-development/gcc/bin/../x86_64-w64-mingw32/lib/gcc/x86_64-w64-mingw32/16.1.0/../../../../../x86_64-w64-mingw32/lib//../../x86_64-w64-mingw32/lib/libmingw32.a(lib64_libmingw32_a-gccmain.o)
 .xdata         0x0000000140006090        0x4 G:/projects/embedded-development/gcc/bin/../x86_64-w64-mingw32/lib/gcc/x86_64-w64-mingw32/16.1.0/../../../../../x86_64-w64-mingw32/lib//../../x86_64-w64-mingw32/lib/libmingw32.a(lib64_libmingw32_a-dllargv.o)
 .xdata         0x0000000140006094       0x14 G:/projects/embedded-development/gcc/bin/../x86_64-w64-mingw32/lib/gcc/x86_64-w64-mingw32/16.1.0/../../../../../x86_64-w64-mingw32/lib//../../x86_64-w64-mingw32/lib/libmingw32.a(lib64_libmingw32_a-tlssup.o)
 .xdata         0x00000001400060a8       0x18 G:/projects/embedded-development/gcc/bin/../x86_64-w64-mingw32/lib/gcc/x86_64-w64-mingw32/16.1.0/../../../../../x86_64-w64-mingw32/lib//../../x86_64-w64-mingw32/lib/libmingw32.a(lib64_libmingw32_a-merr.o)
 .xdata         0x00000001400060c0       0x30 G:/projects/embedded-development/gcc/bin/../x86_64-w64-mingw32/lib/gcc/x86_64-w64-mingw32/16.1.0/../../../../../x86_64-w64-mingw32/lib//../../x86_64-w64-mingw32/lib/libmingw32.a(lib64_libmingw32_a-pseudo-reloc.o)
 .xdata         0x00000001400060f0        0xc G:/projects/embedded-development/gcc/bin/../x86_64-w64-mingw32/lib/gcc/x86_64-w64-mingw32/16.1.0/../../../../../x86_64-w64-mingw32/lib//../../x86_64-w64-mingw32/lib/libmingw32.a(lib64_libmingw32_a-usermatherr.o)
 .xdata         0x00000001400060fc       0x10 G:/projects/embedded-development/gcc/bin/../x86_64-w64-mingw32/lib/gcc/x86_64-w64-mingw32/16.1.0/../../../../../x86_64-w64-mingw32/lib//../../x86_64-w64-mingw32/lib/libmingw32.a(lib64_libmingw32_a-crt_handler.o)
 .xdata         0x000000014000610c       0x28 G:/projects/embedded-development/gcc/bin/../x86_64-w64-mingw32/lib/gcc/x86_64-w64-mingw32/16.1.0/../../../../../x86_64-w64-mingw32/lib//../../x86_64-w64-mingw32/lib/libmingw32.a(lib64_libmingw32_a-tlsthrd.o)
 .xdata         0x0000000140006134        0x4 G:/projects/embedded-development/gcc/bin/../x86_64-w64-mingw32/lib/gcc/x86_64-w64-mingw32/16.1.0/../../../../../x86_64-w64-mingw32/lib//../../x86_64-w64-mingw32/lib/libmingw32.a(lib64_libmingw32_a-CRT_fp10.o)
 .xdata         0x0000000140006138       0x30 G:/projects/embedded-development/gcc/bin/../x86_64-w64-mingw32/lib/gcc/x86_64-w64-mingw32/16.1.0/../../../../../x86_64-w64-mingw32/lib//../../x86_64-w64-mingw32/lib/libmingw32.a(lib64_libmingw32_a-pesect.o)
 .xdata         0x0000000140006168        0xc G:/projects/embedded-development/gcc/bin/../x86_64-w64-mingw32/lib/gcc/x86_64-w64-mingw32/16.1.0/../../../../../x86_64-w64-mingw32/lib//../../x86_64-w64-mingw32/lib/libmsvcrt.a(lib64_libucrt_extra_a-ucrt_vfprintf.o)
 .xdata         0x0000000140006174        0xc G:/projects/embedded-development/gcc/bin/../x86_64-w64-mingw32/lib/gcc/x86_64-w64-mingw32/16.1.0/../../../../../x86_64-w64-mingw32/lib//../../x86_64-w64-mingw32/lib/libmsvcrt.a(lib64_libucrt_extra_a-ucrt_fprintf.o)
 .xdata         0x0000000140006180        0x4 G:/projects/embedded-development/gcc/bin/../x86_64-w64-mingw32/lib/gcc/x86_64-w64-mingw32/16.1.0/../../../../../x86_64-w64-mingw32/lib//../../x86_64-w64-mingw32/lib/libmsvcrt.a(lib64_libucrt_extra_a-ucrt___local_stdio_printf_options.o)
 .xdata         0x0000000140006184        0x4 G:/projects/embedded-development/gcc/bin/../x86_64-w64-mingw32/lib/gcc/x86_64-w64-mingw32/16.1.0/../../../../../x86_64-w64-mingw32/lib//../../x86_64-w64-mingw32/lib/libmsvcrt.a(lib64_libucrt_extra_a-__p___initenv.o)
 .xdata         0x0000000140006188        0x8 G:/projects/embedded-development/gcc/bin/../x86_64-w64-mingw32/lib/gcc/x86_64-w64-mingw32/16.1.0/../../../../../x86_64-w64-mingw32/lib//../../x86_64-w64-mingw32/lib/libmsvcrt.a(lib64_libucrt_extra_a-ucrt_amsg_exit.o)
 .xdata         0x0000000140006190       0x10 G:/projects/embedded-development/gcc/bin/../x86_64-w64-mingw32/lib/gcc/x86_64-w64-mingw32/16.1.0/../../../../../x86_64-w64-mingw32/lib//../../x86_64-w64-mingw32/lib/libmsvcrt.a(lib64_libucrt_extra_a-ucrt__getmainargs.o)
 .xdata.startup
                0x00000001400061a0        0x4 G:/projects/embedded-development/gcc/bin/../x86_64-w64-mingw32/lib/gcc/x86_64-w64-mingw32/16.1.0/crtend.o

.bss            0x0000000140007000      0x180
                0x0000000140007000                __bss_start__ = .
 *(.bss)
 .bss           0x0000000140007000       0x30 G:/projects/embedded-development/gcc/bin/../x86_64-w64-mingw32/lib/gcc/x86_64-w64-mingw32/16.1.0/../../../../../x86_64-w64-mingw32/lib//../../x86_64-w64-mingw32/lib/crt2.o
                0x0000000140007000                __mingw_module_is_dll
 .bss           0x0000000140007030        0x0 G:/projects/embedded-development/gcc/bin/../x86_64-w64-mingw32/lib/gcc/x86_64-w64-mingw32/16.1.0/crtbegin.o
 .bss           0x0000000140007030        0x0 C:\Users\stsmn\AppData\Local\Temp\ccqDBFQt.o
 .bss           0x0000000140007030       0x10 G:/projects/embedded-development/gcc/bin/../x86_64-w64-mingw32/lib/gcc/x86_64-w64-mingw32/16.1.0/../../../../../x86_64-w64-mingw32/lib//../../x86_64-w64-mingw32/lib/libmingw32.a(lib64_libmingw32_a-gccmain.o)
 .bss           0x0000000140007040       0x10 G:/projects/embedded-development/gcc/bin/../x86_64-w64-mingw32/lib/gcc/x86_64-w64-mingw32/16.1.0/../../../../../x86_64-w64-mingw32/lib//../../x86_64-w64-mingw32/lib/libmingw32.a(lib64_libmingw32_a-natstart.o)
                0x0000000140007040                __native_startup_lock
                0x0000000140007048                __native_startup_state
 .bss           0x0000000140007050       0x10 G:/projects/embedded-development/gcc/bin/../x86_64-w64-mingw32/lib/gcc/x86_64-w64-mingw32/16.1.0/../../../../../x86_64-w64-mingw32/lib//../../x86_64-w64-mingw32/lib/libmingw32.a(lib64_libmingw32_a-wildcard.o)
                0x0000000140007050                _dowildcard
 .bss           0x0000000140007060        0x0 G:/projects/embedded-development/gcc/bin/../x86_64-w64-mingw32/lib/gcc/x86_64-w64-mingw32/16.1.0/../../../../../x86_64-w64-mingw32/lib//../../x86_64-w64-mingw32/lib/libmingw32.a(lib64_libmingw32_a-dllargv.o)
 .bss           0x0000000140007060       0x10 G:/projects/embedded-development/gcc/bin/../x86_64-w64-mingw32/lib/gcc/x86_64-w64-mingw32/16.1.0/../../../../../x86_64-w64-mingw32/lib//../../x86_64-w64-mingw32/lib/libmingw32.a(lib64_libmingw32_a-_newmode.o)
                0x0000000140007060                _newmode
 .bss           0x0000000140007070       0x10 G:/projects/embedded-development/gcc/bin/../x86_64-w64-mingw32/lib/gcc/x86_64-w64-mingw32/16.1.0/../../../../../x86_64-w64-mingw32/lib//../../x86_64-w64-mingw32/lib/libmingw32.a(lib64_libmingw32_a-tlssup.o)
                0x0000000140007070                __mingw_initltssuo_force
                0x0000000140007074                __mingw_initltsdyn_force
                0x0000000140007078                __mingw_initltsdrot_force
                0x000000014000707c                _tls_index
 .bss           0x0000000140007080       0x10 G:/projects/embedded-development/gcc/bin/../x86_64-w64-mingw32/lib/gcc/x86_64-w64-mingw32/16.1.0/../../../../../x86_64-w64-mingw32/lib//../../x86_64-w64-mingw32/lib/libmingw32.a(lib64_libmingw32_a-xncommod.o)
                0x0000000140007080                _commode
 .bss           0x0000000140007090        0x0 G:/projects/embedded-development/gcc/bin/../x86_64-w64-mingw32/lib/gcc/x86_64-w64-mingw32/16.1.0/../../../../../x86_64-w64-mingw32/lib//../../x86_64-w64-mingw32/lib/libmingw32.a(lib64_libmingw32_a-cinitexe.o)
 .bss           0x0000000140007090        0x0 G:/projects/embedded-development/gcc/bin/../x86_64-w64-mingw32/lib/gcc/x86_64-w64-mingw32/16.1.0/../../../../../x86_64-w64-mingw32/lib//../../x86_64-w64-mingw32/lib/libmingw32.a(lib64_libmingw32_a-merr.o)
 .bss           0x0000000140007090        0x0 G:/projects/embedded-development/gcc/bin/../x86_64-w64-mingw32/lib/gcc/x86_64-w64-mingw32/16.1.0/../../../../../x86_64-w64-mingw32/lib//../../x86_64-w64-mingw32/lib/libmingw32.a(lib64_libmingw32_a-xthdloc.o)
 .bss           0x0000000140007090       0x10 G:/projects/embedded-development/gcc/bin/../x86_64-w64-mingw32/lib/gcc/x86_64-w64-mingw32/16.1.0/../../../../../x86_64-w64-mingw32/lib//../../x86_64-w64-mingw32/lib/libmingw32.a(lib64_libmingw32_a-mingw_helpers.o)
                0x0000000140007090                __mingw_app_type
 .bss           0x00000001400070a0       0x10 G:/projects/embedded-development/gcc/bin/../x86_64-w64-mingw32/lib/gcc/x86_64-w64-mingw32/16.1.0/../../../../../x86_64-w64-mingw32/lib//../../x86_64-w64-mingw32/lib/libmingw32.a(lib64_libmingw32_a-pseudo-reloc.o)
 .bss           0x00000001400070b0       0x10 G:/projects/embedded-development/gcc/bin/../x86_64-w64-mingw32/lib/gcc/x86_64-w64-mingw32/16.1.0/../../../../../x86_64-w64-mingw32/lib//../../x86_64-w64-mingw32/lib/libmingw32.a(lib64_libmingw32_a-usermatherr.o)
 .bss           0x00000001400070c0       0x10 G:/projects/embedded-development/gcc/bin/../x86_64-w64-mingw32/lib/gcc/x86_64-w64-mingw32/16.1.0/../../../../../x86_64-w64-mingw32/lib//../../x86_64-w64-mingw32/lib/libmingw32.a(lib64_libmingw32_a-xtxtmode.o)
                0x00000001400070c0                _fmode
 .bss           0x00000001400070d0       0x10 G:/projects/embedded-development/gcc/bin/../x86_64-w64-mingw32/lib/gcc/x86_64-w64-mingw32/16.1.0/../../../../../x86_64-w64-mingw32/lib//../../x86_64-w64-mingw32/lib/libmingw32.a(lib64_libmingw32_a-crt_handler.o)
                0x00000001400070d0                __mingw_oldexcpt_handler
 .bss           0x00000001400070e0       0x60 G:/projects/embedded-development/gcc/bin/../x86_64-w64-mingw32/lib/gcc/x86_64-w64-mingw32/16.1.0/../../../../../x86_64-w64-mingw32/lib//../../x86_64-w64-mingw32/lib/libmingw32.a(lib64_libmingw32_a-tlsthrd.o)
 .bss           0x0000000140007140        0x0 G:/projects/embedded-development/gcc/bin/../x86_64-w64-mingw32/lib/gcc/x86_64-w64-mingw32/16.1.0/../../../../../x86_64-w64-mingw32/lib//../../x86_64-w64-mingw32/lib/libmingw32.a(lib64_libmingw32_a-tlsmcrt.o)
 .bss           0x0000000140007140        0x0 G:/projects/embedded-development/gcc/bin/../x86_64-w64-mingw32/lib/gcc/x86_64-w64-mingw32/16.1.0/../../../../../x86_64-w64-mingw32/lib//../../x86_64-w64-mingw32/lib/libmingw32.a(lib64_libmingw32_a-CRT_fp10.o)
 .bss           0x0000000140007140       0x10 G:/projects/embedded-development/gcc/bin/../x86_64-w64-mingw32/lib/gcc/x86_64-w64-mingw32/16.1.0/../../../../../x86_64-w64-mingw32/lib//../../x86_64-w64-mingw32/lib/libmingw32.a(lib64_libmingw32_a-pseudo-reloc-list.o)
 .bss           0x0000000140007150        0x0 G:/projects/embedded-development/gcc/bin/../x86_64-w64-mingw32/lib/gcc/x86_64-w64-mingw32/16.1.0/../../../../../x86_64-w64-mingw32/lib//../../x86_64-w64-mingw32/lib/libmingw32.a(lib64_libmingw32_a-pesect.o)
 .bss           0x0000000140007150        0x0 G:/projects/embedded-development/gcc/bin/../x86_64-w64-mingw32/lib/gcc/x86_64-w64-mingw32/16.1.0/libgcc.a(_chkstk_ms.o)
 .bss           0x0000000140007150       0x20 G:/projects/embedded-development/gcc/bin/../x86_64-w64-mingw32/lib/gcc/x86_64-w64-mingw32/16.1.0/libgcc.a(_ctors.o)
 .bss           0x0000000140007170        0x0 G:/projects/embedded-development/gcc/bin/../x86_64-w64-mingw32/lib/gcc/x86_64-w64-mingw32/16.1.0/../../../../../x86_64-w64-mingw32/lib//../../x86_64-w64-mingw32/lib/libmingwex.a(lib64_libmingwex_a-mingw_matherr.o)
 .bss           0x0000000140007170        0x0 G:/projects/embedded-development/gcc/bin/../x86_64-w64-mingw32/lib/gcc/x86_64-w64-mingw32/16.1.0/../../../../../x86_64-w64-mingw32/lib//../../x86_64-w64-mingw32/lib/libmsvcrt.a(lib64_libucrt_extra_a-ucrt_vfprintf.o)
 .bss           0x0000000140007170        0x0 G:/projects/embedded-development/gcc/bin/../x86_64-w64-mingw32/lib/gcc/x86_64-w64-mingw32/16.1.0/../../../../../x86_64-w64-mingw32/lib//../../x86_64-w64-mingw32/lib/libmsvcrt.a(lib64_libucrt_extra_a-ucrt_fprintf.o)
 .bss           0x0000000140007170        0x0 G:/projects/embedded-development/gcc/bin/../x86_64-w64-mingw32/lib/gcc/x86_64-w64-mingw32/16.1.0/../../../../../x86_64-w64-mingw32/lib//../../x86_64-w64-mingw32/lib/libmsvcrt.a(lib64_libucrt_extra_a-ucrt___local_stdio_printf_options.o)
 .bss           0x0000000140007170        0x0 G:/projects/embedded-development/gcc/bin/../x86_64-w64-mingw32/lib/gcc/x86_64-w64-mingw32/16.1.0/../../../../../x86_64-w64-mingw32/lib//../../x86_64-w64-mingw32/lib/libmsvcrt.a(lib64_libucrt_extra_a-__p___initenv.o)
 .bss           0x0000000140007170        0x0 G:/projects/embedded-development/gcc/bin/../x86_64-w64-mingw32/lib/gcc/x86_64-w64-mingw32/16.1.0/../../../../../x86_64-w64-mingw32/lib//../../x86_64-w64-mingw32/lib/libmsvcrt.a(lib64_libucrt_extra_a-ucrt_amsg_exit.o)
 .bss           0x0000000140007170        0x0 G:/projects/embedded-development/gcc/bin/../x86_64-w64-mingw32/lib/gcc/x86_64-w64-mingw32/16.1.0/../../../../../x86_64-w64-mingw32/lib//../../x86_64-w64-mingw32/lib/libmsvcrt.a(lib64_libucrt_extra_a-ucrt__getmainargs.o)
 .bss           0x0000000140007170        0x0 G:/projects/embedded-development/gcc/bin/../x86_64-w64-mingw32/lib/gcc/x86_64-w64-mingw32/16.1.0/../../../../../x86_64-w64-mingw32/lib//../../x86_64-w64-mingw32/lib/libmsvcrt.a(libapi-ms-win-crt-string-l1-1-0s00129.o)
 .bss           0x0000000140007170        0x0 G:/projects/embedded-development/gcc/bin/../x86_64-w64-mingw32/lib/gcc/x86_64-w64-mingw32/16.1.0/../../../../../x86_64-w64-mingw32/lib//../../x86_64-w64-mingw32/lib/libmsvcrt.a(libapi-ms-win-crt-string-l1-1-0s00132.o)
 .bss           0x0000000140007170        0x0 G:/projects/embedded-development/gcc/bin/../x86_64-w64-mingw32/lib/gcc/x86_64-w64-mingw32/16.1.0/../../../../../x86_64-w64-mingw32/lib//../../x86_64-w64-mingw32/lib/libmsvcrt.a(libapi-ms-win-crt-string-l1-1-0h.o)
 .bss           0x0000000140007170        0x0 G:/projects/embedded-development/gcc/bin/../x86_64-w64-mingw32/lib/gcc/x86_64-w64-mingw32/16.1.0/../../../../../x86_64-w64-mingw32/lib//../../x86_64-w64-mingw32/lib/libmsvcrt.a(libapi-ms-win-crt-string-l1-1-0t.o)